Archive member included to satisfy reference by file (symbol)

c:/program files (x86)/atmel/studio/7.0/toolchain/avr8/avr8-gnu-toolchain/bin/../lib/gcc/avr/5.4.0/../../../../avr/lib/avr5\libm.a(fixunssfsi.o)
                              Sketch.o (__fixunssfsi)
c:/program files (x86)/atmel/studio/7.0/toolchain/avr8/avr8-gnu-toolchain/bin/../lib/gcc/avr/5.4.0/../../../../avr/lib/avr5\libm.a(floatsisf.o)
                              Sketch.o (__floatunsisf)
c:/program files (x86)/atmel/studio/7.0/toolchain/avr8/avr8-gnu-toolchain/bin/../lib/gcc/avr/5.4.0/../../../../avr/lib/avr5\libm.a(fp_split3.o)
                              c:/program files (x86)/atmel/studio/7.0/toolchain/avr8/avr8-gnu-toolchain/bin/../lib/gcc/avr/5.4.0/../../../../avr/lib/avr5\libm.a(fixunssfsi.o) (__fp_splitA)
c:/program files (x86)/atmel/studio/7.0/toolchain/avr8/avr8-gnu-toolchain/bin/../lib/gcc/avr/5.4.0/../../../../avr/lib/avr5\libm.a(fp_zero.o)
                              c:/program files (x86)/atmel/studio/7.0/toolchain/avr8/avr8-gnu-toolchain/bin/../lib/gcc/avr/5.4.0/../../../../avr/lib/avr5\libm.a(fixunssfsi.o) (__fp_zero)
c:/program files (x86)/atmel/studio/7.0/toolchain/avr8/avr8-gnu-toolchain/bin/../lib/gcc/avr/5.4.0/../../../../avr/lib/avr5\libm.a(mulsf3.o)
                              Sketch.o (__mulsf3)
c:/program files (x86)/atmel/studio/7.0/toolchain/avr8/avr8-gnu-toolchain/bin/../lib/gcc/avr/5.4.0/../../../../avr/lib/avr5\libm.a(mulsf3x.o)
                              c:/program files (x86)/atmel/studio/7.0/toolchain/avr8/avr8-gnu-toolchain/bin/../lib/gcc/avr/5.4.0/../../../../avr/lib/avr5\libm.a(mulsf3.o) (__mulsf3x)
c:/program files (x86)/atmel/studio/7.0/toolchain/avr8/avr8-gnu-toolchain/bin/../lib/gcc/avr/5.4.0/../../../../avr/lib/avr5\libm.a(fp_inf.o)
                              c:/program files (x86)/atmel/studio/7.0/toolchain/avr8/avr8-gnu-toolchain/bin/../lib/gcc/avr/5.4.0/../../../../avr/lib/avr5\libm.a(mulsf3x.o) (__fp_inf)
c:/program files (x86)/atmel/studio/7.0/toolchain/avr8/avr8-gnu-toolchain/bin/../lib/gcc/avr/5.4.0/../../../../avr/lib/avr5\libm.a(fp_nan.o)
                              c:/program files (x86)/atmel/studio/7.0/toolchain/avr8/avr8-gnu-toolchain/bin/../lib/gcc/avr/5.4.0/../../../../avr/lib/avr5\libm.a(mulsf3x.o) (__fp_nan)
c:/program files (x86)/atmel/studio/7.0/toolchain/avr8/avr8-gnu-toolchain/bin/../lib/gcc/avr/5.4.0/../../../../avr/lib/avr5\libm.a(fp_pscA.o)
                              c:/program files (x86)/atmel/studio/7.0/toolchain/avr8/avr8-gnu-toolchain/bin/../lib/gcc/avr/5.4.0/../../../../avr/lib/avr5\libm.a(mulsf3x.o) (__fp_pscA)
c:/program files (x86)/atmel/studio/7.0/toolchain/avr8/avr8-gnu-toolchain/bin/../lib/gcc/avr/5.4.0/../../../../avr/lib/avr5\libm.a(fp_pscB.o)
                              c:/program files (x86)/atmel/studio/7.0/toolchain/avr8/avr8-gnu-toolchain/bin/../lib/gcc/avr/5.4.0/../../../../avr/lib/avr5\libm.a(mulsf3x.o) (__fp_pscB)
c:/program files (x86)/atmel/studio/7.0/toolchain/avr8/avr8-gnu-toolchain/bin/../lib/gcc/avr/5.4.0/../../../../avr/lib/avr5\libm.a(fp_round.o)
                              c:/program files (x86)/atmel/studio/7.0/toolchain/avr8/avr8-gnu-toolchain/bin/../lib/gcc/avr/5.4.0/../../../../avr/lib/avr5\libm.a(mulsf3.o) (__fp_round)
E:\mes documents\GitHub\Projet-Kart\Kart - Atmel\kart\kart\ArduinoCore\Debug\libArduinoCore.a(HardwareSerial.o)
                              Sketch.o (_ZN14HardwareSerial5writeEh)
E:\mes documents\GitHub\Projet-Kart\Kart - Atmel\kart\kart\ArduinoCore\Debug\libArduinoCore.a(HardwareSerial0.o)
                              Sketch.o (Serial)
E:\mes documents\GitHub\Projet-Kart\Kart - Atmel\kart\kart\ArduinoCore\Debug\libArduinoCore.a(main.o)
                              C:/Program Files (x86)/Atmel/Studio/7.0/Packs/atmel/ATmega_DFP/1.2.150/gcc/dev/atmega328p/avr5/crtatmega328p.o (main)
E:\mes documents\GitHub\Projet-Kart\Kart - Atmel\kart\kart\ArduinoCore\Debug\libArduinoCore.a(Print.o)
                              E:\mes documents\GitHub\Projet-Kart\Kart - Atmel\kart\kart\ArduinoCore\Debug\libArduinoCore.a(HardwareSerial.o) (_ZN5Print5writeEPKhj)
E:\mes documents\GitHub\Projet-Kart\Kart - Atmel\kart\kart\ArduinoCore\Debug\libArduinoCore.a(wiring.o)
                              Sketch.o (millis)
E:\mes documents\GitHub\Projet-Kart\Kart - Atmel\kart\kart\ArduinoCore\Debug\libArduinoCore.a(wiring_digital.o)
                              Sketch.o (pinMode)
E:\mes documents\GitHub\Projet-Kart\Kart - Atmel\kart\kart\ArduinoCore\Debug\libArduinoCore.a(abi.o)
                              E:\mes documents\GitHub\Projet-Kart\Kart - Atmel\kart\kart\ArduinoCore\Debug\libArduinoCore.a(Print.o) (__cxa_pure_virtual)
E:\mes documents\GitHub\Projet-Kart\Kart - Atmel\kart\kart\ArduinoCore\Debug\libArduinoCore.a(hooks.o)
                              E:\mes documents\GitHub\Projet-Kart\Kart - Atmel\kart\kart\ArduinoCore\Debug\libArduinoCore.a(wiring.o) (yield)
c:/program files (x86)/atmel/studio/7.0/toolchain/avr8/avr8-gnu-toolchain/bin/../lib/gcc/avr/5.4.0/../../../../avr/lib/avr5\libm.a(addsf3.o)
                              E:\mes documents\GitHub\Projet-Kart\Kart - Atmel\kart\kart\ArduinoCore\Debug\libArduinoCore.a(Print.o) (__subsf3)
c:/program files (x86)/atmel/studio/7.0/toolchain/avr8/avr8-gnu-toolchain/bin/../lib/gcc/avr/5.4.0/../../../../avr/lib/avr5\libm.a(addsf3x.o)
                              c:/program files (x86)/atmel/studio/7.0/toolchain/avr8/avr8-gnu-toolchain/bin/../lib/gcc/avr/5.4.0/../../../../avr/lib/avr5\libm.a(addsf3.o) (__addsf3x)
c:/program files (x86)/atmel/studio/7.0/toolchain/avr8/avr8-gnu-toolchain/bin/../lib/gcc/avr/5.4.0/../../../../avr/lib/avr5\libm.a(cmpsf2.o)
                              E:\mes documents\GitHub\Projet-Kart\Kart - Atmel\kart\kart\ArduinoCore\Debug\libArduinoCore.a(Print.o) (__ltsf2)
c:/program files (x86)/atmel/studio/7.0/toolchain/avr8/avr8-gnu-toolchain/bin/../lib/gcc/avr/5.4.0/../../../../avr/lib/avr5\libm.a(divsf3.o)
                              E:\mes documents\GitHub\Projet-Kart\Kart - Atmel\kart\kart\ArduinoCore\Debug\libArduinoCore.a(Print.o) (__divsf3)
c:/program files (x86)/atmel/studio/7.0/toolchain/avr8/avr8-gnu-toolchain/bin/../lib/gcc/avr/5.4.0/../../../../avr/lib/avr5\libm.a(divsf3x.o)
                              c:/program files (x86)/atmel/studio/7.0/toolchain/avr8/avr8-gnu-toolchain/bin/../lib/gcc/avr/5.4.0/../../../../avr/lib/avr5\libm.a(divsf3.o) (__divsf3x)
c:/program files (x86)/atmel/studio/7.0/toolchain/avr8/avr8-gnu-toolchain/bin/../lib/gcc/avr/5.4.0/../../../../avr/lib/avr5\libm.a(fp_cmp.o)
                              c:/program files (x86)/atmel/studio/7.0/toolchain/avr8/avr8-gnu-toolchain/bin/../lib/gcc/avr/5.4.0/../../../../avr/lib/avr5\libm.a(cmpsf2.o) (__fp_cmp)
c:/program files (x86)/atmel/studio/7.0/toolchain/avr8/avr8-gnu-toolchain/bin/../lib/gcc/avr/5.4.0/../../../../avr/lib/avr5\libm.a(gesf2.o)
                              E:\mes documents\GitHub\Projet-Kart\Kart - Atmel\kart\kart\ArduinoCore\Debug\libArduinoCore.a(Print.o) (__gtsf2)
c:/program files (x86)/atmel/studio/7.0/toolchain/avr8/avr8-gnu-toolchain/bin/../lib/gcc/avr/5.4.0/../../../../avr/lib/avr5\libm.a(unordsf2.o)
                              E:\mes documents\GitHub\Projet-Kart\Kart - Atmel\kart\kart\ArduinoCore\Debug\libArduinoCore.a(Print.o) (__unordsf2)
c:/program files (x86)/atmel/studio/7.0/toolchain/avr8/avr8-gnu-toolchain/bin/../lib/gcc/avr/5.4.0/avr5\libgcc.a(_udivmodsi4.o)
                              E:\mes documents\GitHub\Projet-Kart\Kart - Atmel\kart\kart\ArduinoCore\Debug\libArduinoCore.a(HardwareSerial.o) (__udivmodsi4)
c:/program files (x86)/atmel/studio/7.0/toolchain/avr8/avr8-gnu-toolchain/bin/../lib/gcc/avr/5.4.0/avr5\libgcc.a(_exit.o)
                              C:/Program Files (x86)/Atmel/Studio/7.0/Packs/atmel/ATmega_DFP/1.2.150/gcc/dev/atmega328p/avr5/crtatmega328p.o (exit)
c:/program files (x86)/atmel/studio/7.0/toolchain/avr8/avr8-gnu-toolchain/bin/../lib/gcc/avr/5.4.0/avr5\libgcc.a(_copy_data.o)
                              E:\mes documents\GitHub\Projet-Kart\Kart - Atmel\kart\kart\ArduinoCore\Debug\libArduinoCore.a(HardwareSerial.o) (__do_copy_data)
c:/program files (x86)/atmel/studio/7.0/toolchain/avr8/avr8-gnu-toolchain/bin/../lib/gcc/avr/5.4.0/avr5\libgcc.a(_clear_bss.o)
                              Sketch.o (__do_clear_bss)
c:/program files (x86)/atmel/studio/7.0/toolchain/avr8/avr8-gnu-toolchain/bin/../lib/gcc/avr/5.4.0/avr5\libgcc.a(_ctors.o)
                              E:\mes documents\GitHub\Projet-Kart\Kart - Atmel\kart\kart\ArduinoCore\Debug\libArduinoCore.a(HardwareSerial0.o) (__do_global_ctors)
c:/program files (x86)/atmel/studio/7.0/toolchain/avr8/avr8-gnu-toolchain/bin/../lib/gcc/avr/5.4.0/avr5\libgcc.a(_tablejump2.o)
                              c:/program files (x86)/atmel/studio/7.0/toolchain/avr8/avr8-gnu-toolchain/bin/../lib/gcc/avr/5.4.0/avr5\libgcc.a(_ctors.o) (__tablejump2__)
c:/program files (x86)/atmel/studio/7.0/toolchain/avr8/avr8-gnu-toolchain/bin/../lib/gcc/avr/5.4.0/../../../../avr/lib/avr5\libc.a(abort.o)
                              E:\mes documents\GitHub\Projet-Kart\Kart - Atmel\kart\kart\ArduinoCore\Debug\libArduinoCore.a(abi.o) (abort)

Discarded input sections

 .data          0x00000000        0x0 C:/Program Files (x86)/Atmel/Studio/7.0/Packs/atmel/ATmega_DFP/1.2.150/gcc/dev/atmega328p/avr5/crtatmega328p.o
 .bss           0x00000000        0x0 C:/Program Files (x86)/Atmel/Studio/7.0/Packs/atmel/ATmega_DFP/1.2.150/gcc/dev/atmega328p/avr5/crtatmega328p.o
 .text          0x00000000        0x0 Sketch.o
 .data          0x00000000        0x0 Sketch.o
 .bss           0x00000000        0x0 Sketch.o
 .text._Z16disableInterrupth
                0x00000000      0x102 Sketch.o
 .text._Z16EI_SerialPrint_PPKc
                0x00000000       0x20 Sketch.o
 .bss.NbTourParHeure
                0x00000000        0x2 Sketch.o
 .bss.NbTourParSec
                0x00000000        0x4 Sketch.o
 .text          0x00000000        0x0 c:/program files (x86)/atmel/studio/7.0/toolchain/avr8/avr8-gnu-toolchain/bin/../lib/gcc/avr/5.4.0/../../../../avr/lib/avr5\libm.a(fixunssfsi.o)
 .data          0x00000000        0x0 c:/program files (x86)/atmel/studio/7.0/toolchain/avr8/avr8-gnu-toolchain/bin/../lib/gcc/avr/5.4.0/../../../../avr/lib/avr5\libm.a(fixunssfsi.o)
 .bss           0x00000000        0x0 c:/program files (x86)/atmel/studio/7.0/toolchain/avr8/avr8-gnu-toolchain/bin/../lib/gcc/avr/5.4.0/../../../../avr/lib/avr5\libm.a(fixunssfsi.o)
 .text          0x00000000        0x0 c:/program files (x86)/atmel/studio/7.0/toolchain/avr8/avr8-gnu-toolchain/bin/../lib/gcc/avr/5.4.0/../../../../avr/lib/avr5\libm.a(floatsisf.o)
 .data          0x00000000        0x0 c:/program files (x86)/atmel/studio/7.0/toolchain/avr8/avr8-gnu-toolchain/bin/../lib/gcc/avr/5.4.0/../../../../avr/lib/avr5\libm.a(floatsisf.o)
 .bss           0x00000000        0x0 c:/program files (x86)/atmel/studio/7.0/toolchain/avr8/avr8-gnu-toolchain/bin/../lib/gcc/avr/5.4.0/../../../../avr/lib/avr5\libm.a(floatsisf.o)
 .text          0x00000000        0x0 c:/program files (x86)/atmel/studio/7.0/toolchain/avr8/avr8-gnu-toolchain/bin/../lib/gcc/avr/5.4.0/../../../../avr/lib/avr5\libm.a(fp_split3.o)
 .data          0x00000000        0x0 c:/program files (x86)/atmel/studio/7.0/toolchain/avr8/avr8-gnu-toolchain/bin/../lib/gcc/avr/5.4.0/../../../../avr/lib/avr5\libm.a(fp_split3.o)
 .bss           0x00000000        0x0 c:/program files (x86)/atmel/studio/7.0/toolchain/avr8/avr8-gnu-toolchain/bin/../lib/gcc/avr/5.4.0/../../../../avr/lib/avr5\libm.a(fp_split3.o)
 .text          0x00000000        0x0 c:/program files (x86)/atmel/studio/7.0/toolchain/avr8/avr8-gnu-toolchain/bin/../lib/gcc/avr/5.4.0/../../../../avr/lib/avr5\libm.a(fp_zero.o)
 .data          0x00000000        0x0 c:/program files (x86)/atmel/studio/7.0/toolchain/avr8/avr8-gnu-toolchain/bin/../lib/gcc/avr/5.4.0/../../../../avr/lib/avr5\libm.a(fp_zero.o)
 .bss           0x00000000        0x0 c:/program files (x86)/atmel/studio/7.0/toolchain/avr8/avr8-gnu-toolchain/bin/../lib/gcc/avr/5.4.0/../../../../avr/lib/avr5\libm.a(fp_zero.o)
 .text          0x00000000        0x0 c:/program files (x86)/atmel/studio/7.0/toolchain/avr8/avr8-gnu-toolchain/bin/../lib/gcc/avr/5.4.0/../../../../avr/lib/avr5\libm.a(mulsf3.o)
 .data          0x00000000        0x0 c:/program files (x86)/atmel/studio/7.0/toolchain/avr8/avr8-gnu-toolchain/bin/../lib/gcc/avr/5.4.0/../../../../avr/lib/avr5\libm.a(mulsf3.o)
 .bss           0x00000000        0x0 c:/program files (x86)/atmel/studio/7.0/toolchain/avr8/avr8-gnu-toolchain/bin/../lib/gcc/avr/5.4.0/../../../../avr/lib/avr5\libm.a(mulsf3.o)
 .text          0x00000000        0x0 c:/program files (x86)/atmel/studio/7.0/toolchain/avr8/avr8-gnu-toolchain/bin/../lib/gcc/avr/5.4.0/../../../../avr/lib/avr5\libm.a(mulsf3x.o)
 .data          0x00000000        0x0 c:/program files (x86)/atmel/studio/7.0/toolchain/avr8/avr8-gnu-toolchain/bin/../lib/gcc/avr/5.4.0/../../../../avr/lib/avr5\libm.a(mulsf3x.o)
 .bss           0x00000000        0x0 c:/program files (x86)/atmel/studio/7.0/toolchain/avr8/avr8-gnu-toolchain/bin/../lib/gcc/avr/5.4.0/../../../../avr/lib/avr5\libm.a(mulsf3x.o)
 .text          0x00000000        0x0 c:/program files (x86)/atmel/studio/7.0/toolchain/avr8/avr8-gnu-toolchain/bin/../lib/gcc/avr/5.4.0/../../../../avr/lib/avr5\libm.a(fp_inf.o)
 .data          0x00000000        0x0 c:/program files (x86)/atmel/studio/7.0/toolchain/avr8/avr8-gnu-toolchain/bin/../lib/gcc/avr/5.4.0/../../../../avr/lib/avr5\libm.a(fp_inf.o)
 .bss           0x00000000        0x0 c:/program files (x86)/atmel/studio/7.0/toolchain/avr8/avr8-gnu-toolchain/bin/../lib/gcc/avr/5.4.0/../../../../avr/lib/avr5\libm.a(fp_inf.o)
 .text          0x00000000        0x0 c:/program files (x86)/atmel/studio/7.0/toolchain/avr8/avr8-gnu-toolchain/bin/../lib/gcc/avr/5.4.0/../../../../avr/lib/avr5\libm.a(fp_nan.o)
 .data          0x00000000        0x0 c:/program files (x86)/atmel/studio/7.0/toolchain/avr8/avr8-gnu-toolchain/bin/../lib/gcc/avr/5.4.0/../../../../avr/lib/avr5\libm.a(fp_nan.o)
 .bss           0x00000000        0x0 c:/program files (x86)/atmel/studio/7.0/toolchain/avr8/avr8-gnu-toolchain/bin/../lib/gcc/avr/5.4.0/../../../../avr/lib/avr5\libm.a(fp_nan.o)
 .text          0x00000000        0x0 c:/program files (x86)/atmel/studio/7.0/toolchain/avr8/avr8-gnu-toolchain/bin/../lib/gcc/avr/5.4.0/../../../../avr/lib/avr5\libm.a(fp_pscA.o)
 .data          0x00000000        0x0 c:/program files (x86)/atmel/studio/7.0/toolchain/avr8/avr8-gnu-toolchain/bin/../lib/gcc/avr/5.4.0/../../../../avr/lib/avr5\libm.a(fp_pscA.o)
 .bss           0x00000000        0x0 c:/program files (x86)/atmel/studio/7.0/toolchain/avr8/avr8-gnu-toolchain/bin/../lib/gcc/avr/5.4.0/../../../../avr/lib/avr5\libm.a(fp_pscA.o)
 .text          0x00000000        0x0 c:/program files (x86)/atmel/studio/7.0/toolchain/avr8/avr8-gnu-toolchain/bin/../lib/gcc/avr/5.4.0/../../../../avr/lib/avr5\libm.a(fp_pscB.o)
 .data          0x00000000        0x0 c:/program files (x86)/atmel/studio/7.0/toolchain/avr8/avr8-gnu-toolchain/bin/../lib/gcc/avr/5.4.0/../../../../avr/lib/avr5\libm.a(fp_pscB.o)
 .bss           0x00000000        0x0 c:/program files (x86)/atmel/studio/7.0/toolchain/avr8/avr8-gnu-toolchain/bin/../lib/gcc/avr/5.4.0/../../../../avr/lib/avr5\libm.a(fp_pscB.o)
 .text          0x00000000        0x0 c:/program files (x86)/atmel/studio/7.0/toolchain/avr8/avr8-gnu-toolchain/bin/../lib/gcc/avr/5.4.0/../../../../avr/lib/avr5\libm.a(fp_round.o)
 .data          0x00000000        0x0 c:/program files (x86)/atmel/studio/7.0/toolchain/avr8/avr8-gnu-toolchain/bin/../lib/gcc/avr/5.4.0/../../../../avr/lib/avr5\libm.a(fp_round.o)
 .bss           0x00000000        0x0 c:/program files (x86)/atmel/studio/7.0/toolchain/avr8/avr8-gnu-toolchain/bin/../lib/gcc/avr/5.4.0/../../../../avr/lib/avr5\libm.a(fp_round.o)
 .group         0x00000000        0x8 E:\mes documents\GitHub\Projet-Kart\Kart - Atmel\kart\kart\ArduinoCore\Debug\libArduinoCore.a(HardwareSerial.o)
 .text          0x00000000        0x0 E:\mes documents\GitHub\Projet-Kart\Kart - Atmel\kart\kart\ArduinoCore\Debug\libArduinoCore.a(HardwareSerial.o)
 .data          0x00000000        0x0 E:\mes documents\GitHub\Projet-Kart\Kart - Atmel\kart\kart\ArduinoCore\Debug\libArduinoCore.a(HardwareSerial.o)
 .bss           0x00000000        0x0 E:\mes documents\GitHub\Projet-Kart\Kart - Atmel\kart\kart\ArduinoCore\Debug\libArduinoCore.a(HardwareSerial.o)
 .text._ZN14HardwareSerial3endEv
                0x00000000       0x44 E:\mes documents\GitHub\Projet-Kart\Kart - Atmel\kart\kart\ArduinoCore\Debug\libArduinoCore.a(HardwareSerial.o)
 .group         0x00000000        0x8 E:\mes documents\GitHub\Projet-Kart\Kart - Atmel\kart\kart\ArduinoCore\Debug\libArduinoCore.a(HardwareSerial0.o)
 .group         0x00000000        0x8 E:\mes documents\GitHub\Projet-Kart\Kart - Atmel\kart\kart\ArduinoCore\Debug\libArduinoCore.a(HardwareSerial0.o)
 .text          0x00000000        0x0 E:\mes documents\GitHub\Projet-Kart\Kart - Atmel\kart\kart\ArduinoCore\Debug\libArduinoCore.a(HardwareSerial0.o)
 .data          0x00000000        0x0 E:\mes documents\GitHub\Projet-Kart\Kart - Atmel\kart\kart\ArduinoCore\Debug\libArduinoCore.a(HardwareSerial0.o)
 .bss           0x00000000        0x0 E:\mes documents\GitHub\Projet-Kart\Kart - Atmel\kart\kart\ArduinoCore\Debug\libArduinoCore.a(HardwareSerial0.o)
 .text._ZN5Print17availableForWriteEv
                0x00000000        0x6 E:\mes documents\GitHub\Projet-Kart\Kart - Atmel\kart\kart\ArduinoCore\Debug\libArduinoCore.a(HardwareSerial0.o)
 .text._ZN5Print5flushEv
                0x00000000        0x2 E:\mes documents\GitHub\Projet-Kart\Kart - Atmel\kart\kart\ArduinoCore\Debug\libArduinoCore.a(HardwareSerial0.o)
 .text          0x00000000        0x0 E:\mes documents\GitHub\Projet-Kart\Kart - Atmel\kart\kart\ArduinoCore\Debug\libArduinoCore.a(main.o)
 .data          0x00000000        0x0 E:\mes documents\GitHub\Projet-Kart\Kart - Atmel\kart\kart\ArduinoCore\Debug\libArduinoCore.a(main.o)
 .bss           0x00000000        0x0 E:\mes documents\GitHub\Projet-Kart\Kart - Atmel\kart\kart\ArduinoCore\Debug\libArduinoCore.a(main.o)
 .text.atexit   0x00000000        0x6 E:\mes documents\GitHub\Projet-Kart\Kart - Atmel\kart\kart\ArduinoCore\Debug\libArduinoCore.a(main.o)
 .text._Z8setupUSBv
                0x00000000        0x2 E:\mes documents\GitHub\Projet-Kart\Kart - Atmel\kart\kart\ArduinoCore\Debug\libArduinoCore.a(main.o)
 .group         0x00000000        0x8 E:\mes documents\GitHub\Projet-Kart\Kart - Atmel\kart\kart\ArduinoCore\Debug\libArduinoCore.a(Print.o)
 .group         0x00000000        0x8 E:\mes documents\GitHub\Projet-Kart\Kart - Atmel\kart\kart\ArduinoCore\Debug\libArduinoCore.a(Print.o)
 .group         0x00000000        0x8 E:\mes documents\GitHub\Projet-Kart\Kart - Atmel\kart\kart\ArduinoCore\Debug\libArduinoCore.a(Print.o)
 .group         0x00000000        0x8 E:\mes documents\GitHub\Projet-Kart\Kart - Atmel\kart\kart\ArduinoCore\Debug\libArduinoCore.a(Print.o)
 .text          0x00000000        0x0 E:\mes documents\GitHub\Projet-Kart\Kart - Atmel\kart\kart\ArduinoCore\Debug\libArduinoCore.a(Print.o)
 .data          0x00000000        0x0 E:\mes documents\GitHub\Projet-Kart\Kart - Atmel\kart\kart\ArduinoCore\Debug\libArduinoCore.a(Print.o)
 .bss           0x00000000        0x0 E:\mes documents\GitHub\Projet-Kart\Kart - Atmel\kart\kart\ArduinoCore\Debug\libArduinoCore.a(Print.o)
 .text._ZN5Print17availableForWriteEv
                0x00000000        0x6 E:\mes documents\GitHub\Projet-Kart\Kart - Atmel\kart\kart\ArduinoCore\Debug\libArduinoCore.a(Print.o)
 .text._ZN5Print5flushEv
                0x00000000        0x2 E:\mes documents\GitHub\Projet-Kart\Kart - Atmel\kart\kart\ArduinoCore\Debug\libArduinoCore.a(Print.o)
 .text._ZN5Print5writeEPKc
                0x00000000       0x2a E:\mes documents\GitHub\Projet-Kart\Kart - Atmel\kart\kart\ArduinoCore\Debug\libArduinoCore.a(Print.o)
 .text._ZN5Print5printEPK19__FlashStringHelper
                0x00000000       0x48 E:\mes documents\GitHub\Projet-Kart\Kart - Atmel\kart\kart\ArduinoCore\Debug\libArduinoCore.a(Print.o)
 .text._ZN5Print5printERK6String
                0x00000000       0x1c E:\mes documents\GitHub\Projet-Kart\Kart - Atmel\kart\kart\ArduinoCore\Debug\libArduinoCore.a(Print.o)
 .text._ZN5Print5printEPKc
                0x00000000        0x4 E:\mes documents\GitHub\Projet-Kart\Kart - Atmel\kart\kart\ArduinoCore\Debug\libArduinoCore.a(Print.o)
 .text._ZN5Print5printEc
                0x00000000        0xe E:\mes documents\GitHub\Projet-Kart\Kart - Atmel\kart\kart\ArduinoCore\Debug\libArduinoCore.a(Print.o)
 .text._ZN5Print5printERK9Printable
                0x00000000       0x14 E:\mes documents\GitHub\Projet-Kart\Kart - Atmel\kart\kart\ArduinoCore\Debug\libArduinoCore.a(Print.o)
 .rodata.str1.1
                0x00000000        0xf E:\mes documents\GitHub\Projet-Kart\Kart - Atmel\kart\kart\ArduinoCore\Debug\libArduinoCore.a(Print.o)
 .text._ZN5Print7printlnEv
                0x00000000        0x8 E:\mes documents\GitHub\Projet-Kart\Kart - Atmel\kart\kart\ArduinoCore\Debug\libArduinoCore.a(Print.o)
 .text._ZN5Print7printlnEPK19__FlashStringHelper
                0x00000000       0x24 E:\mes documents\GitHub\Projet-Kart\Kart - Atmel\kart\kart\ArduinoCore\Debug\libArduinoCore.a(Print.o)
 .text._ZN5Print7printlnERK6String
                0x00000000       0x24 E:\mes documents\GitHub\Projet-Kart\Kart - Atmel\kart\kart\ArduinoCore\Debug\libArduinoCore.a(Print.o)
 .text._ZN5Print7printlnEPKc
                0x00000000       0x24 E:\mes documents\GitHub\Projet-Kart\Kart - Atmel\kart\kart\ArduinoCore\Debug\libArduinoCore.a(Print.o)
 .text._ZN5Print7printlnEc
                0x00000000       0x24 E:\mes documents\GitHub\Projet-Kart\Kart - Atmel\kart\kart\ArduinoCore\Debug\libArduinoCore.a(Print.o)
 .text._ZN5Print7printlnERK9Printable
                0x00000000       0x24 E:\mes documents\GitHub\Projet-Kart\Kart - Atmel\kart\kart\ArduinoCore\Debug\libArduinoCore.a(Print.o)
 .text._ZN5Print11printNumberEmh
                0x00000000       0x92 E:\mes documents\GitHub\Projet-Kart\Kart - Atmel\kart\kart\ArduinoCore\Debug\libArduinoCore.a(Print.o)
 .text._ZN5Print5printEmi
                0x00000000       0x1a E:\mes documents\GitHub\Projet-Kart\Kart - Atmel\kart\kart\ArduinoCore\Debug\libArduinoCore.a(Print.o)
 .text._ZN5Print5printEhi
                0x00000000        0xe E:\mes documents\GitHub\Projet-Kart\Kart - Atmel\kart\kart\ArduinoCore\Debug\libArduinoCore.a(Print.o)
 .text._ZN5Print7printlnEhi
                0x00000000       0x24 E:\mes documents\GitHub\Projet-Kart\Kart - Atmel\kart\kart\ArduinoCore\Debug\libArduinoCore.a(Print.o)
 .text._ZN5Print5printEji
                0x00000000        0xc E:\mes documents\GitHub\Projet-Kart\Kart - Atmel\kart\kart\ArduinoCore\Debug\libArduinoCore.a(Print.o)
 .text._ZN5Print7printlnEji
                0x00000000       0x24 E:\mes documents\GitHub\Projet-Kart\Kart - Atmel\kart\kart\ArduinoCore\Debug\libArduinoCore.a(Print.o)
 .text._ZN5Print7printlnEmi
                0x00000000       0x24 E:\mes documents\GitHub\Projet-Kart\Kart - Atmel\kart\kart\ArduinoCore\Debug\libArduinoCore.a(Print.o)
 .text._ZN5Print5printEli
                0x00000000       0x90 E:\mes documents\GitHub\Projet-Kart\Kart - Atmel\kart\kart\ArduinoCore\Debug\libArduinoCore.a(Print.o)
 .text._ZN5Print5printEii
                0x00000000        0xe E:\mes documents\GitHub\Projet-Kart\Kart - Atmel\kart\kart\ArduinoCore\Debug\libArduinoCore.a(Print.o)
 .text._ZN5Print7printlnEii
                0x00000000       0x24 E:\mes documents\GitHub\Projet-Kart\Kart - Atmel\kart\kart\ArduinoCore\Debug\libArduinoCore.a(Print.o)
 .text._ZN5Print7printlnEli
                0x00000000       0x24 E:\mes documents\GitHub\Projet-Kart\Kart - Atmel\kart\kart\ArduinoCore\Debug\libArduinoCore.a(Print.o)
 .text._ZN5Print10printFloatEdh
                0x00000000      0x1b6 E:\mes documents\GitHub\Projet-Kart\Kart - Atmel\kart\kart\ArduinoCore\Debug\libArduinoCore.a(Print.o)
 .text._ZN5Print5printEdi
                0x00000000        0x4 E:\mes documents\GitHub\Projet-Kart\Kart - Atmel\kart\kart\ArduinoCore\Debug\libArduinoCore.a(Print.o)
 .text._ZN5Print7printlnEdi
                0x00000000       0x24 E:\mes documents\GitHub\Projet-Kart\Kart - Atmel\kart\kart\ArduinoCore\Debug\libArduinoCore.a(Print.o)
 .rodata._ZTV5Print
                0x00000000        0xc E:\mes documents\GitHub\Projet-Kart\Kart - Atmel\kart\kart\ArduinoCore\Debug\libArduinoCore.a(Print.o)
 .text          0x00000000        0x0 E:\mes documents\GitHub\Projet-Kart\Kart - Atmel\kart\kart\ArduinoCore\Debug\libArduinoCore.a(wiring.o)
 .data          0x00000000        0x0 E:\mes documents\GitHub\Projet-Kart\Kart - Atmel\kart\kart\ArduinoCore\Debug\libArduinoCore.a(wiring.o)
 .bss           0x00000000        0x0 E:\mes documents\GitHub\Projet-Kart\Kart - Atmel\kart\kart\ArduinoCore\Debug\libArduinoCore.a(wiring.o)
 .text.micros   0x00000000       0x4a E:\mes documents\GitHub\Projet-Kart\Kart - Atmel\kart\kart\ArduinoCore\Debug\libArduinoCore.a(wiring.o)
 .text.delay    0x00000000       0x78 E:\mes documents\GitHub\Projet-Kart\Kart - Atmel\kart\kart\ArduinoCore\Debug\libArduinoCore.a(wiring.o)
 .text.delayMicroseconds
                0x00000000       0x16 E:\mes documents\GitHub\Projet-Kart\Kart - Atmel\kart\kart\ArduinoCore\Debug\libArduinoCore.a(wiring.o)
 .text          0x00000000        0x0 E:\mes documents\GitHub\Projet-Kart\Kart - Atmel\kart\kart\ArduinoCore\Debug\libArduinoCore.a(wiring_digital.o)
 .data          0x00000000        0x0 E:\mes documents\GitHub\Projet-Kart\Kart - Atmel\kart\kart\ArduinoCore\Debug\libArduinoCore.a(wiring_digital.o)
 .bss           0x00000000        0x0 E:\mes documents\GitHub\Projet-Kart\Kart - Atmel\kart\kart\ArduinoCore\Debug\libArduinoCore.a(wiring_digital.o)
 .text.turnOffPWM
                0x00000000       0x52 E:\mes documents\GitHub\Projet-Kart\Kart - Atmel\kart\kart\ArduinoCore\Debug\libArduinoCore.a(wiring_digital.o)
 .text.digitalWrite
                0x00000000       0x5e E:\mes documents\GitHub\Projet-Kart\Kart - Atmel\kart\kart\ArduinoCore\Debug\libArduinoCore.a(wiring_digital.o)
 .text.digitalRead
                0x00000000       0x52 E:\mes documents\GitHub\Projet-Kart\Kart - Atmel\kart\kart\ArduinoCore\Debug\libArduinoCore.a(wiring_digital.o)
 .progmem.data.digital_pin_to_timer_PGM
                0x00000000       0x14 E:\mes documents\GitHub\Projet-Kart\Kart - Atmel\kart\kart\ArduinoCore\Debug\libArduinoCore.a(wiring_digital.o)
 .text          0x00000000        0x0 E:\mes documents\GitHub\Projet-Kart\Kart - Atmel\kart\kart\ArduinoCore\Debug\libArduinoCore.a(abi.o)
 .data          0x00000000        0x0 E:\mes documents\GitHub\Projet-Kart\Kart - Atmel\kart\kart\ArduinoCore\Debug\libArduinoCore.a(abi.o)
 .bss           0x00000000        0x0 E:\mes documents\GitHub\Projet-Kart\Kart - Atmel\kart\kart\ArduinoCore\Debug\libArduinoCore.a(abi.o)
 .text.__cxa_pure_virtual
                0x00000000        0x4 E:\mes documents\GitHub\Projet-Kart\Kart - Atmel\kart\kart\ArduinoCore\Debug\libArduinoCore.a(abi.o)
 .text.__cxa_deleted_virtual
                0x00000000        0x4 E:\mes documents\GitHub\Projet-Kart\Kart - Atmel\kart\kart\ArduinoCore\Debug\libArduinoCore.a(abi.o)
 .debug_info    0x00000000       0x76 E:\mes documents\GitHub\Projet-Kart\Kart - Atmel\kart\kart\ArduinoCore\Debug\libArduinoCore.a(abi.o)
 .debug_abbrev  0x00000000       0x6d E:\mes documents\GitHub\Projet-Kart\Kart - Atmel\kart\kart\ArduinoCore\Debug\libArduinoCore.a(abi.o)
 .debug_aranges
                0x00000000       0x20 E:\mes documents\GitHub\Projet-Kart\Kart - Atmel\kart\kart\ArduinoCore\Debug\libArduinoCore.a(abi.o)
 .debug_ranges  0x00000000       0x10 E:\mes documents\GitHub\Projet-Kart\Kart - Atmel\kart\kart\ArduinoCore\Debug\libArduinoCore.a(abi.o)
 .debug_line    0x00000000       0xa9 E:\mes documents\GitHub\Projet-Kart\Kart - Atmel\kart\kart\ArduinoCore\Debug\libArduinoCore.a(abi.o)
 .debug_str     0x00000000      0x196 E:\mes documents\GitHub\Projet-Kart\Kart - Atmel\kart\kart\ArduinoCore\Debug\libArduinoCore.a(abi.o)
 .comment       0x00000000       0x31 E:\mes documents\GitHub\Projet-Kart\Kart - Atmel\kart\kart\ArduinoCore\Debug\libArduinoCore.a(abi.o)
 .debug_frame   0x00000000       0x34 E:\mes documents\GitHub\Projet-Kart\Kart - Atmel\kart\kart\ArduinoCore\Debug\libArduinoCore.a(abi.o)
 .text          0x00000000        0x0 E:\mes documents\GitHub\Projet-Kart\Kart - Atmel\kart\kart\ArduinoCore\Debug\libArduinoCore.a(hooks.o)
 .data          0x00000000        0x0 E:\mes documents\GitHub\Projet-Kart\Kart - Atmel\kart\kart\ArduinoCore\Debug\libArduinoCore.a(hooks.o)
 .bss           0x00000000        0x0 E:\mes documents\GitHub\Projet-Kart\Kart - Atmel\kart\kart\ArduinoCore\Debug\libArduinoCore.a(hooks.o)
 .text.__empty  0x00000000        0x2 E:\mes documents\GitHub\Projet-Kart\Kart - Atmel\kart\kart\ArduinoCore\Debug\libArduinoCore.a(hooks.o)
 .debug_info    0x00000000       0x3e E:\mes documents\GitHub\Projet-Kart\Kart - Atmel\kart\kart\ArduinoCore\Debug\libArduinoCore.a(hooks.o)
 .debug_abbrev  0x00000000       0x2a E:\mes documents\GitHub\Projet-Kart\Kart - Atmel\kart\kart\ArduinoCore\Debug\libArduinoCore.a(hooks.o)
 .debug_aranges
                0x00000000       0x20 E:\mes documents\GitHub\Projet-Kart\Kart - Atmel\kart\kart\ArduinoCore\Debug\libArduinoCore.a(hooks.o)
 .debug_ranges  0x00000000       0x10 E:\mes documents\GitHub\Projet-Kart\Kart - Atmel\kart\kart\ArduinoCore\Debug\libArduinoCore.a(hooks.o)
 .debug_line    0x00000000       0x41 E:\mes documents\GitHub\Projet-Kart\Kart - Atmel\kart\kart\ArduinoCore\Debug\libArduinoCore.a(hooks.o)
 .debug_str     0x00000000      0x137 E:\mes documents\GitHub\Projet-Kart\Kart - Atmel\kart\kart\ArduinoCore\Debug\libArduinoCore.a(hooks.o)
 .comment       0x00000000       0x31 E:\mes documents\GitHub\Projet-Kart\Kart - Atmel\kart\kart\ArduinoCore\Debug\libArduinoCore.a(hooks.o)
 .debug_frame   0x00000000       0x24 E:\mes documents\GitHub\Projet-Kart\Kart - Atmel\kart\kart\ArduinoCore\Debug\libArduinoCore.a(hooks.o)
 .text          0x00000000        0x0 c:/program files (x86)/atmel/studio/7.0/toolchain/avr8/avr8-gnu-toolchain/bin/../lib/gcc/avr/5.4.0/../../../../avr/lib/avr5\libm.a(addsf3.o)
 .data          0x00000000        0x0 c:/program files (x86)/atmel/studio/7.0/toolchain/avr8/avr8-gnu-toolchain/bin/../lib/gcc/avr/5.4.0/../../../../avr/lib/avr5\libm.a(addsf3.o)
 .bss           0x00000000        0x0 c:/program files (x86)/atmel/studio/7.0/toolchain/avr8/avr8-gnu-toolchain/bin/../lib/gcc/avr/5.4.0/../../../../avr/lib/avr5\libm.a(addsf3.o)
 .text.avr-libc.fplib
                0x00000000        0xe c:/program files (x86)/atmel/studio/7.0/toolchain/avr8/avr8-gnu-toolchain/bin/../lib/gcc/avr/5.4.0/../../../../avr/lib/avr5\libm.a(addsf3.o)
 .text          0x00000000        0x0 c:/program files (x86)/atmel/studio/7.0/toolchain/avr8/avr8-gnu-toolchain/bin/../lib/gcc/avr/5.4.0/../../../../avr/lib/avr5\libm.a(addsf3x.o)
 .data          0x00000000        0x0 c:/program files (x86)/atmel/studio/7.0/toolchain/avr8/avr8-gnu-toolchain/bin/../lib/gcc/avr/5.4.0/../../../../avr/lib/avr5\libm.a(addsf3x.o)
 .bss           0x00000000        0x0 c:/program files (x86)/atmel/studio/7.0/toolchain/avr8/avr8-gnu-toolchain/bin/../lib/gcc/avr/5.4.0/../../../../avr/lib/avr5\libm.a(addsf3x.o)
 .text.avr-libc.fplib
                0x00000000       0xcc c:/program files (x86)/atmel/studio/7.0/toolchain/avr8/avr8-gnu-toolchain/bin/../lib/gcc/avr/5.4.0/../../../../avr/lib/avr5\libm.a(addsf3x.o)
 .text          0x00000000        0x0 c:/program files (x86)/atmel/studio/7.0/toolchain/avr8/avr8-gnu-toolchain/bin/../lib/gcc/avr/5.4.0/../../../../avr/lib/avr5\libm.a(cmpsf2.o)
 .data          0x00000000        0x0 c:/program files (x86)/atmel/studio/7.0/toolchain/avr8/avr8-gnu-toolchain/bin/../lib/gcc/avr/5.4.0/../../../../avr/lib/avr5\libm.a(cmpsf2.o)
 .bss           0x00000000        0x0 c:/program files (x86)/atmel/studio/7.0/toolchain/avr8/avr8-gnu-toolchain/bin/../lib/gcc/avr/5.4.0/../../../../avr/lib/avr5\libm.a(cmpsf2.o)
 .text.avr-libc.fplib
                0x00000000        0xa c:/program files (x86)/atmel/studio/7.0/toolchain/avr8/avr8-gnu-toolchain/bin/../lib/gcc/avr/5.4.0/../../../../avr/lib/avr5\libm.a(cmpsf2.o)
 .text          0x00000000        0x0 c:/program files (x86)/atmel/studio/7.0/toolchain/avr8/avr8-gnu-toolchain/bin/../lib/gcc/avr/5.4.0/../../../../avr/lib/avr5\libm.a(divsf3.o)
 .data          0x00000000        0x0 c:/program files (x86)/atmel/studio/7.0/toolchain/avr8/avr8-gnu-toolchain/bin/../lib/gcc/avr/5.4.0/../../../../avr/lib/avr5\libm.a(divsf3.o)
 .bss           0x00000000        0x0 c:/program files (x86)/atmel/studio/7.0/toolchain/avr8/avr8-gnu-toolchain/bin/../lib/gcc/avr/5.4.0/../../../../avr/lib/avr5\libm.a(divsf3.o)
 .text.avr-libc.fplib
                0x00000000        0x8 c:/program files (x86)/atmel/studio/7.0/toolchain/avr8/avr8-gnu-toolchain/bin/../lib/gcc/avr/5.4.0/../../../../avr/lib/avr5\libm.a(divsf3.o)
 .text          0x00000000        0x0 c:/program files (x86)/atmel/studio/7.0/toolchain/avr8/avr8-gnu-toolchain/bin/../lib/gcc/avr/5.4.0/../../../../avr/lib/avr5\libm.a(divsf3x.o)
 .data          0x00000000        0x0 c:/program files (x86)/atmel/studio/7.0/toolchain/avr8/avr8-gnu-toolchain/bin/../lib/gcc/avr/5.4.0/../../../../avr/lib/avr5\libm.a(divsf3x.o)
 .bss           0x00000000        0x0 c:/program files (x86)/atmel/studio/7.0/toolchain/avr8/avr8-gnu-toolchain/bin/../lib/gcc/avr/5.4.0/../../../../avr/lib/avr5\libm.a(divsf3x.o)
 .text.avr-libc.fplib
                0x00000000       0xdc c:/program files (x86)/atmel/studio/7.0/toolchain/avr8/avr8-gnu-toolchain/bin/../lib/gcc/avr/5.4.0/../../../../avr/lib/avr5\libm.a(divsf3x.o)
 .text          0x00000000        0x0 c:/program files (x86)/atmel/studio/7.0/toolchain/avr8/avr8-gnu-toolchain/bin/../lib/gcc/avr/5.4.0/../../../../avr/lib/avr5\libm.a(fp_cmp.o)
 .data          0x00000000        0x0 c:/program files (x86)/atmel/studio/7.0/toolchain/avr8/avr8-gnu-toolchain/bin/../lib/gcc/avr/5.4.0/../../../../avr/lib/avr5\libm.a(fp_cmp.o)
 .bss           0x00000000        0x0 c:/program files (x86)/atmel/studio/7.0/toolchain/avr8/avr8-gnu-toolchain/bin/../lib/gcc/avr/5.4.0/../../../../avr/lib/avr5\libm.a(fp_cmp.o)
 .text.avr-libc.fplib
                0x00000000       0x48 c:/program files (x86)/atmel/studio/7.0/toolchain/avr8/avr8-gnu-toolchain/bin/../lib/gcc/avr/5.4.0/../../../../avr/lib/avr5\libm.a(fp_cmp.o)
 .text          0x00000000        0x0 c:/program files (x86)/atmel/studio/7.0/toolchain/avr8/avr8-gnu-toolchain/bin/../lib/gcc/avr/5.4.0/../../../../avr/lib/avr5\libm.a(gesf2.o)
 .data          0x00000000        0x0 c:/program files (x86)/atmel/studio/7.0/toolchain/avr8/avr8-gnu-toolchain/bin/../lib/gcc/avr/5.4.0/../../../../avr/lib/avr5\libm.a(gesf2.o)
 .bss           0x00000000        0x0 c:/program files (x86)/atmel/studio/7.0/toolchain/avr8/avr8-gnu-toolchain/bin/../lib/gcc/avr/5.4.0/../../../../avr/lib/avr5\libm.a(gesf2.o)
 .text.avr-libc.fplib
                0x00000000        0xa c:/program files (x86)/atmel/studio/7.0/toolchain/avr8/avr8-gnu-toolchain/bin/../lib/gcc/avr/5.4.0/../../../../avr/lib/avr5\libm.a(gesf2.o)
 .text          0x00000000        0x0 c:/program files (x86)/atmel/studio/7.0/toolchain/avr8/avr8-gnu-toolchain/bin/../lib/gcc/avr/5.4.0/../../../../avr/lib/avr5\libm.a(unordsf2.o)
 .data          0x00000000        0x0 c:/program files (x86)/atmel/studio/7.0/toolchain/avr8/avr8-gnu-toolchain/bin/../lib/gcc/avr/5.4.0/../../../../avr/lib/avr5\libm.a(unordsf2.o)
 .bss           0x00000000        0x0 c:/program files (x86)/atmel/studio/7.0/toolchain/avr8/avr8-gnu-toolchain/bin/../lib/gcc/avr/5.4.0/../../../../avr/lib/avr5\libm.a(unordsf2.o)
 .text.avr-libc.fplib
                0x00000000        0xa c:/program files (x86)/atmel/studio/7.0/toolchain/avr8/avr8-gnu-toolchain/bin/../lib/gcc/avr/5.4.0/../../../../avr/lib/avr5\libm.a(unordsf2.o)
 .text          0x00000000        0x0 c:/program files (x86)/atmel/studio/7.0/toolchain/avr8/avr8-gnu-toolchain/bin/../lib/gcc/avr/5.4.0/avr5\libgcc.a(_udivmodsi4.o)
 .data          0x00000000        0x0 c:/program files (x86)/atmel/studio/7.0/toolchain/avr8/avr8-gnu-toolchain/bin/../lib/gcc/avr/5.4.0/avr5\libgcc.a(_udivmodsi4.o)
 .bss           0x00000000        0x0 c:/program files (x86)/atmel/studio/7.0/toolchain/avr8/avr8-gnu-toolchain/bin/../lib/gcc/avr/5.4.0/avr5\libgcc.a(_udivmodsi4.o)
 .text.libgcc.mul
                0x00000000        0x0 c:/program files (x86)/atmel/studio/7.0/toolchain/avr8/avr8-gnu-toolchain/bin/../lib/gcc/avr/5.4.0/avr5\libgcc.a(_udivmodsi4.o)
 .text.libgcc   0x00000000        0x0 c:/program files (x86)/atmel/studio/7.0/toolchain/avr8/avr8-gnu-toolchain/bin/../lib/gcc/avr/5.4.0/avr5\libgcc.a(_udivmodsi4.o)
 .text.libgcc.prologue
                0x00000000        0x0 c:/program files (x86)/atmel/studio/7.0/toolchain/avr8/avr8-gnu-toolchain/bin/../lib/gcc/avr/5.4.0/avr5\libgcc.a(_udivmodsi4.o)
 .text.libgcc.builtins
                0x00000000        0x0 c:/program files (x86)/atmel/studio/7.0/toolchain/avr8/avr8-gnu-toolchain/bin/../lib/gcc/avr/5.4.0/avr5\libgcc.a(_udivmodsi4.o)
 .text.libgcc.fmul
                0x00000000        0x0 c:/program files (x86)/atmel/studio/7.0/toolchain/avr8/avr8-gnu-toolchain/bin/../lib/gcc/avr/5.4.0/avr5\libgcc.a(_udivmodsi4.o)
 .text.libgcc.fixed
                0x00000000        0x0 c:/program files (x86)/atmel/studio/7.0/toolchain/avr8/avr8-gnu-toolchain/bin/../lib/gcc/avr/5.4.0/avr5\libgcc.a(_udivmodsi4.o)
 .text          0x00000000        0x0 c:/program files (x86)/atmel/studio/7.0/toolchain/avr8/avr8-gnu-toolchain/bin/../lib/gcc/avr/5.4.0/avr5\libgcc.a(_exit.o)
 .data          0x00000000        0x0 c:/program files (x86)/atmel/studio/7.0/toolchain/avr8/avr8-gnu-toolchain/bin/../lib/gcc/avr/5.4.0/avr5\libgcc.a(_exit.o)
 .bss           0x00000000        0x0 c:/program files (x86)/atmel/studio/7.0/toolchain/avr8/avr8-gnu-toolchain/bin/../lib/gcc/avr/5.4.0/avr5\libgcc.a(_exit.o)
 .text.libgcc.mul
                0x00000000        0x0 c:/program files (x86)/atmel/studio/7.0/toolchain/avr8/avr8-gnu-toolchain/bin/../lib/gcc/avr/5.4.0/avr5\libgcc.a(_exit.o)
 .text.libgcc.div
                0x00000000        0x0 c:/program files (x86)/atmel/studio/7.0/toolchain/avr8/avr8-gnu-toolchain/bin/../lib/gcc/avr/5.4.0/avr5\libgcc.a(_exit.o)
 .text.libgcc   0x00000000        0x0 c:/program files (x86)/atmel/studio/7.0/toolchain/avr8/avr8-gnu-toolchain/bin/../lib/gcc/avr/5.4.0/avr5\libgcc.a(_exit.o)
 .text.libgcc.prologue
                0x00000000        0x0 c:/program files (x86)/atmel/studio/7.0/toolchain/avr8/avr8-gnu-toolchain/bin/../lib/gcc/avr/5.4.0/avr5\libgcc.a(_exit.o)
 .text.libgcc.builtins
                0x00000000        0x0 c:/program files (x86)/atmel/studio/7.0/toolchain/avr8/avr8-gnu-toolchain/bin/../lib/gcc/avr/5.4.0/avr5\libgcc.a(_exit.o)
 .text.libgcc.fmul
                0x00000000        0x0 c:/program files (x86)/atmel/studio/7.0/toolchain/avr8/avr8-gnu-toolchain/bin/../lib/gcc/avr/5.4.0/avr5\libgcc.a(_exit.o)
 .text.libgcc.fixed
                0x00000000        0x0 c:/program files (x86)/atmel/studio/7.0/toolchain/avr8/avr8-gnu-toolchain/bin/../lib/gcc/avr/5.4.0/avr5\libgcc.a(_exit.o)
 .text          0x00000000        0x0 c:/program files (x86)/atmel/studio/7.0/toolchain/avr8/avr8-gnu-toolchain/bin/../lib/gcc/avr/5.4.0/avr5\libgcc.a(_copy_data.o)
 .data          0x00000000        0x0 c:/program files (x86)/atmel/studio/7.0/toolchain/avr8/avr8-gnu-toolchain/bin/../lib/gcc/avr/5.4.0/avr5\libgcc.a(_copy_data.o)
 .bss           0x00000000        0x0 c:/program files (x86)/atmel/studio/7.0/toolchain/avr8/avr8-gnu-toolchain/bin/../lib/gcc/avr/5.4.0/avr5\libgcc.a(_copy_data.o)
 .text.libgcc.mul
                0x00000000        0x0 c:/program files (x86)/atmel/studio/7.0/toolchain/avr8/avr8-gnu-toolchain/bin/../lib/gcc/avr/5.4.0/avr5\libgcc.a(_copy_data.o)
 .text.libgcc.div
                0x00000000        0x0 c:/program files (x86)/atmel/studio/7.0/toolchain/avr8/avr8-gnu-toolchain/bin/../lib/gcc/avr/5.4.0/avr5\libgcc.a(_copy_data.o)
 .text.libgcc   0x00000000        0x0 c:/program files (x86)/atmel/studio/7.0/toolchain/avr8/avr8-gnu-toolchain/bin/../lib/gcc/avr/5.4.0/avr5\libgcc.a(_copy_data.o)
 .text.libgcc.prologue
                0x00000000        0x0 c:/program files (x86)/atmel/studio/7.0/toolchain/avr8/avr8-gnu-toolchain/bin/../lib/gcc/avr/5.4.0/avr5\libgcc.a(_copy_data.o)
 .text.libgcc.builtins
                0x00000000        0x0 c:/program files (x86)/atmel/studio/7.0/toolchain/avr8/avr8-gnu-toolchain/bin/../lib/gcc/avr/5.4.0/avr5\libgcc.a(_copy_data.o)
 .text.libgcc.fmul
                0x00000000        0x0 c:/program files (x86)/atmel/studio/7.0/toolchain/avr8/avr8-gnu-toolchain/bin/../lib/gcc/avr/5.4.0/avr5\libgcc.a(_copy_data.o)
 .text.libgcc.fixed
                0x00000000        0x0 c:/program files (x86)/atmel/studio/7.0/toolchain/avr8/avr8-gnu-toolchain/bin/../lib/gcc/avr/5.4.0/avr5\libgcc.a(_copy_data.o)
 .text          0x00000000        0x0 c:/program files (x86)/atmel/studio/7.0/toolchain/avr8/avr8-gnu-toolchain/bin/../lib/gcc/avr/5.4.0/avr5\libgcc.a(_clear_bss.o)
 .data          0x00000000        0x0 c:/program files (x86)/atmel/studio/7.0/toolchain/avr8/avr8-gnu-toolchain/bin/../lib/gcc/avr/5.4.0/avr5\libgcc.a(_clear_bss.o)
 .bss           0x00000000        0x0 c:/program files (x86)/atmel/studio/7.0/toolchain/avr8/avr8-gnu-toolchain/bin/../lib/gcc/avr/5.4.0/avr5\libgcc.a(_clear_bss.o)
 .text.libgcc.mul
                0x00000000        0x0 c:/program files (x86)/atmel/studio/7.0/toolchain/avr8/avr8-gnu-toolchain/bin/../lib/gcc/avr/5.4.0/avr5\libgcc.a(_clear_bss.o)
 .text.libgcc.div
                0x00000000        0x0 c:/program files (x86)/atmel/studio/7.0/toolchain/avr8/avr8-gnu-toolchain/bin/../lib/gcc/avr/5.4.0/avr5\libgcc.a(_clear_bss.o)
 .text.libgcc   0x00000000        0x0 c:/program files (x86)/atmel/studio/7.0/toolchain/avr8/avr8-gnu-toolchain/bin/../lib/gcc/avr/5.4.0/avr5\libgcc.a(_clear_bss.o)
 .text.libgcc.prologue
                0x00000000        0x0 c:/program files (x86)/atmel/studio/7.0/toolchain/avr8/avr8-gnu-toolchain/bin/../lib/gcc/avr/5.4.0/avr5\libgcc.a(_clear_bss.o)
 .text.libgcc.builtins
                0x00000000        0x0 c:/program files (x86)/atmel/studio/7.0/toolchain/avr8/avr8-gnu-toolchain/bin/../lib/gcc/avr/5.4.0/avr5\libgcc.a(_clear_bss.o)
 .text.libgcc.fmul
                0x00000000        0x0 c:/program files (x86)/atmel/studio/7.0/toolchain/avr8/avr8-gnu-toolchain/bin/../lib/gcc/avr/5.4.0/avr5\libgcc.a(_clear_bss.o)
 .text.libgcc.fixed
                0x00000000        0x0 c:/program files (x86)/atmel/studio/7.0/toolchain/avr8/avr8-gnu-toolchain/bin/../lib/gcc/avr/5.4.0/avr5\libgcc.a(_clear_bss.o)
 .text          0x00000000        0x0 c:/program files (x86)/atmel/studio/7.0/toolchain/avr8/avr8-gnu-toolchain/bin/../lib/gcc/avr/5.4.0/avr5\libgcc.a(_ctors.o)
 .data          0x00000000        0x0 c:/program files (x86)/atmel/studio/7.0/toolchain/avr8/avr8-gnu-toolchain/bin/../lib/gcc/avr/5.4.0/avr5\libgcc.a(_ctors.o)
 .bss           0x00000000        0x0 c:/program files (x86)/atmel/studio/7.0/toolchain/avr8/avr8-gnu-toolchain/bin/../lib/gcc/avr/5.4.0/avr5\libgcc.a(_ctors.o)
 .text.libgcc.mul
                0x00000000        0x0 c:/program files (x86)/atmel/studio/7.0/toolchain/avr8/avr8-gnu-toolchain/bin/../lib/gcc/avr/5.4.0/avr5\libgcc.a(_ctors.o)
 .text.libgcc.div
                0x00000000        0x0 c:/program files (x86)/atmel/studio/7.0/toolchain/avr8/avr8-gnu-toolchain/bin/../lib/gcc/avr/5.4.0/avr5\libgcc.a(_ctors.o)
 .text.libgcc   0x00000000        0x0 c:/program files (x86)/atmel/studio/7.0/toolchain/avr8/avr8-gnu-toolchain/bin/../lib/gcc/avr/5.4.0/avr5\libgcc.a(_ctors.o)
 .text.libgcc.prologue
                0x00000000        0x0 c:/program files (x86)/atmel/studio/7.0/toolchain/avr8/avr8-gnu-toolchain/bin/../lib/gcc/avr/5.4.0/avr5\libgcc.a(_ctors.o)
 .text.libgcc.builtins
                0x00000000        0x0 c:/program files (x86)/atmel/studio/7.0/toolchain/avr8/avr8-gnu-toolchain/bin/../lib/gcc/avr/5.4.0/avr5\libgcc.a(_ctors.o)
 .text.libgcc.fmul
                0x00000000        0x0 c:/program files (x86)/atmel/studio/7.0/toolchain/avr8/avr8-gnu-toolchain/bin/../lib/gcc/avr/5.4.0/avr5\libgcc.a(_ctors.o)
 .text.libgcc.fixed
                0x00000000        0x0 c:/program files (x86)/atmel/studio/7.0/toolchain/avr8/avr8-gnu-toolchain/bin/../lib/gcc/avr/5.4.0/avr5\libgcc.a(_ctors.o)
 .text          0x00000000        0x0 c:/program files (x86)/atmel/studio/7.0/toolchain/avr8/avr8-gnu-toolchain/bin/../lib/gcc/avr/5.4.0/avr5\libgcc.a(_tablejump2.o)
 .data          0x00000000        0x0 c:/program files (x86)/atmel/studio/7.0/toolchain/avr8/avr8-gnu-toolchain/bin/../lib/gcc/avr/5.4.0/avr5\libgcc.a(_tablejump2.o)
 .bss           0x00000000        0x0 c:/program files (x86)/atmel/studio/7.0/toolchain/avr8/avr8-gnu-toolchain/bin/../lib/gcc/avr/5.4.0/avr5\libgcc.a(_tablejump2.o)
 .text.libgcc.mul
                0x00000000        0x0 c:/program files (x86)/atmel/studio/7.0/toolchain/avr8/avr8-gnu-toolchain/bin/../lib/gcc/avr/5.4.0/avr5\libgcc.a(_tablejump2.o)
 .text.libgcc.div
                0x00000000        0x0 c:/program files (x86)/atmel/studio/7.0/toolchain/avr8/avr8-gnu-toolchain/bin/../lib/gcc/avr/5.4.0/avr5\libgcc.a(_tablejump2.o)
 .text.libgcc.prologue
                0x00000000        0x0 c:/program files (x86)/atmel/studio/7.0/toolchain/avr8/avr8-gnu-toolchain/bin/../lib/gcc/avr/5.4.0/avr5\libgcc.a(_tablejump2.o)
 .text.libgcc.builtins
                0x00000000        0x0 c:/program files (x86)/atmel/studio/7.0/toolchain/avr8/avr8-gnu-toolchain/bin/../lib/gcc/avr/5.4.0/avr5\libgcc.a(_tablejump2.o)
 .text.libgcc.fmul
                0x00000000        0x0 c:/program files (x86)/atmel/studio/7.0/toolchain/avr8/avr8-gnu-toolchain/bin/../lib/gcc/avr/5.4.0/avr5\libgcc.a(_tablejump2.o)
 .text.libgcc.fixed
                0x00000000        0x0 c:/program files (x86)/atmel/studio/7.0/toolchain/avr8/avr8-gnu-toolchain/bin/../lib/gcc/avr/5.4.0/avr5\libgcc.a(_tablejump2.o)
 .text          0x00000000        0x0 c:/program files (x86)/atmel/studio/7.0/toolchain/avr8/avr8-gnu-toolchain/bin/../lib/gcc/avr/5.4.0/../../../../avr/lib/avr5\libc.a(abort.o)
 .data          0x00000000        0x0 c:/program files (x86)/atmel/studio/7.0/toolchain/avr8/avr8-gnu-toolchain/bin/../lib/gcc/avr/5.4.0/../../../../avr/lib/avr5\libc.a(abort.o)
 .bss           0x00000000        0x0 c:/program files (x86)/atmel/studio/7.0/toolchain/avr8/avr8-gnu-toolchain/bin/../lib/gcc/avr/5.4.0/../../../../avr/lib/avr5\libc.a(abort.o)
 .text.avr-libc
                0x00000000        0xa c:/program files (x86)/atmel/studio/7.0/toolchain/avr8/avr8-gnu-toolchain/bin/../lib/gcc/avr/5.4.0/../../../../avr/lib/avr5\libc.a(abort.o)

Memory Configuration

Name             Origin             Length             Attributes
text             0x00000000         0x00020000         xr
data             0x00800060         0x0000ffa0         rw !x
eeprom           0x00810000         0x00010000         rw !x
fuse             0x00820000         0x00000003         rw !x
lock             0x00830000         0x00000400         rw !x
signature        0x00840000         0x00000400         rw !x
user_signatures  0x00850000         0x00000400         rw !x
*default*        0x00000000         0xffffffff

Linker script and memory map

Address of section .data set to 0x800100
LOAD C:/Program Files (x86)/Atmel/Studio/7.0/Packs/atmel/ATmega_DFP/1.2.150/gcc/dev/atmega328p/avr5/crtatmega328p.o
LOAD Sketch.o
START GROUP
LOAD c:/program files (x86)/atmel/studio/7.0/toolchain/avr8/avr8-gnu-toolchain/bin/../lib/gcc/avr/5.4.0/../../../../avr/lib/avr5\libm.a
LOAD E:\mes documents\GitHub\Projet-Kart\Kart - Atmel\kart\kart\ArduinoCore\Debug\libArduinoCore.a
END GROUP
LOAD c:/program files (x86)/atmel/studio/7.0/toolchain/avr8/avr8-gnu-toolchain/bin/../lib/gcc/avr/5.4.0/avr5\libgcc.a
LOAD c:/program files (x86)/atmel/studio/7.0/toolchain/avr8/avr8-gnu-toolchain/bin/../lib/gcc/avr/5.4.0/../../../../avr/lib/avr5\libm.a
START GROUP
LOAD c:/program files (x86)/atmel/studio/7.0/toolchain/avr8/avr8-gnu-toolchain/bin/../lib/gcc/avr/5.4.0/avr5\libgcc.a
LOAD c:/program files (x86)/atmel/studio/7.0/toolchain/avr8/avr8-gnu-toolchain/bin/../lib/gcc/avr/5.4.0/../../../../avr/lib/avr5\libm.a
LOAD c:/program files (x86)/atmel/studio/7.0/toolchain/avr8/avr8-gnu-toolchain/bin/../lib/gcc/avr/5.4.0/../../../../avr/lib/avr5\libc.a
LOAD C:/Program Files (x86)/Atmel/Studio/7.0/Packs/atmel/ATmega_DFP/1.2.150/gcc/dev/atmega328p/avr5\libatmega328p.a
END GROUP
                0x00020000                __TEXT_REGION_LENGTH__ = DEFINED (__TEXT_REGION_LENGTH__)?__TEXT_REGION_LENGTH__:0x20000
                0x0000ffa0                __DATA_REGION_LENGTH__ = DEFINED (__DATA_REGION_LENGTH__)?__DATA_REGION_LENGTH__:0xffa0
                0x00010000                __EEPROM_REGION_LENGTH__ = DEFINED (__EEPROM_REGION_LENGTH__)?__EEPROM_REGION_LENGTH__:0x10000
                [0x00000003]                __FUSE_REGION_LENGTH__ = DEFINED (__FUSE_REGION_LENGTH__)?__FUSE_REGION_LENGTH__:0x400
                0x00000400                __LOCK_REGION_LENGTH__ = DEFINED (__LOCK_REGION_LENGTH__)?__LOCK_REGION_LENGTH__:0x400
                0x00000400                __SIGNATURE_REGION_LENGTH__ = DEFINED (__SIGNATURE_REGION_LENGTH__)?__SIGNATURE_REGION_LENGTH__:0x400
                0x00000400                __USER_SIGNATURE_REGION_LENGTH__ = DEFINED (__USER_SIGNATURE_REGION_LENGTH__)?__USER_SIGNATURE_REGION_LENGTH__:0x400

.hash
 *(.hash)

.dynsym
 *(.dynsym)

.dynstr
 *(.dynstr)

.gnu.version
 *(.gnu.version)

.gnu.version_d
 *(.gnu.version_d)

.gnu.version_r
 *(.gnu.version_r)

.rel.init
 *(.rel.init)

.rela.init
 *(.rela.init)

.rel.text
 *(.rel.text)
 *(.rel.text.*)
 *(.rel.gnu.linkonce.t*)

.rela.text
 *(.rela.text)
 *(.rela.text.*)
 *(.rela.gnu.linkonce.t*)

.rel.fini
 *(.rel.fini)

.rela.fini
 *(.rela.fini)

.rel.rodata
 *(.rel.rodata)
 *(.rel.rodata.*)
 *(.rel.gnu.linkonce.r*)

.rela.rodata
 *(.rela.rodata)
 *(.rela.rodata.*)
 *(.rela.gnu.linkonce.r*)

.rel.data
 *(.rel.data)
 *(.rel.data.*)
 *(.rel.gnu.linkonce.d*)

.rela.data
 *(.rela.data)
 *(.rela.data.*)
 *(.rela.gnu.linkonce.d*)

.rel.ctors
 *(.rel.ctors)

.rela.ctors
 *(.rela.ctors)

.rel.dtors
 *(.rel.dtors)

.rela.dtors
 *(.rela.dtors)

.rel.got
 *(.rel.got)

.rela.got
 *(.rela.got)

.rel.bss
 *(.rel.bss)

.rela.bss
 *(.rela.bss)

.rel.plt
 *(.rel.plt)

.rela.plt
 *(.rela.plt)

.text           0x00000000      0xec4
 *(.vectors)
 .vectors       0x00000000       0x68 C:/Program Files (x86)/Atmel/Studio/7.0/Packs/atmel/ATmega_DFP/1.2.150/gcc/dev/atmega328p/avr5/crtatmega328p.o
                0x00000000                __vector_default
                0x00000000                __vectors
 *(.vectors)
 *(.progmem.gcc*)
                0x00000068                . = ALIGN (0x2)
                0x00000068                __trampolines_start = .
 *(.trampolines)
 .trampolines   0x00000068        0x0 linker stubs
 *(.trampolines*)
                0x00000068                __trampolines_end = .
 *libprintf_flt.a:*(.progmem.data)
 *libc.a:*(.progmem.data)
 *(.progmem*)
 .progmem.data._ZL34digital_pin_to_port_bit_number_PGM
                0x00000068       0x14 Sketch.o
 .progmem.data.digital_pin_to_bit_mask_PGM
                0x0000007c       0x14 E:\mes documents\GitHub\Projet-Kart\Kart - Atmel\kart\kart\ArduinoCore\Debug\libArduinoCore.a(wiring_digital.o)
                0x0000007c                digital_pin_to_bit_mask_PGM
 .progmem.data.digital_pin_to_port_PGM
                0x00000090       0x14 E:\mes documents\GitHub\Projet-Kart\Kart - Atmel\kart\kart\ArduinoCore\Debug\libArduinoCore.a(wiring_digital.o)
                0x00000090                digital_pin_to_port_PGM
 .progmem.data.port_to_input_PGM
                0x000000a4        0xa E:\mes documents\GitHub\Projet-Kart\Kart - Atmel\kart\kart\ArduinoCore\Debug\libArduinoCore.a(wiring_digital.o)
                0x000000a4                port_to_input_PGM
 .progmem.data.port_to_output_PGM
                0x000000ae        0xa E:\mes documents\GitHub\Projet-Kart\Kart - Atmel\kart\kart\ArduinoCore\Debug\libArduinoCore.a(wiring_digital.o)
                0x000000ae                port_to_output_PGM
 .progmem.data.port_to_mode_PGM
                0x000000b8        0xa E:\mes documents\GitHub\Projet-Kart\Kart - Atmel\kart\kart\ArduinoCore\Debug\libArduinoCore.a(wiring_digital.o)
                0x000000b8                port_to_mode_PGM
                0x000000c2                . = ALIGN (0x2)
 *(.jumptables)
 *(.jumptables*)
 *(.lowtext)
 *(.lowtext*)
                0x000000c2                __ctors_start = .
 *(.ctors)
 .ctors         0x000000c2        0x2 E:\mes documents\GitHub\Projet-Kart\Kart - Atmel\kart\kart\ArduinoCore\Debug\libArduinoCore.a(HardwareSerial0.o)
                0x000000c4                __ctors_end = .
                0x000000c4                __dtors_start = .
 *(.dtors)
                0x000000c4                __dtors_end = .
 SORT(*)(.ctors)
 SORT(*)(.dtors)
 *(.init0)
 .init0         0x000000c4        0x0 C:/Program Files (x86)/Atmel/Studio/7.0/Packs/atmel/ATmega_DFP/1.2.150/gcc/dev/atmega328p/avr5/crtatmega328p.o
                0x000000c4                __init
 *(.init0)
 *(.init1)
 *(.init1)
 *(.init2)
 .init2         0x000000c4        0xc C:/Program Files (x86)/Atmel/Studio/7.0/Packs/atmel/ATmega_DFP/1.2.150/gcc/dev/atmega328p/avr5/crtatmega328p.o
 *(.init2)
 *(.init3)
 *(.init3)
 *(.init4)
 .init4         0x000000d0       0x16 c:/program files (x86)/atmel/studio/7.0/toolchain/avr8/avr8-gnu-toolchain/bin/../lib/gcc/avr/5.4.0/avr5\libgcc.a(_copy_data.o)
                0x000000d0                __do_copy_data
 .init4         0x000000e6       0x10 c:/program files (x86)/atmel/studio/7.0/toolchain/avr8/avr8-gnu-toolchain/bin/../lib/gcc/avr/5.4.0/avr5\libgcc.a(_clear_bss.o)
                0x000000e6                __do_clear_bss
 *(.init4)
 *(.init5)
 *(.init5)
 *(.init6)
 .init6         0x000000f6       0x16 c:/program files (x86)/atmel/studio/7.0/toolchain/avr8/avr8-gnu-toolchain/bin/../lib/gcc/avr/5.4.0/avr5\libgcc.a(_ctors.o)
                0x000000f6                __do_global_ctors
 *(.init6)
 *(.init7)
 *(.init7)
 *(.init8)
 *(.init8)
 *(.init9)
 .init9         0x0000010c        0x8 C:/Program Files (x86)/Atmel/Studio/7.0/Packs/atmel/ATmega_DFP/1.2.150/gcc/dev/atmega328p/avr5/crtatmega328p.o
 *(.init9)
 *(.text)
 .text          0x00000114        0x4 C:/Program Files (x86)/Atmel/Studio/7.0/Packs/atmel/ATmega_DFP/1.2.150/gcc/dev/atmega328p/avr5/crtatmega328p.o
                0x00000114                __vector_22
                0x00000114                __vector_24
                0x00000114                __vector_12
                0x00000114                __bad_interrupt
                0x00000114                __vector_6
                0x00000114                __vector_23
                0x00000114                __vector_25
                0x00000114                __vector_11
                0x00000114                __vector_13
                0x00000114                __vector_17
                0x00000114                __vector_7
                0x00000114                __vector_9
                0x00000114                __vector_21
                0x00000114                __vector_15
                0x00000114                __vector_8
                0x00000114                __vector_14
                0x00000114                __vector_10
                0x00000114                __vector_20
                0x00000118                . = ALIGN (0x2)
 *(.text.*)
 .text._Z11CAPTEUR_INTv
                0x00000118        0xc Sketch.o
                0x00000118                _Z11CAPTEUR_INTv
 .text._Z15enableInterrupthPFvvEh
                0x00000124      0x1a0 Sketch.o
                0x00000124                _Z15enableInterrupthPFvvEh
 .text.__vector_1
                0x000002c4       0x4e Sketch.o
                0x000002c4                __vector_1
 .text.__vector_2
                0x00000312       0x4e Sketch.o
                0x00000312                __vector_2
 .text.__vector_3
                0x00000360       0xc6 Sketch.o
                0x00000360                __vector_3
 .text.__vector_4
                0x00000426       0xc6 Sketch.o
                0x00000426                __vector_4
 .text.__vector_5
                0x000004ec       0xe2 Sketch.o
                0x000004ec                __vector_5
 .text.setup    0x000005ce       0x26 Sketch.o
                0x000005ce                setup
 .text.loop     0x000005f4       0x88 Sketch.o
                0x000005f4                loop
 .text.avr-libc.fplib
                0x0000067c       0x5e c:/program files (x86)/atmel/studio/7.0/toolchain/avr8/avr8-gnu-toolchain/bin/../lib/gcc/avr/5.4.0/../../../../avr/lib/avr5\libm.a(fixunssfsi.o)
                0x0000067c                __fixunssfsi
 .text.avr-libc.fplib
                0x000006da       0x7a c:/program files (x86)/atmel/studio/7.0/toolchain/avr8/avr8-gnu-toolchain/bin/../lib/gcc/avr/5.4.0/../../../../avr/lib/avr5\libm.a(floatsisf.o)
                0x000006da                __floatunsisf
                0x000006de                __floatsisf
 .text.avr-libc.fplib
                0x00000754       0x44 c:/program files (x86)/atmel/studio/7.0/toolchain/avr8/avr8-gnu-toolchain/bin/../lib/gcc/avr/5.4.0/../../../../avr/lib/avr5\libm.a(fp_split3.o)
                0x00000754                __fp_split3
                0x00000764                __fp_splitA
 .text.avr-libc.fplib
                0x00000798        0xe c:/program files (x86)/atmel/studio/7.0/toolchain/avr8/avr8-gnu-toolchain/bin/../lib/gcc/avr/5.4.0/../../../../avr/lib/avr5\libm.a(fp_zero.o)
                0x00000798                __fp_zero
                0x0000079a                __fp_szero
 .text.avr-libc.fplib
                0x000007a6        0x8 c:/program files (x86)/atmel/studio/7.0/toolchain/avr8/avr8-gnu-toolchain/bin/../lib/gcc/avr/5.4.0/../../../../avr/lib/avr5\libm.a(mulsf3.o)
                0x000007a6                __mulsf3
 .text.avr-libc.fplib
                0x000007ae       0xd2 c:/program files (x86)/atmel/studio/7.0/toolchain/avr8/avr8-gnu-toolchain/bin/../lib/gcc/avr/5.4.0/../../../../avr/lib/avr5\libm.a(mulsf3x.o)
                0x000007cc                __mulsf3x
                0x000007d2                __mulsf3_pse
 .text.avr-libc.fplib
                0x00000880        0xc c:/program files (x86)/atmel/studio/7.0/toolchain/avr8/avr8-gnu-toolchain/bin/../lib/gcc/avr/5.4.0/../../../../avr/lib/avr5\libm.a(fp_inf.o)
                0x00000880                __fp_inf
 .text.avr-libc.fplib
                0x0000088c        0x6 c:/program files (x86)/atmel/studio/7.0/toolchain/avr8/avr8-gnu-toolchain/bin/../lib/gcc/avr/5.4.0/../../../../avr/lib/avr5\libm.a(fp_nan.o)
                0x0000088c                __fp_nan
 .text.avr-libc.fplib
                0x00000892        0xe c:/program files (x86)/atmel/studio/7.0/toolchain/avr8/avr8-gnu-toolchain/bin/../lib/gcc/avr/5.4.0/../../../../avr/lib/avr5\libm.a(fp_pscA.o)
                0x00000892                __fp_pscA
 .text.avr-libc.fplib
                0x000008a0        0xe c:/program files (x86)/atmel/studio/7.0/toolchain/avr8/avr8-gnu-toolchain/bin/../lib/gcc/avr/5.4.0/../../../../avr/lib/avr5\libm.a(fp_pscB.o)
                0x000008a0                __fp_pscB
 .text.avr-libc.fplib
                0x000008ae       0x22 c:/program files (x86)/atmel/studio/7.0/toolchain/avr8/avr8-gnu-toolchain/bin/../lib/gcc/avr/5.4.0/../../../../avr/lib/avr5\libm.a(fp_round.o)
                0x000008ae                __fp_round
 .text._ZN14HardwareSerial9availableEv
                0x000008d0       0x18 E:\mes documents\GitHub\Projet-Kart\Kart - Atmel\kart\kart\ArduinoCore\Debug\libArduinoCore.a(HardwareSerial.o)
                0x000008d0                _ZN14HardwareSerial9availableEv
 .text._ZN14HardwareSerial4peekEv
                0x000008e8       0x1c E:\mes documents\GitHub\Projet-Kart\Kart - Atmel\kart\kart\ArduinoCore\Debug\libArduinoCore.a(HardwareSerial.o)
                0x000008e8                _ZN14HardwareSerial4peekEv
 .text._ZN14HardwareSerial4readEv
                0x00000904       0x28 E:\mes documents\GitHub\Projet-Kart\Kart - Atmel\kart\kart\ArduinoCore\Debug\libArduinoCore.a(HardwareSerial.o)
                0x00000904                _ZN14HardwareSerial4readEv
 .text._ZN14HardwareSerial17availableForWriteEv
                0x0000092c       0x1e E:\mes documents\GitHub\Projet-Kart\Kart - Atmel\kart\kart\ArduinoCore\Debug\libArduinoCore.a(HardwareSerial.o)
                0x0000092c                _ZN14HardwareSerial17availableForWriteEv
 .text._Z14serialEventRunv
                0x0000094a       0x1c E:\mes documents\GitHub\Projet-Kart\Kart - Atmel\kart\kart\ArduinoCore\Debug\libArduinoCore.a(HardwareSerial.o)
                0x0000094a                _Z14serialEventRunv
 .text._ZN14HardwareSerial17_tx_udr_empty_irqEv
                0x00000966       0x42 E:\mes documents\GitHub\Projet-Kart\Kart - Atmel\kart\kart\ArduinoCore\Debug\libArduinoCore.a(HardwareSerial.o)
                0x00000966                _ZN14HardwareSerial17_tx_udr_empty_irqEv
 .text._ZN14HardwareSerial5writeEh
                0x000009a8       0x8e E:\mes documents\GitHub\Projet-Kart\Kart - Atmel\kart\kart\ArduinoCore\Debug\libArduinoCore.a(HardwareSerial.o)
                0x000009a8                _ZN14HardwareSerial5writeEh
 .text._ZN14HardwareSerial5flushEv
                0x00000a36       0x44 E:\mes documents\GitHub\Projet-Kart\Kart - Atmel\kart\kart\ArduinoCore\Debug\libArduinoCore.a(HardwareSerial.o)
                0x00000a36                _ZN14HardwareSerial5flushEv
 .text._ZN14HardwareSerial5beginEmh
                0x00000a7a       0xca E:\mes documents\GitHub\Projet-Kart\Kart - Atmel\kart\kart\ArduinoCore\Debug\libArduinoCore.a(HardwareSerial.o)
                0x00000a7a                _ZN14HardwareSerial5beginEmh
 .text.__vector_18
                0x00000b44       0x64 E:\mes documents\GitHub\Projet-Kart\Kart - Atmel\kart\kart\ArduinoCore\Debug\libArduinoCore.a(HardwareSerial0.o)
                0x00000b44                __vector_18
 .text.__vector_19
                0x00000ba8       0x4c E:\mes documents\GitHub\Projet-Kart\Kart - Atmel\kart\kart\ArduinoCore\Debug\libArduinoCore.a(HardwareSerial0.o)
                0x00000ba8                __vector_19
 .text._Z17Serial0_availablev
                0x00000bf4       0x14 E:\mes documents\GitHub\Projet-Kart\Kart - Atmel\kart\kart\ArduinoCore\Debug\libArduinoCore.a(HardwareSerial0.o)
                0x00000bf4                _Z17Serial0_availablev
 .text.startup._GLOBAL__sub_I___vector_18
                0x00000c08       0x5a E:\mes documents\GitHub\Projet-Kart\Kart - Atmel\kart\kart\ArduinoCore\Debug\libArduinoCore.a(HardwareSerial0.o)
 .text.initVariant
                0x00000c62        0x2 E:\mes documents\GitHub\Projet-Kart\Kart - Atmel\kart\kart\ArduinoCore\Debug\libArduinoCore.a(main.o)
                0x00000c62                initVariant
 .text.startup.main
                0x00000c64       0x1e E:\mes documents\GitHub\Projet-Kart\Kart - Atmel\kart\kart\ArduinoCore\Debug\libArduinoCore.a(main.o)
                0x00000c64                main
 .text._ZN5Print5writeEPKhj
                0x00000c82       0x54 E:\mes documents\GitHub\Projet-Kart\Kart - Atmel\kart\kart\ArduinoCore\Debug\libArduinoCore.a(Print.o)
                0x00000c82                _ZN5Print5writeEPKhj
 .text.__vector_16
                0x00000cd6       0x94 E:\mes documents\GitHub\Projet-Kart\Kart - Atmel\kart\kart\ArduinoCore\Debug\libArduinoCore.a(wiring.o)
                0x00000cd6                __vector_16
 .text.millis   0x00000d6a       0x18 E:\mes documents\GitHub\Projet-Kart\Kart - Atmel\kart\kart\ArduinoCore\Debug\libArduinoCore.a(wiring.o)
                0x00000d6a                millis
 .text.init     0x00000d82       0x76 E:\mes documents\GitHub\Projet-Kart\Kart - Atmel\kart\kart\ArduinoCore\Debug\libArduinoCore.a(wiring.o)
                0x00000d82                init
 .text.pinMode  0x00000df8       0x78 E:\mes documents\GitHub\Projet-Kart\Kart - Atmel\kart\kart\ArduinoCore\Debug\libArduinoCore.a(wiring_digital.o)
                0x00000df8                pinMode
 .text.libgcc.div
                0x00000e70       0x44 c:/program files (x86)/atmel/studio/7.0/toolchain/avr8/avr8-gnu-toolchain/bin/../lib/gcc/avr/5.4.0/avr5\libgcc.a(_udivmodsi4.o)
                0x00000e70                __udivmodsi4
 .text.libgcc   0x00000eb4        0xc c:/program files (x86)/atmel/studio/7.0/toolchain/avr8/avr8-gnu-toolchain/bin/../lib/gcc/avr/5.4.0/avr5\libgcc.a(_tablejump2.o)
                0x00000eb4                __tablejump2__
                0x00000ec0                . = ALIGN (0x2)
 *(.fini9)
 .fini9         0x00000ec0        0x0 c:/program files (x86)/atmel/studio/7.0/toolchain/avr8/avr8-gnu-toolchain/bin/../lib/gcc/avr/5.4.0/avr5\libgcc.a(_exit.o)
                0x00000ec0                _exit
                0x00000ec0                exit
 *(.fini9)
 *(.fini8)
 *(.fini8)
 *(.fini7)
 *(.fini7)
 *(.fini6)
 *(.fini6)
 *(.fini5)
 *(.fini5)
 *(.fini4)
 *(.fini4)
 *(.fini3)
 *(.fini3)
 *(.fini2)
 *(.fini2)
 *(.fini1)
 *(.fini1)
 *(.fini0)
 .fini0         0x00000ec0        0x4 c:/program files (x86)/atmel/studio/7.0/toolchain/avr8/avr8-gnu-toolchain/bin/../lib/gcc/avr/5.4.0/avr5\libgcc.a(_exit.o)
 *(.fini0)
                0x00000ec4                _etext = .

.data           0x00800100       0x12 load address 0x00000ec4
                0x00800100                PROVIDE (__data_start, .)
 *(.data)
 *(.data*)
 *(.gnu.linkonce.d*)
 *(.rodata)
 *(.rodata*)
 .rodata._ZTV14HardwareSerial
                0x00800100       0x12 E:\mes documents\GitHub\Projet-Kart\Kart - Atmel\kart\kart\ArduinoCore\Debug\libArduinoCore.a(HardwareSerial.o)
                0x00800100                _ZTV14HardwareSerial
 *(.gnu.linkonce.r*)
                0x00800112                . = ALIGN (0x2)
                0x00800112                _edata = .
                0x00800112                PROVIDE (__data_end, .)

.bss            0x00800112       0xe5
                0x00800112                PROVIDE (__bss_start, .)
 *(.bss)
 *(.bss*)
 .bss.CountSeconde
                0x00800112        0x4 Sketch.o
                0x00800112                CountSeconde
 .bss.NbDetectionParSec
                0x00800116        0x1 Sketch.o
                0x00800116                NbDetectionParSec
 .bss.MemoCountDemiTour
                0x00800117        0x1 Sketch.o
                0x00800117                MemoCountDemiTour
 .bss.Vitesse   0x00800118        0x1 Sketch.o
                0x00800118                Vitesse
 .bss.CountDemiTour
                0x00800119        0x1 Sketch.o
                0x00800119                CountDemiTour
 .bss._ZL13portSnapshotD
                0x0080011a        0x1 Sketch.o
 .bss.fallingPinsPORTD
                0x0080011b        0x1 Sketch.o
                0x0080011b                fallingPinsPORTD
 .bss.risingPinsPORTD
                0x0080011c        0x1 Sketch.o
                0x0080011c                risingPinsPORTD
 .bss._ZL13portSnapshotC
                0x0080011d        0x1 Sketch.o
 .bss.fallingPinsPORTC
                0x0080011e        0x1 Sketch.o
                0x0080011e                fallingPinsPORTC
 .bss.risingPinsPORTC
                0x0080011f        0x1 Sketch.o
                0x0080011f                risingPinsPORTC
 .bss._ZL13portSnapshotB
                0x00800120        0x1 Sketch.o
 .bss.fallingPinsPORTB
                0x00800121        0x1 Sketch.o
                0x00800121                fallingPinsPORTB
 .bss.risingPinsPORTB
                0x00800122        0x1 Sketch.o
                0x00800122                risingPinsPORTB
 .bss.portDFunctions
                0x00800123       0x10 Sketch.o
                0x00800123                portDFunctions
 .bss.portCFunctions
                0x00800133        0xc Sketch.o
                0x00800133                portCFunctions
 .bss.portBFunctions
                0x0080013f        0xc Sketch.o
                0x0080013f                portBFunctions
 .bss.functionPointerArrayEXTERNAL
                0x0080014b        0x4 Sketch.o
                0x0080014b                functionPointerArrayEXTERNAL
 .bss.pcmsk     0x0080014f        0x2 Sketch.o
                0x0080014f                pcmsk
 .bss.Serial    0x00800151       0x9d E:\mes documents\GitHub\Projet-Kart\Kart - Atmel\kart\kart\ArduinoCore\Debug\libArduinoCore.a(HardwareSerial0.o)
                0x00800151                Serial
 .bss.timer0_fract
                0x008001ee        0x1 E:\mes documents\GitHub\Projet-Kart\Kart - Atmel\kart\kart\ArduinoCore\Debug\libArduinoCore.a(wiring.o)
 .bss.timer0_millis
                0x008001ef        0x4 E:\mes documents\GitHub\Projet-Kart\Kart - Atmel\kart\kart\ArduinoCore\Debug\libArduinoCore.a(wiring.o)
                0x008001ef                timer0_millis
 .bss.timer0_overflow_count
                0x008001f3        0x4 E:\mes documents\GitHub\Projet-Kart\Kart - Atmel\kart\kart\ArduinoCore\Debug\libArduinoCore.a(wiring.o)
                0x008001f3                timer0_overflow_count
 *(COMMON)
                0x008001f7                PROVIDE (__bss_end, .)
                0x00000ec4                __data_load_start = LOADADDR (.data)
                0x00000ed6                __data_load_end = (__data_load_start + SIZEOF (.data))

.noinit         0x008001f7        0x0
                [!provide]                PROVIDE (__noinit_start, .)
 *(.noinit*)
                [!provide]                PROVIDE (__noinit_end, .)
                0x008001f7                _end = .
                [!provide]                PROVIDE (__heap_start, .)

.eeprom         0x00810000        0x0
 *(.eeprom*)
                0x00810000                __eeprom_end = .

.fuse
 *(.fuse)
 *(.lfuse)
 *(.hfuse)
 *(.efuse)

.lock
 *(.lock*)

.signature
 *(.signature*)

.user_signatures
 *(.user_signatures*)

.stab
 *(.stab)

.stabstr
 *(.stabstr)

.stab.excl
 *(.stab.excl)

.stab.exclstr
 *(.stab.exclstr)

.stab.index
 *(.stab.index)

.stab.indexstr
 *(.stab.indexstr)

.comment        0x00000000       0x30
 *(.comment)
 .comment       0x00000000       0x30 Sketch.o
                                 0x31 (size before relaxing)
 .comment       0x00000030       0x31 E:\mes documents\GitHub\Projet-Kart\Kart - Atmel\kart\kart\ArduinoCore\Debug\libArduinoCore.a(HardwareSerial.o)
 .comment       0x00000030       0x31 E:\mes documents\GitHub\Projet-Kart\Kart - Atmel\kart\kart\ArduinoCore\Debug\libArduinoCore.a(HardwareSerial0.o)
 .comment       0x00000030       0x31 E:\mes documents\GitHub\Projet-Kart\Kart - Atmel\kart\kart\ArduinoCore\Debug\libArduinoCore.a(main.o)
 .comment       0x00000030       0x31 E:\mes documents\GitHub\Projet-Kart\Kart - Atmel\kart\kart\ArduinoCore\Debug\libArduinoCore.a(Print.o)
 .comment       0x00000030       0x31 E:\mes documents\GitHub\Projet-Kart\Kart - Atmel\kart\kart\ArduinoCore\Debug\libArduinoCore.a(wiring.o)
 .comment       0x00000030       0x31 E:\mes documents\GitHub\Projet-Kart\Kart - Atmel\kart\kart\ArduinoCore\Debug\libArduinoCore.a(wiring_digital.o)

.note.gnu.avr.deviceinfo
                0x00000000       0x40
 .note.gnu.avr.deviceinfo
                0x00000000       0x40 C:/Program Files (x86)/Atmel/Studio/7.0/Packs/atmel/ATmega_DFP/1.2.150/gcc/dev/atmega328p/avr5/crtatmega328p.o

.note.gnu.build-id
 *(.note.gnu.build-id)

.debug
 *(.debug)

.line
 *(.line)

.debug_srcinfo
 *(.debug_srcinfo)

.debug_sfnames
 *(.debug_sfnames)

.debug_aranges  0x00000000      0x2d0
 *(.debug_aranges)
 .debug_aranges
                0x00000000       0x70 Sketch.o
 .debug_aranges
                0x00000070       0x68 E:\mes documents\GitHub\Projet-Kart\Kart - Atmel\kart\kart\ArduinoCore\Debug\libArduinoCore.a(HardwareSerial.o)
 .debug_aranges
                0x000000d8       0x48 E:\mes documents\GitHub\Projet-Kart\Kart - Atmel\kart\kart\ArduinoCore\Debug\libArduinoCore.a(HardwareSerial0.o)
 .debug_aranges
                0x00000120       0x30 E:\mes documents\GitHub\Projet-Kart\Kart - Atmel\kart\kart\ArduinoCore\Debug\libArduinoCore.a(main.o)
 .debug_aranges
                0x00000150      0x100 E:\mes documents\GitHub\Projet-Kart\Kart - Atmel\kart\kart\ArduinoCore\Debug\libArduinoCore.a(Print.o)
 .debug_aranges
                0x00000250       0x48 E:\mes documents\GitHub\Projet-Kart\Kart - Atmel\kart\kart\ArduinoCore\Debug\libArduinoCore.a(wiring.o)
 .debug_aranges
                0x00000298       0x38 E:\mes documents\GitHub\Projet-Kart\Kart - Atmel\kart\kart\ArduinoCore\Debug\libArduinoCore.a(wiring_digital.o)

.debug_pubnames
 *(.debug_pubnames)

.debug_info     0x00000000     0x7ede
 *(.debug_info .gnu.linkonce.wi.*)
 .debug_info    0x00000000      0x5f4 C:/Program Files (x86)/Atmel/Studio/7.0/Packs/atmel/ATmega_DFP/1.2.150/gcc/dev/atmega328p/avr5/crtatmega328p.o
 .debug_info    0x000005f4      0xb4c Sketch.o
 .debug_info    0x00001140     0x1e89 E:\mes documents\GitHub\Projet-Kart\Kart - Atmel\kart\kart\ArduinoCore\Debug\libArduinoCore.a(HardwareSerial.o)
 .debug_info    0x00002fc9     0x1b16 E:\mes documents\GitHub\Projet-Kart\Kart - Atmel\kart\kart\ArduinoCore\Debug\libArduinoCore.a(HardwareSerial0.o)
 .debug_info    0x00004adf      0x237 E:\mes documents\GitHub\Projet-Kart\Kart - Atmel\kart\kart\ArduinoCore\Debug\libArduinoCore.a(main.o)
 .debug_info    0x00004d16     0x28ff E:\mes documents\GitHub\Projet-Kart\Kart - Atmel\kart\kart\ArduinoCore\Debug\libArduinoCore.a(Print.o)
 .debug_info    0x00007615      0x2cb E:\mes documents\GitHub\Projet-Kart\Kart - Atmel\kart\kart\ArduinoCore\Debug\libArduinoCore.a(wiring.o)
 .debug_info    0x000078e0      0x5fe E:\mes documents\GitHub\Projet-Kart\Kart - Atmel\kart\kart\ArduinoCore\Debug\libArduinoCore.a(wiring_digital.o)

.debug_abbrev   0x00000000     0x195a
 *(.debug_abbrev)
 .debug_abbrev  0x00000000      0x5a2 C:/Program Files (x86)/Atmel/Studio/7.0/Packs/atmel/ATmega_DFP/1.2.150/gcc/dev/atmega328p/avr5/crtatmega328p.o
 .debug_abbrev  0x000005a2      0x370 Sketch.o
 .debug_abbrev  0x00000912      0x432 E:\mes documents\GitHub\Projet-Kart\Kart - Atmel\kart\kart\ArduinoCore\Debug\libArduinoCore.a(HardwareSerial.o)
 .debug_abbrev  0x00000d44      0x3ce E:\mes documents\GitHub\Projet-Kart\Kart - Atmel\kart\kart\ArduinoCore\Debug\libArduinoCore.a(HardwareSerial0.o)
 .debug_abbrev  0x00001112      0x12d E:\mes documents\GitHub\Projet-Kart\Kart - Atmel\kart\kart\ArduinoCore\Debug\libArduinoCore.a(main.o)
 .debug_abbrev  0x0000123f      0x47a E:\mes documents\GitHub\Projet-Kart\Kart - Atmel\kart\kart\ArduinoCore\Debug\libArduinoCore.a(Print.o)
 .debug_abbrev  0x000016b9      0x146 E:\mes documents\GitHub\Projet-Kart\Kart - Atmel\kart\kart\ArduinoCore\Debug\libArduinoCore.a(wiring.o)
 .debug_abbrev  0x000017ff      0x15b E:\mes documents\GitHub\Projet-Kart\Kart - Atmel\kart\kart\ArduinoCore\Debug\libArduinoCore.a(wiring_digital.o)

.debug_line     0x00000000     0x1c51
 *(.debug_line .debug_line.* .debug_line_end)
 .debug_line    0x00000000      0x133 C:/Program Files (x86)/Atmel/Studio/7.0/Packs/atmel/ATmega_DFP/1.2.150/gcc/dev/atmega328p/avr5/crtatmega328p.o
 .debug_line    0x00000133      0x797 Sketch.o
 .debug_line    0x000008ca      0x426 E:\mes documents\GitHub\Projet-Kart\Kart - Atmel\kart\kart\ArduinoCore\Debug\libArduinoCore.a(HardwareSerial.o)
 .debug_line    0x00000cf0      0x28c E:\mes documents\GitHub\Projet-Kart\Kart - Atmel\kart\kart\ArduinoCore\Debug\libArduinoCore.a(HardwareSerial0.o)
 .debug_line    0x00000f7c      0x165 E:\mes documents\GitHub\Projet-Kart\Kart - Atmel\kart\kart\ArduinoCore\Debug\libArduinoCore.a(main.o)
 .debug_line    0x000010e1      0x685 E:\mes documents\GitHub\Projet-Kart\Kart - Atmel\kart\kart\ArduinoCore\Debug\libArduinoCore.a(Print.o)
 .debug_line    0x00001766      0x299 E:\mes documents\GitHub\Projet-Kart\Kart - Atmel\kart\kart\ArduinoCore\Debug\libArduinoCore.a(wiring.o)
 .debug_line    0x000019ff      0x252 E:\mes documents\GitHub\Projet-Kart\Kart - Atmel\kart\kart\ArduinoCore\Debug\libArduinoCore.a(wiring_digital.o)

.debug_frame    0x00000000      0x984
 *(.debug_frame)
 .debug_frame   0x00000000      0x254 Sketch.o
 .debug_frame   0x00000254      0x110 E:\mes documents\GitHub\Projet-Kart\Kart - Atmel\kart\kart\ArduinoCore\Debug\libArduinoCore.a(HardwareSerial.o)
 .debug_frame   0x00000364       0xe0 E:\mes documents\GitHub\Projet-Kart\Kart - Atmel\kart\kart\ArduinoCore\Debug\libArduinoCore.a(HardwareSerial0.o)
 .debug_frame   0x00000444       0x54 E:\mes documents\GitHub\Projet-Kart\Kart - Atmel\kart\kart\ArduinoCore\Debug\libArduinoCore.a(main.o)
 .debug_frame   0x00000498      0x3ac E:\mes documents\GitHub\Projet-Kart\Kart - Atmel\kart\kart\ArduinoCore\Debug\libArduinoCore.a(Print.o)
 .debug_frame   0x00000844       0xc4 E:\mes documents\GitHub\Projet-Kart\Kart - Atmel\kart\kart\ArduinoCore\Debug\libArduinoCore.a(wiring.o)
 .debug_frame   0x00000908       0x7c E:\mes documents\GitHub\Projet-Kart\Kart - Atmel\kart\kart\ArduinoCore\Debug\libArduinoCore.a(wiring_digital.o)

.debug_str      0x00000000     0x2244
 *(.debug_str)
 .debug_str     0x00000000      0x208 C:/Program Files (x86)/Atmel/Studio/7.0/Packs/atmel/ATmega_DFP/1.2.150/gcc/dev/atmega328p/avr5/crtatmega328p.o
 .debug_str     0x00000208      0x695 Sketch.o
                                0x6fc (size before relaxing)
 .debug_str     0x0000089d     0x12dc E:\mes documents\GitHub\Projet-Kart\Kart - Atmel\kart\kart\ArduinoCore\Debug\libArduinoCore.a(HardwareSerial.o)
                               0x15e4 (size before relaxing)
 .debug_str     0x00001b79       0xca E:\mes documents\GitHub\Projet-Kart\Kart - Atmel\kart\kart\ArduinoCore\Debug\libArduinoCore.a(HardwareSerial0.o)
                               0x1400 (size before relaxing)
 .debug_str     0x00001c43       0x37 E:\mes documents\GitHub\Projet-Kart\Kart - Atmel\kart\kart\ArduinoCore\Debug\libArduinoCore.a(main.o)
                                0x2ac (size before relaxing)
 .debug_str     0x00001c7a      0x3df E:\mes documents\GitHub\Projet-Kart\Kart - Atmel\kart\kart\ArduinoCore\Debug\libArduinoCore.a(Print.o)
                               0x123a (size before relaxing)
 .debug_str     0x00002059      0x162 E:\mes documents\GitHub\Projet-Kart\Kart - Atmel\kart\kart\ArduinoCore\Debug\libArduinoCore.a(wiring.o)
                                0x242 (size before relaxing)
 .debug_str     0x000021bb       0x89 E:\mes documents\GitHub\Projet-Kart\Kart - Atmel\kart\kart\ArduinoCore\Debug\libArduinoCore.a(wiring_digital.o)
                                0x2a7 (size before relaxing)

.debug_loc      0x00000000     0x36f9
 *(.debug_loc)
 .debug_loc     0x00000000      0xbb7 Sketch.o
 .debug_loc     0x00000bb7      0x482 E:\mes documents\GitHub\Projet-Kart\Kart - Atmel\kart\kart\ArduinoCore\Debug\libArduinoCore.a(HardwareSerial.o)
 .debug_loc     0x00001039      0x1b0 E:\mes documents\GitHub\Projet-Kart\Kart - Atmel\kart\kart\ArduinoCore\Debug\libArduinoCore.a(HardwareSerial0.o)
 .debug_loc     0x000011e9     0x1c87 E:\mes documents\GitHub\Projet-Kart\Kart - Atmel\kart\kart\ArduinoCore\Debug\libArduinoCore.a(Print.o)
 .debug_loc     0x00002e70      0x28d E:\mes documents\GitHub\Projet-Kart\Kart - Atmel\kart\kart\ArduinoCore\Debug\libArduinoCore.a(wiring.o)
 .debug_loc     0x000030fd      0x5fc E:\mes documents\GitHub\Projet-Kart\Kart - Atmel\kart\kart\ArduinoCore\Debug\libArduinoCore.a(wiring_digital.o)

.debug_macinfo
 *(.debug_macinfo)

.debug_weaknames
 *(.debug_weaknames)

.debug_funcnames
 *(.debug_funcnames)

.debug_typenames
 *(.debug_typenames)

.debug_varnames
 *(.debug_varnames)

.debug_pubtypes
 *(.debug_pubtypes)

.debug_ranges   0x00000000      0x2a8
 *(.debug_ranges)
 .debug_ranges  0x00000000       0x78 Sketch.o
 .debug_ranges  0x00000078       0x58 E:\mes documents\GitHub\Projet-Kart\Kart - Atmel\kart\kart\ArduinoCore\Debug\libArduinoCore.a(HardwareSerial.o)
 .debug_ranges  0x000000d0       0x38 E:\mes documents\GitHub\Projet-Kart\Kart - Atmel\kart\kart\ArduinoCore\Debug\libArduinoCore.a(HardwareSerial0.o)
 .debug_ranges  0x00000108       0x20 E:\mes documents\GitHub\Projet-Kart\Kart - Atmel\kart\kart\ArduinoCore\Debug\libArduinoCore.a(main.o)
 .debug_ranges  0x00000128      0x120 E:\mes documents\GitHub\Projet-Kart\Kart - Atmel\kart\kart\ArduinoCore\Debug\libArduinoCore.a(Print.o)
 .debug_ranges  0x00000248       0x38 E:\mes documents\GitHub\Projet-Kart\Kart - Atmel\kart\kart\ArduinoCore\Debug\libArduinoCore.a(wiring.o)
 .debug_ranges  0x00000280       0x28 E:\mes documents\GitHub\Projet-Kart\Kart - Atmel\kart\kart\ArduinoCore\Debug\libArduinoCore.a(wiring_digital.o)

.debug_macro
 *(.debug_macro)
OUTPUT(Kart.elf elf32-avr)
LOAD linker stubs
