Archive member included to satisfy reference by file (symbol)

c:/program files (x86)/atmel/studio/7.0/toolchain/avr8/avr8-gnu-toolchain/bin/../lib/gcc/avr/5.4.0/../../../../avr/lib/avr5\libm.a(addsf3.o)
                              Sketch.o (__subsf3)
c:/program files (x86)/atmel/studio/7.0/toolchain/avr8/avr8-gnu-toolchain/bin/../lib/gcc/avr/5.4.0/../../../../avr/lib/avr5\libm.a(addsf3x.o)
                              c:/program files (x86)/atmel/studio/7.0/toolchain/avr8/avr8-gnu-toolchain/bin/../lib/gcc/avr/5.4.0/../../../../avr/lib/avr5\libm.a(addsf3.o) (__addsf3x)
c:/program files (x86)/atmel/studio/7.0/toolchain/avr8/avr8-gnu-toolchain/bin/../lib/gcc/avr/5.4.0/../../../../avr/lib/avr5\libm.a(cmpsf2.o)
                              Sketch.o (__ltsf2)
c:/program files (x86)/atmel/studio/7.0/toolchain/avr8/avr8-gnu-toolchain/bin/../lib/gcc/avr/5.4.0/../../../../avr/lib/avr5\libm.a(divsf3.o)
                              Sketch.o (__divsf3)
c:/program files (x86)/atmel/studio/7.0/toolchain/avr8/avr8-gnu-toolchain/bin/../lib/gcc/avr/5.4.0/../../../../avr/lib/avr5\libm.a(divsf3x.o)
                              c:/program files (x86)/atmel/studio/7.0/toolchain/avr8/avr8-gnu-toolchain/bin/../lib/gcc/avr/5.4.0/../../../../avr/lib/avr5\libm.a(divsf3.o) (__divsf3x)
c:/program files (x86)/atmel/studio/7.0/toolchain/avr8/avr8-gnu-toolchain/bin/../lib/gcc/avr/5.4.0/../../../../avr/lib/avr5\libm.a(fixunssfsi.o)
                              Sketch.o (__fixunssfsi)
c:/program files (x86)/atmel/studio/7.0/toolchain/avr8/avr8-gnu-toolchain/bin/../lib/gcc/avr/5.4.0/../../../../avr/lib/avr5\libm.a(floatsisf.o)
                              Sketch.o (__floatunsisf)
c:/program files (x86)/atmel/studio/7.0/toolchain/avr8/avr8-gnu-toolchain/bin/../lib/gcc/avr/5.4.0/../../../../avr/lib/avr5\libm.a(fp_cmp.o)
                              c:/program files (x86)/atmel/studio/7.0/toolchain/avr8/avr8-gnu-toolchain/bin/../lib/gcc/avr/5.4.0/../../../../avr/lib/avr5\libm.a(cmpsf2.o) (__fp_cmp)
c:/program files (x86)/atmel/studio/7.0/toolchain/avr8/avr8-gnu-toolchain/bin/../lib/gcc/avr/5.4.0/../../../../avr/lib/avr5\libm.a(fp_inf.o)
                              c:/program files (x86)/atmel/studio/7.0/toolchain/avr8/avr8-gnu-toolchain/bin/../lib/gcc/avr/5.4.0/../../../../avr/lib/avr5\libm.a(addsf3x.o) (__fp_inf)
c:/program files (x86)/atmel/studio/7.0/toolchain/avr8/avr8-gnu-toolchain/bin/../lib/gcc/avr/5.4.0/../../../../avr/lib/avr5\libm.a(fp_nan.o)
                              c:/program files (x86)/atmel/studio/7.0/toolchain/avr8/avr8-gnu-toolchain/bin/../lib/gcc/avr/5.4.0/../../../../avr/lib/avr5\libm.a(addsf3x.o) (__fp_nan)
c:/program files (x86)/atmel/studio/7.0/toolchain/avr8/avr8-gnu-toolchain/bin/../lib/gcc/avr/5.4.0/../../../../avr/lib/avr5\libm.a(fp_pscA.o)
                              c:/program files (x86)/atmel/studio/7.0/toolchain/avr8/avr8-gnu-toolchain/bin/../lib/gcc/avr/5.4.0/../../../../avr/lib/avr5\libm.a(addsf3x.o) (__fp_pscA)
c:/program files (x86)/atmel/studio/7.0/toolchain/avr8/avr8-gnu-toolchain/bin/../lib/gcc/avr/5.4.0/../../../../avr/lib/avr5\libm.a(fp_pscB.o)
                              c:/program files (x86)/atmel/studio/7.0/toolchain/avr8/avr8-gnu-toolchain/bin/../lib/gcc/avr/5.4.0/../../../../avr/lib/avr5\libm.a(addsf3x.o) (__fp_pscB)
c:/program files (x86)/atmel/studio/7.0/toolchain/avr8/avr8-gnu-toolchain/bin/../lib/gcc/avr/5.4.0/../../../../avr/lib/avr5\libm.a(fp_round.o)
                              c:/program files (x86)/atmel/studio/7.0/toolchain/avr8/avr8-gnu-toolchain/bin/../lib/gcc/avr/5.4.0/../../../../avr/lib/avr5\libm.a(addsf3.o) (__fp_round)
c:/program files (x86)/atmel/studio/7.0/toolchain/avr8/avr8-gnu-toolchain/bin/../lib/gcc/avr/5.4.0/../../../../avr/lib/avr5\libm.a(fp_split3.o)
                              c:/program files (x86)/atmel/studio/7.0/toolchain/avr8/avr8-gnu-toolchain/bin/../lib/gcc/avr/5.4.0/../../../../avr/lib/avr5\libm.a(addsf3x.o) (__fp_split3)
c:/program files (x86)/atmel/studio/7.0/toolchain/avr8/avr8-gnu-toolchain/bin/../lib/gcc/avr/5.4.0/../../../../avr/lib/avr5\libm.a(fp_zero.o)
                              c:/program files (x86)/atmel/studio/7.0/toolchain/avr8/avr8-gnu-toolchain/bin/../lib/gcc/avr/5.4.0/../../../../avr/lib/avr5\libm.a(addsf3x.o) (__fp_zero)
c:/program files (x86)/atmel/studio/7.0/toolchain/avr8/avr8-gnu-toolchain/bin/../lib/gcc/avr/5.4.0/../../../../avr/lib/avr5\libm.a(gesf2.o)
                              Sketch.o (__gtsf2)
c:/program files (x86)/atmel/studio/7.0/toolchain/avr8/avr8-gnu-toolchain/bin/../lib/gcc/avr/5.4.0/../../../../avr/lib/avr5\libm.a(mulsf3.o)
                              Sketch.o (__mulsf3)
c:/program files (x86)/atmel/studio/7.0/toolchain/avr8/avr8-gnu-toolchain/bin/../lib/gcc/avr/5.4.0/../../../../avr/lib/avr5\libm.a(mulsf3x.o)
                              c:/program files (x86)/atmel/studio/7.0/toolchain/avr8/avr8-gnu-toolchain/bin/../lib/gcc/avr/5.4.0/../../../../avr/lib/avr5\libm.a(mulsf3.o) (__mulsf3x)
E:\mes documents\GitHub\Projet-Kart\Kart - Atmel\kart\kart\ArduinoCore\Debug\libArduinoCore.a(HardwareSerial.o)
                              Sketch.o (_ZN14HardwareSerial5writeEh)
E:\mes documents\GitHub\Projet-Kart\Kart - Atmel\kart\kart\ArduinoCore\Debug\libArduinoCore.a(HardwareSerial0.o)
                              Sketch.o (Serial)
E:\mes documents\GitHub\Projet-Kart\Kart - Atmel\kart\kart\ArduinoCore\Debug\libArduinoCore.a(main.o)
                              C:/Program Files (x86)/Atmel/Studio/7.0/Packs/atmel/ATmega_DFP/1.2.150/gcc/dev/atmega328p/avr5/crtatmega328p.o (main)
E:\mes documents\GitHub\Projet-Kart\Kart - Atmel\kart\kart\ArduinoCore\Debug\libArduinoCore.a(Print.o)
                              E:\mes documents\GitHub\Projet-Kart\Kart - Atmel\kart\kart\ArduinoCore\Debug\libArduinoCore.a(HardwareSerial.o) (_ZN5Print5writeEPKhj)
E:\mes documents\GitHub\Projet-Kart\Kart - Atmel\kart\kart\ArduinoCore\Debug\libArduinoCore.a(wiring.o)
                              Sketch.o (millis)
E:\mes documents\GitHub\Projet-Kart\Kart - Atmel\kart\kart\ArduinoCore\Debug\libArduinoCore.a(wiring_analog.o)
                              Sketch.o (analogRead)
E:\mes documents\GitHub\Projet-Kart\Kart - Atmel\kart\kart\ArduinoCore\Debug\libArduinoCore.a(wiring_digital.o)
                              Sketch.o (pinMode)
E:\mes documents\GitHub\Projet-Kart\Kart - Atmel\kart\kart\ArduinoCore\Debug\libArduinoCore.a(wiring_shift.o)
                              Sketch.o (shiftOut)
E:\mes documents\GitHub\Projet-Kart\Kart - Atmel\kart\kart\ArduinoCore\Debug\libArduinoCore.a(abi.o)
                              E:\mes documents\GitHub\Projet-Kart\Kart - Atmel\kart\kart\ArduinoCore\Debug\libArduinoCore.a(Print.o) (__cxa_pure_virtual)
E:\mes documents\GitHub\Projet-Kart\Kart - Atmel\kart\kart\ArduinoCore\Debug\libArduinoCore.a(hooks.o)
                              E:\mes documents\GitHub\Projet-Kart\Kart - Atmel\kart\kart\ArduinoCore\Debug\libArduinoCore.a(wiring.o) (yield)
c:/program files (x86)/atmel/studio/7.0/toolchain/avr8/avr8-gnu-toolchain/bin/../lib/gcc/avr/5.4.0/../../../../avr/lib/avr5\libm.a(unordsf2.o)
                              E:\mes documents\GitHub\Projet-Kart\Kart - Atmel\kart\kart\ArduinoCore\Debug\libArduinoCore.a(Print.o) (__unordsf2)
c:/program files (x86)/atmel/studio/7.0/toolchain/avr8/avr8-gnu-toolchain/bin/../lib/gcc/avr/5.4.0/avr5\libgcc.a(_udivmodqi4.o)
                              Sketch.o (__udivmodqi4)
c:/program files (x86)/atmel/studio/7.0/toolchain/avr8/avr8-gnu-toolchain/bin/../lib/gcc/avr/5.4.0/avr5\libgcc.a(_udivmodsi4.o)
                              E:\mes documents\GitHub\Projet-Kart\Kart - Atmel\kart\kart\ArduinoCore\Debug\libArduinoCore.a(HardwareSerial.o) (__udivmodsi4)
c:/program files (x86)/atmel/studio/7.0/toolchain/avr8/avr8-gnu-toolchain/bin/../lib/gcc/avr/5.4.0/avr5\libgcc.a(_exit.o)
                              C:/Program Files (x86)/Atmel/Studio/7.0/Packs/atmel/ATmega_DFP/1.2.150/gcc/dev/atmega328p/avr5/crtatmega328p.o (exit)
c:/program files (x86)/atmel/studio/7.0/toolchain/avr8/avr8-gnu-toolchain/bin/../lib/gcc/avr/5.4.0/avr5\libgcc.a(_copy_data.o)
                              Sketch.o (__do_copy_data)
c:/program files (x86)/atmel/studio/7.0/toolchain/avr8/avr8-gnu-toolchain/bin/../lib/gcc/avr/5.4.0/avr5\libgcc.a(_clear_bss.o)
                              Sketch.o (__do_clear_bss)
c:/program files (x86)/atmel/studio/7.0/toolchain/avr8/avr8-gnu-toolchain/bin/../lib/gcc/avr/5.4.0/avr5\libgcc.a(_ctors.o)
                              E:\mes documents\GitHub\Projet-Kart\Kart - Atmel\kart\kart\ArduinoCore\Debug\libArduinoCore.a(HardwareSerial0.o) (__do_global_ctors)
c:/program files (x86)/atmel/studio/7.0/toolchain/avr8/avr8-gnu-toolchain/bin/../lib/gcc/avr/5.4.0/avr5\libgcc.a(_tablejump2.o)
                              c:/program files (x86)/atmel/studio/7.0/toolchain/avr8/avr8-gnu-toolchain/bin/../lib/gcc/avr/5.4.0/avr5\libgcc.a(_ctors.o) (__tablejump2__)
c:/program files (x86)/atmel/studio/7.0/toolchain/avr8/avr8-gnu-toolchain/bin/../lib/gcc/avr/5.4.0/../../../../avr/lib/avr5\libc.a(abort.o)
                              E:\mes documents\GitHub\Projet-Kart\Kart - Atmel\kart\kart\ArduinoCore\Debug\libArduinoCore.a(abi.o) (abort)

Discarded input sections

 .data          0x00000000        0x0 C:/Program Files (x86)/Atmel/Studio/7.0/Packs/atmel/ATmega_DFP/1.2.150/gcc/dev/atmega328p/avr5/crtatmega328p.o
 .bss           0x00000000        0x0 C:/Program Files (x86)/Atmel/Studio/7.0/Packs/atmel/ATmega_DFP/1.2.150/gcc/dev/atmega328p/avr5/crtatmega328p.o
 .text          0x00000000        0x0 Sketch.o
 .data          0x00000000        0x0 Sketch.o
 .bss           0x00000000        0x0 Sketch.o
 .text._Z16disableInterrupth
                0x00000000      0x102 Sketch.o
 .text._Z16EI_SerialPrint_PPKc
                0x00000000       0x20 Sketch.o
 .text          0x00000000        0x0 c:/program files (x86)/atmel/studio/7.0/toolchain/avr8/avr8-gnu-toolchain/bin/../lib/gcc/avr/5.4.0/../../../../avr/lib/avr5\libm.a(addsf3.o)
 .data          0x00000000        0x0 c:/program files (x86)/atmel/studio/7.0/toolchain/avr8/avr8-gnu-toolchain/bin/../lib/gcc/avr/5.4.0/../../../../avr/lib/avr5\libm.a(addsf3.o)
 .bss           0x00000000        0x0 c:/program files (x86)/atmel/studio/7.0/toolchain/avr8/avr8-gnu-toolchain/bin/../lib/gcc/avr/5.4.0/../../../../avr/lib/avr5\libm.a(addsf3.o)
 .text          0x00000000        0x0 c:/program files (x86)/atmel/studio/7.0/toolchain/avr8/avr8-gnu-toolchain/bin/../lib/gcc/avr/5.4.0/../../../../avr/lib/avr5\libm.a(addsf3x.o)
 .data          0x00000000        0x0 c:/program files (x86)/atmel/studio/7.0/toolchain/avr8/avr8-gnu-toolchain/bin/../lib/gcc/avr/5.4.0/../../../../avr/lib/avr5\libm.a(addsf3x.o)
 .bss           0x00000000        0x0 c:/program files (x86)/atmel/studio/7.0/toolchain/avr8/avr8-gnu-toolchain/bin/../lib/gcc/avr/5.4.0/../../../../avr/lib/avr5\libm.a(addsf3x.o)
 .text          0x00000000        0x0 c:/program files (x86)/atmel/studio/7.0/toolchain/avr8/avr8-gnu-toolchain/bin/../lib/gcc/avr/5.4.0/../../../../avr/lib/avr5\libm.a(cmpsf2.o)
 .data          0x00000000        0x0 c:/program files (x86)/atmel/studio/7.0/toolchain/avr8/avr8-gnu-toolchain/bin/../lib/gcc/avr/5.4.0/../../../../avr/lib/avr5\libm.a(cmpsf2.o)
 .bss           0x00000000        0x0 c:/program files (x86)/atmel/studio/7.0/toolchain/avr8/avr8-gnu-toolchain/bin/../lib/gcc/avr/5.4.0/../../../../avr/lib/avr5\libm.a(cmpsf2.o)
 .text          0x00000000        0x0 c:/program files (x86)/atmel/studio/7.0/toolchain/avr8/avr8-gnu-toolchain/bin/../lib/gcc/avr/5.4.0/../../../../avr/lib/avr5\libm.a(divsf3.o)
 .data          0x00000000        0x0 c:/program files (x86)/atmel/studio/7.0/toolchain/avr8/avr8-gnu-toolchain/bin/../lib/gcc/avr/5.4.0/../../../../avr/lib/avr5\libm.a(divsf3.o)
 .bss           0x00000000        0x0 c:/program files (x86)/atmel/studio/7.0/toolchain/avr8/avr8-gnu-toolchain/bin/../lib/gcc/avr/5.4.0/../../../../avr/lib/avr5\libm.a(divsf3.o)
 .text          0x00000000        0x0 c:/program files (x86)/atmel/studio/7.0/toolchain/avr8/avr8-gnu-toolchain/bin/../lib/gcc/avr/5.4.0/../../../../avr/lib/avr5\libm.a(divsf3x.o)
 .data          0x00000000        0x0 c:/program files (x86)/atmel/studio/7.0/toolchain/avr8/avr8-gnu-toolchain/bin/../lib/gcc/avr/5.4.0/../../../../avr/lib/avr5\libm.a(divsf3x.o)
 .bss           0x00000000        0x0 c:/program files (x86)/atmel/studio/7.0/toolchain/avr8/avr8-gnu-toolchain/bin/../lib/gcc/avr/5.4.0/../../../../avr/lib/avr5\libm.a(divsf3x.o)
 .text          0x00000000        0x0 c:/program files (x86)/atmel/studio/7.0/toolchain/avr8/avr8-gnu-toolchain/bin/../lib/gcc/avr/5.4.0/../../../../avr/lib/avr5\libm.a(fixunssfsi.o)
 .data          0x00000000        0x0 c:/program files (x86)/atmel/studio/7.0/toolchain/avr8/avr8-gnu-toolchain/bin/../lib/gcc/avr/5.4.0/../../../../avr/lib/avr5\libm.a(fixunssfsi.o)
 .bss           0x00000000        0x0 c:/program files (x86)/atmel/studio/7.0/toolchain/avr8/avr8-gnu-toolchain/bin/../lib/gcc/avr/5.4.0/../../../../avr/lib/avr5\libm.a(fixunssfsi.o)
 .text          0x00000000        0x0 c:/program files (x86)/atmel/studio/7.0/toolchain/avr8/avr8-gnu-toolchain/bin/../lib/gcc/avr/5.4.0/../../../../avr/lib/avr5\libm.a(floatsisf.o)
 .data          0x00000000        0x0 c:/program files (x86)/atmel/studio/7.0/toolchain/avr8/avr8-gnu-toolchain/bin/../lib/gcc/avr/5.4.0/../../../../avr/lib/avr5\libm.a(floatsisf.o)
 .bss           0x00000000        0x0 c:/program files (x86)/atmel/studio/7.0/toolchain/avr8/avr8-gnu-toolchain/bin/../lib/gcc/avr/5.4.0/../../../../avr/lib/avr5\libm.a(floatsisf.o)
 .text          0x00000000        0x0 c:/program files (x86)/atmel/studio/7.0/toolchain/avr8/avr8-gnu-toolchain/bin/../lib/gcc/avr/5.4.0/../../../../avr/lib/avr5\libm.a(fp_cmp.o)
 .data          0x00000000        0x0 c:/program files (x86)/atmel/studio/7.0/toolchain/avr8/avr8-gnu-toolchain/bin/../lib/gcc/avr/5.4.0/../../../../avr/lib/avr5\libm.a(fp_cmp.o)
 .bss           0x00000000        0x0 c:/program files (x86)/atmel/studio/7.0/toolchain/avr8/avr8-gnu-toolchain/bin/../lib/gcc/avr/5.4.0/../../../../avr/lib/avr5\libm.a(fp_cmp.o)
 .text          0x00000000        0x0 c:/program files (x86)/atmel/studio/7.0/toolchain/avr8/avr8-gnu-toolchain/bin/../lib/gcc/avr/5.4.0/../../../../avr/lib/avr5\libm.a(fp_inf.o)
 .data          0x00000000        0x0 c:/program files (x86)/atmel/studio/7.0/toolchain/avr8/avr8-gnu-toolchain/bin/../lib/gcc/avr/5.4.0/../../../../avr/lib/avr5\libm.a(fp_inf.o)
 .bss           0x00000000        0x0 c:/program files (x86)/atmel/studio/7.0/toolchain/avr8/avr8-gnu-toolchain/bin/../lib/gcc/avr/5.4.0/../../../../avr/lib/avr5\libm.a(fp_inf.o)
 .text          0x00000000        0x0 c:/program files (x86)/atmel/studio/7.0/toolchain/avr8/avr8-gnu-toolchain/bin/../lib/gcc/avr/5.4.0/../../../../avr/lib/avr5\libm.a(fp_nan.o)
 .data          0x00000000        0x0 c:/program files (x86)/atmel/studio/7.0/toolchain/avr8/avr8-gnu-toolchain/bin/../lib/gcc/avr/5.4.0/../../../../avr/lib/avr5\libm.a(fp_nan.o)
 .bss           0x00000000        0x0 c:/program files (x86)/atmel/studio/7.0/toolchain/avr8/avr8-gnu-toolchain/bin/../lib/gcc/avr/5.4.0/../../../../avr/lib/avr5\libm.a(fp_nan.o)
 .text          0x00000000        0x0 c:/program files (x86)/atmel/studio/7.0/toolchain/avr8/avr8-gnu-toolchain/bin/../lib/gcc/avr/5.4.0/../../../../avr/lib/avr5\libm.a(fp_pscA.o)
 .data          0x00000000        0x0 c:/program files (x86)/atmel/studio/7.0/toolchain/avr8/avr8-gnu-toolchain/bin/../lib/gcc/avr/5.4.0/../../../../avr/lib/avr5\libm.a(fp_pscA.o)
 .bss           0x00000000        0x0 c:/program files (x86)/atmel/studio/7.0/toolchain/avr8/avr8-gnu-toolchain/bin/../lib/gcc/avr/5.4.0/../../../../avr/lib/avr5\libm.a(fp_pscA.o)
 .text          0x00000000        0x0 c:/program files (x86)/atmel/studio/7.0/toolchain/avr8/avr8-gnu-toolchain/bin/../lib/gcc/avr/5.4.0/../../../../avr/lib/avr5\libm.a(fp_pscB.o)
 .data          0x00000000        0x0 c:/program files (x86)/atmel/studio/7.0/toolchain/avr8/avr8-gnu-toolchain/bin/../lib/gcc/avr/5.4.0/../../../../avr/lib/avr5\libm.a(fp_pscB.o)
 .bss           0x00000000        0x0 c:/program files (x86)/atmel/studio/7.0/toolchain/avr8/avr8-gnu-toolchain/bin/../lib/gcc/avr/5.4.0/../../../../avr/lib/avr5\libm.a(fp_pscB.o)
 .text          0x00000000        0x0 c:/program files (x86)/atmel/studio/7.0/toolchain/avr8/avr8-gnu-toolchain/bin/../lib/gcc/avr/5.4.0/../../../../avr/lib/avr5\libm.a(fp_round.o)
 .data          0x00000000        0x0 c:/program files (x86)/atmel/studio/7.0/toolchain/avr8/avr8-gnu-toolchain/bin/../lib/gcc/avr/5.4.0/../../../../avr/lib/avr5\libm.a(fp_round.o)
 .bss           0x00000000        0x0 c:/program files (x86)/atmel/studio/7.0/toolchain/avr8/avr8-gnu-toolchain/bin/../lib/gcc/avr/5.4.0/../../../../avr/lib/avr5\libm.a(fp_round.o)
 .text          0x00000000        0x0 c:/program files (x86)/atmel/studio/7.0/toolchain/avr8/avr8-gnu-toolchain/bin/../lib/gcc/avr/5.4.0/../../../../avr/lib/avr5\libm.a(fp_split3.o)
 .data          0x00000000        0x0 c:/program files (x86)/atmel/studio/7.0/toolchain/avr8/avr8-gnu-toolchain/bin/../lib/gcc/avr/5.4.0/../../../../avr/lib/avr5\libm.a(fp_split3.o)
 .bss           0x00000000        0x0 c:/program files (x86)/atmel/studio/7.0/toolchain/avr8/avr8-gnu-toolchain/bin/../lib/gcc/avr/5.4.0/../../../../avr/lib/avr5\libm.a(fp_split3.o)
 .text          0x00000000        0x0 c:/program files (x86)/atmel/studio/7.0/toolchain/avr8/avr8-gnu-toolchain/bin/../lib/gcc/avr/5.4.0/../../../../avr/lib/avr5\libm.a(fp_zero.o)
 .data          0x00000000        0x0 c:/program files (x86)/atmel/studio/7.0/toolchain/avr8/avr8-gnu-toolchain/bin/../lib/gcc/avr/5.4.0/../../../../avr/lib/avr5\libm.a(fp_zero.o)
 .bss           0x00000000        0x0 c:/program files (x86)/atmel/studio/7.0/toolchain/avr8/avr8-gnu-toolchain/bin/../lib/gcc/avr/5.4.0/../../../../avr/lib/avr5\libm.a(fp_zero.o)
 .text          0x00000000        0x0 c:/program files (x86)/atmel/studio/7.0/toolchain/avr8/avr8-gnu-toolchain/bin/../lib/gcc/avr/5.4.0/../../../../avr/lib/avr5\libm.a(gesf2.o)
 .data          0x00000000        0x0 c:/program files (x86)/atmel/studio/7.0/toolchain/avr8/avr8-gnu-toolchain/bin/../lib/gcc/avr/5.4.0/../../../../avr/lib/avr5\libm.a(gesf2.o)
 .bss           0x00000000        0x0 c:/program files (x86)/atmel/studio/7.0/toolchain/avr8/avr8-gnu-toolchain/bin/../lib/gcc/avr/5.4.0/../../../../avr/lib/avr5\libm.a(gesf2.o)
 .text          0x00000000        0x0 c:/program files (x86)/atmel/studio/7.0/toolchain/avr8/avr8-gnu-toolchain/bin/../lib/gcc/avr/5.4.0/../../../../avr/lib/avr5\libm.a(mulsf3.o)
 .data          0x00000000        0x0 c:/program files (x86)/atmel/studio/7.0/toolchain/avr8/avr8-gnu-toolchain/bin/../lib/gcc/avr/5.4.0/../../../../avr/lib/avr5\libm.a(mulsf3.o)
 .bss           0x00000000        0x0 c:/program files (x86)/atmel/studio/7.0/toolchain/avr8/avr8-gnu-toolchain/bin/../lib/gcc/avr/5.4.0/../../../../avr/lib/avr5\libm.a(mulsf3.o)
 .text          0x00000000        0x0 c:/program files (x86)/atmel/studio/7.0/toolchain/avr8/avr8-gnu-toolchain/bin/../lib/gcc/avr/5.4.0/../../../../avr/lib/avr5\libm.a(mulsf3x.o)
 .data          0x00000000        0x0 c:/program files (x86)/atmel/studio/7.0/toolchain/avr8/avr8-gnu-toolchain/bin/../lib/gcc/avr/5.4.0/../../../../avr/lib/avr5\libm.a(mulsf3x.o)
 .bss           0x00000000        0x0 c:/program files (x86)/atmel/studio/7.0/toolchain/avr8/avr8-gnu-toolchain/bin/../lib/gcc/avr/5.4.0/../../../../avr/lib/avr5\libm.a(mulsf3x.o)
 .group         0x00000000        0x8 E:\mes documents\GitHub\Projet-Kart\Kart - Atmel\kart\kart\ArduinoCore\Debug\libArduinoCore.a(HardwareSerial.o)
 .text          0x00000000        0x0 E:\mes documents\GitHub\Projet-Kart\Kart - Atmel\kart\kart\ArduinoCore\Debug\libArduinoCore.a(HardwareSerial.o)
 .data          0x00000000        0x0 E:\mes documents\GitHub\Projet-Kart\Kart - Atmel\kart\kart\ArduinoCore\Debug\libArduinoCore.a(HardwareSerial.o)
 .bss           0x00000000        0x0 E:\mes documents\GitHub\Projet-Kart\Kart - Atmel\kart\kart\ArduinoCore\Debug\libArduinoCore.a(HardwareSerial.o)
 .text._ZN14HardwareSerial3endEv
                0x00000000       0x44 E:\mes documents\GitHub\Projet-Kart\Kart - Atmel\kart\kart\ArduinoCore\Debug\libArduinoCore.a(HardwareSerial.o)
 .group         0x00000000        0x8 E:\mes documents\GitHub\Projet-Kart\Kart - Atmel\kart\kart\ArduinoCore\Debug\libArduinoCore.a(HardwareSerial0.o)
 .group         0x00000000        0x8 E:\mes documents\GitHub\Projet-Kart\Kart - Atmel\kart\kart\ArduinoCore\Debug\libArduinoCore.a(HardwareSerial0.o)
 .text          0x00000000        0x0 E:\mes documents\GitHub\Projet-Kart\Kart - Atmel\kart\kart\ArduinoCore\Debug\libArduinoCore.a(HardwareSerial0.o)
 .data          0x00000000        0x0 E:\mes documents\GitHub\Projet-Kart\Kart - Atmel\kart\kart\ArduinoCore\Debug\libArduinoCore.a(HardwareSerial0.o)
 .bss           0x00000000        0x0 E:\mes documents\GitHub\Projet-Kart\Kart - Atmel\kart\kart\ArduinoCore\Debug\libArduinoCore.a(HardwareSerial0.o)
 .text._ZN5Print17availableForWriteEv
                0x00000000        0x6 E:\mes documents\GitHub\Projet-Kart\Kart - Atmel\kart\kart\ArduinoCore\Debug\libArduinoCore.a(HardwareSerial0.o)
 .text._ZN5Print5flushEv
                0x00000000        0x2 E:\mes documents\GitHub\Projet-Kart\Kart - Atmel\kart\kart\ArduinoCore\Debug\libArduinoCore.a(HardwareSerial0.o)
 .text          0x00000000        0x0 E:\mes documents\GitHub\Projet-Kart\Kart - Atmel\kart\kart\ArduinoCore\Debug\libArduinoCore.a(main.o)
 .data          0x00000000        0x0 E:\mes documents\GitHub\Projet-Kart\Kart - Atmel\kart\kart\ArduinoCore\Debug\libArduinoCore.a(main.o)
 .bss           0x00000000        0x0 E:\mes documents\GitHub\Projet-Kart\Kart - Atmel\kart\kart\ArduinoCore\Debug\libArduinoCore.a(main.o)
 .text.atexit   0x00000000        0x6 E:\mes documents\GitHub\Projet-Kart\Kart - Atmel\kart\kart\ArduinoCore\Debug\libArduinoCore.a(main.o)
 .text._Z8setupUSBv
                0x00000000        0x2 E:\mes documents\GitHub\Projet-Kart\Kart - Atmel\kart\kart\ArduinoCore\Debug\libArduinoCore.a(main.o)
 .group         0x00000000        0x8 E:\mes documents\GitHub\Projet-Kart\Kart - Atmel\kart\kart\ArduinoCore\Debug\libArduinoCore.a(Print.o)
 .group         0x00000000        0x8 E:\mes documents\GitHub\Projet-Kart\Kart - Atmel\kart\kart\ArduinoCore\Debug\libArduinoCore.a(Print.o)
 .group         0x00000000        0x8 E:\mes documents\GitHub\Projet-Kart\Kart - Atmel\kart\kart\ArduinoCore\Debug\libArduinoCore.a(Print.o)
 .group         0x00000000        0x8 E:\mes documents\GitHub\Projet-Kart\Kart - Atmel\kart\kart\ArduinoCore\Debug\libArduinoCore.a(Print.o)
 .text          0x00000000        0x0 E:\mes documents\GitHub\Projet-Kart\Kart - Atmel\kart\kart\ArduinoCore\Debug\libArduinoCore.a(Print.o)
 .data          0x00000000        0x0 E:\mes documents\GitHub\Projet-Kart\Kart - Atmel\kart\kart\ArduinoCore\Debug\libArduinoCore.a(Print.o)
 .bss           0x00000000        0x0 E:\mes documents\GitHub\Projet-Kart\Kart - Atmel\kart\kart\ArduinoCore\Debug\libArduinoCore.a(Print.o)
 .text._ZN5Print17availableForWriteEv
                0x00000000        0x6 E:\mes documents\GitHub\Projet-Kart\Kart - Atmel\kart\kart\ArduinoCore\Debug\libArduinoCore.a(Print.o)
 .text._ZN5Print5flushEv
                0x00000000        0x2 E:\mes documents\GitHub\Projet-Kart\Kart - Atmel\kart\kart\ArduinoCore\Debug\libArduinoCore.a(Print.o)
 .text._ZN5Print5printEPK19__FlashStringHelper
                0x00000000       0x48 E:\mes documents\GitHub\Projet-Kart\Kart - Atmel\kart\kart\ArduinoCore\Debug\libArduinoCore.a(Print.o)
 .text._ZN5Print5printERK6String
                0x00000000       0x1c E:\mes documents\GitHub\Projet-Kart\Kart - Atmel\kart\kart\ArduinoCore\Debug\libArduinoCore.a(Print.o)
 .text._ZN5Print5printERK9Printable
                0x00000000       0x14 E:\mes documents\GitHub\Projet-Kart\Kart - Atmel\kart\kart\ArduinoCore\Debug\libArduinoCore.a(Print.o)
 .text._ZN5Print7printlnEPK19__FlashStringHelper
                0x00000000       0x24 E:\mes documents\GitHub\Projet-Kart\Kart - Atmel\kart\kart\ArduinoCore\Debug\libArduinoCore.a(Print.o)
 .text._ZN5Print7printlnERK6String
                0x00000000       0x24 E:\mes documents\GitHub\Projet-Kart\Kart - Atmel\kart\kart\ArduinoCore\Debug\libArduinoCore.a(Print.o)
 .text._ZN5Print7printlnEc
                0x00000000       0x24 E:\mes documents\GitHub\Projet-Kart\Kart - Atmel\kart\kart\ArduinoCore\Debug\libArduinoCore.a(Print.o)
 .text._ZN5Print7printlnERK9Printable
                0x00000000       0x24 E:\mes documents\GitHub\Projet-Kart\Kart - Atmel\kart\kart\ArduinoCore\Debug\libArduinoCore.a(Print.o)
 .text._ZN5Print7printlnEhi
                0x00000000       0x24 E:\mes documents\GitHub\Projet-Kart\Kart - Atmel\kart\kart\ArduinoCore\Debug\libArduinoCore.a(Print.o)
 .text._ZN5Print7printlnEji
                0x00000000       0x24 E:\mes documents\GitHub\Projet-Kart\Kart - Atmel\kart\kart\ArduinoCore\Debug\libArduinoCore.a(Print.o)
 .text._ZN5Print7printlnEmi
                0x00000000       0x24 E:\mes documents\GitHub\Projet-Kart\Kart - Atmel\kart\kart\ArduinoCore\Debug\libArduinoCore.a(Print.o)
 .text._ZN5Print7printlnEii
                0x00000000       0x24 E:\mes documents\GitHub\Projet-Kart\Kart - Atmel\kart\kart\ArduinoCore\Debug\libArduinoCore.a(Print.o)
 .text._ZN5Print7printlnEli
                0x00000000       0x24 E:\mes documents\GitHub\Projet-Kart\Kart - Atmel\kart\kart\ArduinoCore\Debug\libArduinoCore.a(Print.o)
 .text._ZN5Print7printlnEdi
                0x00000000       0x24 E:\mes documents\GitHub\Projet-Kart\Kart - Atmel\kart\kart\ArduinoCore\Debug\libArduinoCore.a(Print.o)
 .rodata._ZTV5Print
                0x00000000        0xc E:\mes documents\GitHub\Projet-Kart\Kart - Atmel\kart\kart\ArduinoCore\Debug\libArduinoCore.a(Print.o)
 .text          0x00000000        0x0 E:\mes documents\GitHub\Projet-Kart\Kart - Atmel\kart\kart\ArduinoCore\Debug\libArduinoCore.a(wiring.o)
 .data          0x00000000        0x0 E:\mes documents\GitHub\Projet-Kart\Kart - Atmel\kart\kart\ArduinoCore\Debug\libArduinoCore.a(wiring.o)
 .bss           0x00000000        0x0 E:\mes documents\GitHub\Projet-Kart\Kart - Atmel\kart\kart\ArduinoCore\Debug\libArduinoCore.a(wiring.o)
 .text.micros   0x00000000       0x4a E:\mes documents\GitHub\Projet-Kart\Kart - Atmel\kart\kart\ArduinoCore\Debug\libArduinoCore.a(wiring.o)
 .text.delay    0x00000000       0x78 E:\mes documents\GitHub\Projet-Kart\Kart - Atmel\kart\kart\ArduinoCore\Debug\libArduinoCore.a(wiring.o)
 .text.delayMicroseconds
                0x00000000       0x16 E:\mes documents\GitHub\Projet-Kart\Kart - Atmel\kart\kart\ArduinoCore\Debug\libArduinoCore.a(wiring.o)
 .text          0x00000000        0x0 E:\mes documents\GitHub\Projet-Kart\Kart - Atmel\kart\kart\ArduinoCore\Debug\libArduinoCore.a(wiring_analog.o)
 .data          0x00000000        0x0 E:\mes documents\GitHub\Projet-Kart\Kart - Atmel\kart\kart\ArduinoCore\Debug\libArduinoCore.a(wiring_analog.o)
 .bss           0x00000000        0x0 E:\mes documents\GitHub\Projet-Kart\Kart - Atmel\kart\kart\ArduinoCore\Debug\libArduinoCore.a(wiring_analog.o)
 .text.analogReference
                0x00000000        0x6 E:\mes documents\GitHub\Projet-Kart\Kart - Atmel\kart\kart\ArduinoCore\Debug\libArduinoCore.a(wiring_analog.o)
 .text          0x00000000        0x0 E:\mes documents\GitHub\Projet-Kart\Kart - Atmel\kart\kart\ArduinoCore\Debug\libArduinoCore.a(wiring_digital.o)
 .data          0x00000000        0x0 E:\mes documents\GitHub\Projet-Kart\Kart - Atmel\kart\kart\ArduinoCore\Debug\libArduinoCore.a(wiring_digital.o)
 .bss           0x00000000        0x0 E:\mes documents\GitHub\Projet-Kart\Kart - Atmel\kart\kart\ArduinoCore\Debug\libArduinoCore.a(wiring_digital.o)
 .text.digitalRead
                0x00000000       0x52 E:\mes documents\GitHub\Projet-Kart\Kart - Atmel\kart\kart\ArduinoCore\Debug\libArduinoCore.a(wiring_digital.o)
 .text          0x00000000        0x0 E:\mes documents\GitHub\Projet-Kart\Kart - Atmel\kart\kart\ArduinoCore\Debug\libArduinoCore.a(wiring_shift.o)
 .data          0x00000000        0x0 E:\mes documents\GitHub\Projet-Kart\Kart - Atmel\kart\kart\ArduinoCore\Debug\libArduinoCore.a(wiring_shift.o)
 .bss           0x00000000        0x0 E:\mes documents\GitHub\Projet-Kart\Kart - Atmel\kart\kart\ArduinoCore\Debug\libArduinoCore.a(wiring_shift.o)
 .text.shiftIn  0x00000000       0x76 E:\mes documents\GitHub\Projet-Kart\Kart - Atmel\kart\kart\ArduinoCore\Debug\libArduinoCore.a(wiring_shift.o)
 .text          0x00000000        0x0 E:\mes documents\GitHub\Projet-Kart\Kart - Atmel\kart\kart\ArduinoCore\Debug\libArduinoCore.a(abi.o)
 .data          0x00000000        0x0 E:\mes documents\GitHub\Projet-Kart\Kart - Atmel\kart\kart\ArduinoCore\Debug\libArduinoCore.a(abi.o)
 .bss           0x00000000        0x0 E:\mes documents\GitHub\Projet-Kart\Kart - Atmel\kart\kart\ArduinoCore\Debug\libArduinoCore.a(abi.o)
 .text.__cxa_pure_virtual
                0x00000000        0x4 E:\mes documents\GitHub\Projet-Kart\Kart - Atmel\kart\kart\ArduinoCore\Debug\libArduinoCore.a(abi.o)
 .text.__cxa_deleted_virtual
                0x00000000        0x4 E:\mes documents\GitHub\Projet-Kart\Kart - Atmel\kart\kart\ArduinoCore\Debug\libArduinoCore.a(abi.o)
 .debug_info    0x00000000       0x76 E:\mes documents\GitHub\Projet-Kart\Kart - Atmel\kart\kart\ArduinoCore\Debug\libArduinoCore.a(abi.o)
 .debug_abbrev  0x00000000       0x6d E:\mes documents\GitHub\Projet-Kart\Kart - Atmel\kart\kart\ArduinoCore\Debug\libArduinoCore.a(abi.o)
 .debug_aranges
                0x00000000       0x20 E:\mes documents\GitHub\Projet-Kart\Kart - Atmel\kart\kart\ArduinoCore\Debug\libArduinoCore.a(abi.o)
 .debug_ranges  0x00000000       0x10 E:\mes documents\GitHub\Projet-Kart\Kart - Atmel\kart\kart\ArduinoCore\Debug\libArduinoCore.a(abi.o)
 .debug_line    0x00000000       0xa9 E:\mes documents\GitHub\Projet-Kart\Kart - Atmel\kart\kart\ArduinoCore\Debug\libArduinoCore.a(abi.o)
 .debug_str     0x00000000      0x196 E:\mes documents\GitHub\Projet-Kart\Kart - Atmel\kart\kart\ArduinoCore\Debug\libArduinoCore.a(abi.o)
 .comment       0x00000000       0x31 E:\mes documents\GitHub\Projet-Kart\Kart - Atmel\kart\kart\ArduinoCore\Debug\libArduinoCore.a(abi.o)
 .debug_frame   0x00000000       0x34 E:\mes documents\GitHub\Projet-Kart\Kart - Atmel\kart\kart\ArduinoCore\Debug\libArduinoCore.a(abi.o)
 .text          0x00000000        0x0 E:\mes documents\GitHub\Projet-Kart\Kart - Atmel\kart\kart\ArduinoCore\Debug\libArduinoCore.a(hooks.o)
 .data          0x00000000        0x0 E:\mes documents\GitHub\Projet-Kart\Kart - Atmel\kart\kart\ArduinoCore\Debug\libArduinoCore.a(hooks.o)
 .bss           0x00000000        0x0 E:\mes documents\GitHub\Projet-Kart\Kart - Atmel\kart\kart\ArduinoCore\Debug\libArduinoCore.a(hooks.o)
 .text.__empty  0x00000000        0x2 E:\mes documents\GitHub\Projet-Kart\Kart - Atmel\kart\kart\ArduinoCore\Debug\libArduinoCore.a(hooks.o)
 .debug_info    0x00000000       0x3e E:\mes documents\GitHub\Projet-Kart\Kart - Atmel\kart\kart\ArduinoCore\Debug\libArduinoCore.a(hooks.o)
 .debug_abbrev  0x00000000       0x2a E:\mes documents\GitHub\Projet-Kart\Kart - Atmel\kart\kart\ArduinoCore\Debug\libArduinoCore.a(hooks.o)
 .debug_aranges
                0x00000000       0x20 E:\mes documents\GitHub\Projet-Kart\Kart - Atmel\kart\kart\ArduinoCore\Debug\libArduinoCore.a(hooks.o)
 .debug_ranges  0x00000000       0x10 E:\mes documents\GitHub\Projet-Kart\Kart - Atmel\kart\kart\ArduinoCore\Debug\libArduinoCore.a(hooks.o)
 .debug_line    0x00000000       0x41 E:\mes documents\GitHub\Projet-Kart\Kart - Atmel\kart\kart\ArduinoCore\Debug\libArduinoCore.a(hooks.o)
 .debug_str     0x00000000      0x137 E:\mes documents\GitHub\Projet-Kart\Kart - Atmel\kart\kart\ArduinoCore\Debug\libArduinoCore.a(hooks.o)
 .comment       0x00000000       0x31 E:\mes documents\GitHub\Projet-Kart\Kart - Atmel\kart\kart\ArduinoCore\Debug\libArduinoCore.a(hooks.o)
 .debug_frame   0x00000000       0x24 E:\mes documents\GitHub\Projet-Kart\Kart - Atmel\kart\kart\ArduinoCore\Debug\libArduinoCore.a(hooks.o)
 .text          0x00000000        0x0 c:/program files (x86)/atmel/studio/7.0/toolchain/avr8/avr8-gnu-toolchain/bin/../lib/gcc/avr/5.4.0/../../../../avr/lib/avr5\libm.a(unordsf2.o)
 .data          0x00000000        0x0 c:/program files (x86)/atmel/studio/7.0/toolchain/avr8/avr8-gnu-toolchain/bin/../lib/gcc/avr/5.4.0/../../../../avr/lib/avr5\libm.a(unordsf2.o)
 .bss           0x00000000        0x0 c:/program files (x86)/atmel/studio/7.0/toolchain/avr8/avr8-gnu-toolchain/bin/../lib/gcc/avr/5.4.0/../../../../avr/lib/avr5\libm.a(unordsf2.o)
 .text          0x00000000        0x0 c:/program files (x86)/atmel/studio/7.0/toolchain/avr8/avr8-gnu-toolchain/bin/../lib/gcc/avr/5.4.0/avr5\libgcc.a(_udivmodqi4.o)
 .data          0x00000000        0x0 c:/program files (x86)/atmel/studio/7.0/toolchain/avr8/avr8-gnu-toolchain/bin/../lib/gcc/avr/5.4.0/avr5\libgcc.a(_udivmodqi4.o)
 .bss           0x00000000        0x0 c:/program files (x86)/atmel/studio/7.0/toolchain/avr8/avr8-gnu-toolchain/bin/../lib/gcc/avr/5.4.0/avr5\libgcc.a(_udivmodqi4.o)
 .text.libgcc.mul
                0x00000000        0x0 c:/program files (x86)/atmel/studio/7.0/toolchain/avr8/avr8-gnu-toolchain/bin/../lib/gcc/avr/5.4.0/avr5\libgcc.a(_udivmodqi4.o)
 .text.libgcc   0x00000000        0x0 c:/program files (x86)/atmel/studio/7.0/toolchain/avr8/avr8-gnu-toolchain/bin/../lib/gcc/avr/5.4.0/avr5\libgcc.a(_udivmodqi4.o)
 .text.libgcc.prologue
                0x00000000        0x0 c:/program files (x86)/atmel/studio/7.0/toolchain/avr8/avr8-gnu-toolchain/bin/../lib/gcc/avr/5.4.0/avr5\libgcc.a(_udivmodqi4.o)
 .text.libgcc.builtins
                0x00000000        0x0 c:/program files (x86)/atmel/studio/7.0/toolchain/avr8/avr8-gnu-toolchain/bin/../lib/gcc/avr/5.4.0/avr5\libgcc.a(_udivmodqi4.o)
 .text.libgcc.fmul
                0x00000000        0x0 c:/program files (x86)/atmel/studio/7.0/toolchain/avr8/avr8-gnu-toolchain/bin/../lib/gcc/avr/5.4.0/avr5\libgcc.a(_udivmodqi4.o)
 .text.libgcc.fixed
                0x00000000        0x0 c:/program files (x86)/atmel/studio/7.0/toolchain/avr8/avr8-gnu-toolchain/bin/../lib/gcc/avr/5.4.0/avr5\libgcc.a(_udivmodqi4.o)
 .text          0x00000000        0x0 c:/program files (x86)/atmel/studio/7.0/toolchain/avr8/avr8-gnu-toolchain/bin/../lib/gcc/avr/5.4.0/avr5\libgcc.a(_udivmodsi4.o)
 .data          0x00000000        0x0 c:/program files (x86)/atmel/studio/7.0/toolchain/avr8/avr8-gnu-toolchain/bin/../lib/gcc/avr/5.4.0/avr5\libgcc.a(_udivmodsi4.o)
 .bss           0x00000000        0x0 c:/program files (x86)/atmel/studio/7.0/toolchain/avr8/avr8-gnu-toolchain/bin/../lib/gcc/avr/5.4.0/avr5\libgcc.a(_udivmodsi4.o)
 .text.libgcc.mul
                0x00000000        0x0 c:/program files (x86)/atmel/studio/7.0/toolchain/avr8/avr8-gnu-toolchain/bin/../lib/gcc/avr/5.4.0/avr5\libgcc.a(_udivmodsi4.o)
 .text.libgcc   0x00000000        0x0 c:/program files (x86)/atmel/studio/7.0/toolchain/avr8/avr8-gnu-toolchain/bin/../lib/gcc/avr/5.4.0/avr5\libgcc.a(_udivmodsi4.o)
 .text.libgcc.prologue
                0x00000000        0x0 c:/program files (x86)/atmel/studio/7.0/toolchain/avr8/avr8-gnu-toolchain/bin/../lib/gcc/avr/5.4.0/avr5\libgcc.a(_udivmodsi4.o)
 .text.libgcc.builtins
                0x00000000        0x0 c:/program files (x86)/atmel/studio/7.0/toolchain/avr8/avr8-gnu-toolchain/bin/../lib/gcc/avr/5.4.0/avr5\libgcc.a(_udivmodsi4.o)
 .text.libgcc.fmul
                0x00000000        0x0 c:/program files (x86)/atmel/studio/7.0/toolchain/avr8/avr8-gnu-toolchain/bin/../lib/gcc/avr/5.4.0/avr5\libgcc.a(_udivmodsi4.o)
 .text.libgcc.fixed
                0x00000000        0x0 c:/program files (x86)/atmel/studio/7.0/toolchain/avr8/avr8-gnu-toolchain/bin/../lib/gcc/avr/5.4.0/avr5\libgcc.a(_udivmodsi4.o)
 .text          0x00000000        0x0 c:/program files (x86)/atmel/studio/7.0/toolchain/avr8/avr8-gnu-toolchain/bin/../lib/gcc/avr/5.4.0/avr5\libgcc.a(_exit.o)
 .data          0x00000000        0x0 c:/program files (x86)/atmel/studio/7.0/toolchain/avr8/avr8-gnu-toolchain/bin/../lib/gcc/avr/5.4.0/avr5\libgcc.a(_exit.o)
 .bss           0x00000000        0x0 c:/program files (x86)/atmel/studio/7.0/toolchain/avr8/avr8-gnu-toolchain/bin/../lib/gcc/avr/5.4.0/avr5\libgcc.a(_exit.o)
 .text.libgcc.mul
                0x00000000        0x0 c:/program files (x86)/atmel/studio/7.0/toolchain/avr8/avr8-gnu-toolchain/bin/../lib/gcc/avr/5.4.0/avr5\libgcc.a(_exit.o)
 .text.libgcc.div
                0x00000000        0x0 c:/program files (x86)/atmel/studio/7.0/toolchain/avr8/avr8-gnu-toolchain/bin/../lib/gcc/avr/5.4.0/avr5\libgcc.a(_exit.o)
 .text.libgcc   0x00000000        0x0 c:/program files (x86)/atmel/studio/7.0/toolchain/avr8/avr8-gnu-toolchain/bin/../lib/gcc/avr/5.4.0/avr5\libgcc.a(_exit.o)
 .text.libgcc.prologue
                0x00000000        0x0 c:/program files (x86)/atmel/studio/7.0/toolchain/avr8/avr8-gnu-toolchain/bin/../lib/gcc/avr/5.4.0/avr5\libgcc.a(_exit.o)
 .text.libgcc.builtins
                0x00000000        0x0 c:/program files (x86)/atmel/studio/7.0/toolchain/avr8/avr8-gnu-toolchain/bin/../lib/gcc/avr/5.4.0/avr5\libgcc.a(_exit.o)
 .text.libgcc.fmul
                0x00000000        0x0 c:/program files (x86)/atmel/studio/7.0/toolchain/avr8/avr8-gnu-toolchain/bin/../lib/gcc/avr/5.4.0/avr5\libgcc.a(_exit.o)
 .text.libgcc.fixed
                0x00000000        0x0 c:/program files (x86)/atmel/studio/7.0/toolchain/avr8/avr8-gnu-toolchain/bin/../lib/gcc/avr/5.4.0/avr5\libgcc.a(_exit.o)
 .text          0x00000000        0x0 c:/program files (x86)/atmel/studio/7.0/toolchain/avr8/avr8-gnu-toolchain/bin/../lib/gcc/avr/5.4.0/avr5\libgcc.a(_copy_data.o)
 .data          0x00000000        0x0 c:/program files (x86)/atmel/studio/7.0/toolchain/avr8/avr8-gnu-toolchain/bin/../lib/gcc/avr/5.4.0/avr5\libgcc.a(_copy_data.o)
 .bss           0x00000000        0x0 c:/program files (x86)/atmel/studio/7.0/toolchain/avr8/avr8-gnu-toolchain/bin/../lib/gcc/avr/5.4.0/avr5\libgcc.a(_copy_data.o)
 .text.libgcc.mul
                0x00000000        0x0 c:/program files (x86)/atmel/studio/7.0/toolchain/avr8/avr8-gnu-toolchain/bin/../lib/gcc/avr/5.4.0/avr5\libgcc.a(_copy_data.o)
 .text.libgcc.div
                0x00000000        0x0 c:/program files (x86)/atmel/studio/7.0/toolchain/avr8/avr8-gnu-toolchain/bin/../lib/gcc/avr/5.4.0/avr5\libgcc.a(_copy_data.o)
 .text.libgcc   0x00000000        0x0 c:/program files (x86)/atmel/studio/7.0/toolchain/avr8/avr8-gnu-toolchain/bin/../lib/gcc/avr/5.4.0/avr5\libgcc.a(_copy_data.o)
 .text.libgcc.prologue
                0x00000000        0x0 c:/program files (x86)/atmel/studio/7.0/toolchain/avr8/avr8-gnu-toolchain/bin/../lib/gcc/avr/5.4.0/avr5\libgcc.a(_copy_data.o)
 .text.libgcc.builtins
                0x00000000        0x0 c:/program files (x86)/atmel/studio/7.0/toolchain/avr8/avr8-gnu-toolchain/bin/../lib/gcc/avr/5.4.0/avr5\libgcc.a(_copy_data.o)
 .text.libgcc.fmul
                0x00000000        0x0 c:/program files (x86)/atmel/studio/7.0/toolchain/avr8/avr8-gnu-toolchain/bin/../lib/gcc/avr/5.4.0/avr5\libgcc.a(_copy_data.o)
 .text.libgcc.fixed
                0x00000000        0x0 c:/program files (x86)/atmel/studio/7.0/toolchain/avr8/avr8-gnu-toolchain/bin/../lib/gcc/avr/5.4.0/avr5\libgcc.a(_copy_data.o)
 .text          0x00000000        0x0 c:/program files (x86)/atmel/studio/7.0/toolchain/avr8/avr8-gnu-toolchain/bin/../lib/gcc/avr/5.4.0/avr5\libgcc.a(_clear_bss.o)
 .data          0x00000000        0x0 c:/program files (x86)/atmel/studio/7.0/toolchain/avr8/avr8-gnu-toolchain/bin/../lib/gcc/avr/5.4.0/avr5\libgcc.a(_clear_bss.o)
 .bss           0x00000000        0x0 c:/program files (x86)/atmel/studio/7.0/toolchain/avr8/avr8-gnu-toolchain/bin/../lib/gcc/avr/5.4.0/avr5\libgcc.a(_clear_bss.o)
 .text.libgcc.mul
                0x00000000        0x0 c:/program files (x86)/atmel/studio/7.0/toolchain/avr8/avr8-gnu-toolchain/bin/../lib/gcc/avr/5.4.0/avr5\libgcc.a(_clear_bss.o)
 .text.libgcc.div
                0x00000000        0x0 c:/program files (x86)/atmel/studio/7.0/toolchain/avr8/avr8-gnu-toolchain/bin/../lib/gcc/avr/5.4.0/avr5\libgcc.a(_clear_bss.o)
 .text.libgcc   0x00000000        0x0 c:/program files (x86)/atmel/studio/7.0/toolchain/avr8/avr8-gnu-toolchain/bin/../lib/gcc/avr/5.4.0/avr5\libgcc.a(_clear_bss.o)
 .text.libgcc.prologue
                0x00000000        0x0 c:/program files (x86)/atmel/studio/7.0/toolchain/avr8/avr8-gnu-toolchain/bin/../lib/gcc/avr/5.4.0/avr5\libgcc.a(_clear_bss.o)
 .text.libgcc.builtins
                0x00000000        0x0 c:/program files (x86)/atmel/studio/7.0/toolchain/avr8/avr8-gnu-toolchain/bin/../lib/gcc/avr/5.4.0/avr5\libgcc.a(_clear_bss.o)
 .text.libgcc.fmul
                0x00000000        0x0 c:/program files (x86)/atmel/studio/7.0/toolchain/avr8/avr8-gnu-toolchain/bin/../lib/gcc/avr/5.4.0/avr5\libgcc.a(_clear_bss.o)
 .text.libgcc.fixed
                0x00000000        0x0 c:/program files (x86)/atmel/studio/7.0/toolchain/avr8/avr8-gnu-toolchain/bin/../lib/gcc/avr/5.4.0/avr5\libgcc.a(_clear_bss.o)
 .text          0x00000000        0x0 c:/program files (x86)/atmel/studio/7.0/toolchain/avr8/avr8-gnu-toolchain/bin/../lib/gcc/avr/5.4.0/avr5\libgcc.a(_ctors.o)
 .data          0x00000000        0x0 c:/program files (x86)/atmel/studio/7.0/toolchain/avr8/avr8-gnu-toolchain/bin/../lib/gcc/avr/5.4.0/avr5\libgcc.a(_ctors.o)
 .bss           0x00000000        0x0 c:/program files (x86)/atmel/studio/7.0/toolchain/avr8/avr8-gnu-toolchain/bin/../lib/gcc/avr/5.4.0/avr5\libgcc.a(_ctors.o)
 .text.libgcc.mul
                0x00000000        0x0 c:/program files (x86)/atmel/studio/7.0/toolchain/avr8/avr8-gnu-toolchain/bin/../lib/gcc/avr/5.4.0/avr5\libgcc.a(_ctors.o)
 .text.libgcc.div
                0x00000000        0x0 c:/program files (x86)/atmel/studio/7.0/toolchain/avr8/avr8-gnu-toolchain/bin/../lib/gcc/avr/5.4.0/avr5\libgcc.a(_ctors.o)
 .text.libgcc   0x00000000        0x0 c:/program files (x86)/atmel/studio/7.0/toolchain/avr8/avr8-gnu-toolchain/bin/../lib/gcc/avr/5.4.0/avr5\libgcc.a(_ctors.o)
 .text.libgcc.prologue
                0x00000000        0x0 c:/program files (x86)/atmel/studio/7.0/toolchain/avr8/avr8-gnu-toolchain/bin/../lib/gcc/avr/5.4.0/avr5\libgcc.a(_ctors.o)
 .text.libgcc.builtins
                0x00000000        0x0 c:/program files (x86)/atmel/studio/7.0/toolchain/avr8/avr8-gnu-toolchain/bin/../lib/gcc/avr/5.4.0/avr5\libgcc.a(_ctors.o)
 .text.libgcc.fmul
                0x00000000        0x0 c:/program files (x86)/atmel/studio/7.0/toolchain/avr8/avr8-gnu-toolchain/bin/../lib/gcc/avr/5.4.0/avr5\libgcc.a(_ctors.o)
 .text.libgcc.fixed
                0x00000000        0x0 c:/program files (x86)/atmel/studio/7.0/toolchain/avr8/avr8-gnu-toolchain/bin/../lib/gcc/avr/5.4.0/avr5\libgcc.a(_ctors.o)
 .text          0x00000000        0x0 c:/program files (x86)/atmel/studio/7.0/toolchain/avr8/avr8-gnu-toolchain/bin/../lib/gcc/avr/5.4.0/avr5\libgcc.a(_tablejump2.o)
 .data          0x00000000        0x0 c:/program files (x86)/atmel/studio/7.0/toolchain/avr8/avr8-gnu-toolchain/bin/../lib/gcc/avr/5.4.0/avr5\libgcc.a(_tablejump2.o)
 .bss           0x00000000        0x0 c:/program files (x86)/atmel/studio/7.0/toolchain/avr8/avr8-gnu-toolchain/bin/../lib/gcc/avr/5.4.0/avr5\libgcc.a(_tablejump2.o)
 .text.libgcc.mul
                0x00000000        0x0 c:/program files (x86)/atmel/studio/7.0/toolchain/avr8/avr8-gnu-toolchain/bin/../lib/gcc/avr/5.4.0/avr5\libgcc.a(_tablejump2.o)
 .text.libgcc.div
                0x00000000        0x0 c:/program files (x86)/atmel/studio/7.0/toolchain/avr8/avr8-gnu-toolchain/bin/../lib/gcc/avr/5.4.0/avr5\libgcc.a(_tablejump2.o)
 .text.libgcc.prologue
                0x00000000        0x0 c:/program files (x86)/atmel/studio/7.0/toolchain/avr8/avr8-gnu-toolchain/bin/../lib/gcc/avr/5.4.0/avr5\libgcc.a(_tablejump2.o)
 .text.libgcc.builtins
                0x00000000        0x0 c:/program files (x86)/atmel/studio/7.0/toolchain/avr8/avr8-gnu-toolchain/bin/../lib/gcc/avr/5.4.0/avr5\libgcc.a(_tablejump2.o)
 .text.libgcc.fmul
                0x00000000        0x0 c:/program files (x86)/atmel/studio/7.0/toolchain/avr8/avr8-gnu-toolchain/bin/../lib/gcc/avr/5.4.0/avr5\libgcc.a(_tablejump2.o)
 .text.libgcc.fixed
                0x00000000        0x0 c:/program files (x86)/atmel/studio/7.0/toolchain/avr8/avr8-gnu-toolchain/bin/../lib/gcc/avr/5.4.0/avr5\libgcc.a(_tablejump2.o)
 .text          0x00000000        0x0 c:/program files (x86)/atmel/studio/7.0/toolchain/avr8/avr8-gnu-toolchain/bin/../lib/gcc/avr/5.4.0/../../../../avr/lib/avr5\libc.a(abort.o)
 .data          0x00000000        0x0 c:/program files (x86)/atmel/studio/7.0/toolchain/avr8/avr8-gnu-toolchain/bin/../lib/gcc/avr/5.4.0/../../../../avr/lib/avr5\libc.a(abort.o)
 .bss           0x00000000        0x0 c:/program files (x86)/atmel/studio/7.0/toolchain/avr8/avr8-gnu-toolchain/bin/../lib/gcc/avr/5.4.0/../../../../avr/lib/avr5\libc.a(abort.o)
 .text.avr-libc
                0x00000000        0xa c:/program files (x86)/atmel/studio/7.0/toolchain/avr8/avr8-gnu-toolchain/bin/../lib/gcc/avr/5.4.0/../../../../avr/lib/avr5\libc.a(abort.o)

Memory Configuration

Name             Origin             Length             Attributes
text             0x00000000         0x00020000         xr
data             0x00800060         0x0000ffa0         rw !x
eeprom           0x00810000         0x00010000         rw !x
fuse             0x00820000         0x00000003         rw !x
lock             0x00830000         0x00000400         rw !x
signature        0x00840000         0x00000400         rw !x
user_signatures  0x00850000         0x00000400         rw !x
*default*        0x00000000         0xffffffff

Linker script and memory map

Address of section .data set to 0x800100
LOAD C:/Program Files (x86)/Atmel/Studio/7.0/Packs/atmel/ATmega_DFP/1.2.150/gcc/dev/atmega328p/avr5/crtatmega328p.o
LOAD Sketch.o
START GROUP
LOAD c:/program files (x86)/atmel/studio/7.0/toolchain/avr8/avr8-gnu-toolchain/bin/../lib/gcc/avr/5.4.0/../../../../avr/lib/avr5\libm.a
LOAD E:\mes documents\GitHub\Projet-Kart\Kart - Atmel\kart\kart\ArduinoCore\Debug\libArduinoCore.a
END GROUP
LOAD c:/program files (x86)/atmel/studio/7.0/toolchain/avr8/avr8-gnu-toolchain/bin/../lib/gcc/avr/5.4.0/avr5\libgcc.a
LOAD c:/program files (x86)/atmel/studio/7.0/toolchain/avr8/avr8-gnu-toolchain/bin/../lib/gcc/avr/5.4.0/../../../../avr/lib/avr5\libm.a
START GROUP
LOAD c:/program files (x86)/atmel/studio/7.0/toolchain/avr8/avr8-gnu-toolchain/bin/../lib/gcc/avr/5.4.0/avr5\libgcc.a
LOAD c:/program files (x86)/atmel/studio/7.0/toolchain/avr8/avr8-gnu-toolchain/bin/../lib/gcc/avr/5.4.0/../../../../avr/lib/avr5\libm.a
LOAD c:/program files (x86)/atmel/studio/7.0/toolchain/avr8/avr8-gnu-toolchain/bin/../lib/gcc/avr/5.4.0/../../../../avr/lib/avr5\libc.a
LOAD C:/Program Files (x86)/Atmel/Studio/7.0/Packs/atmel/ATmega_DFP/1.2.150/gcc/dev/atmega328p/avr5\libatmega328p.a
END GROUP
                0x00020000                __TEXT_REGION_LENGTH__ = DEFINED (__TEXT_REGION_LENGTH__)?__TEXT_REGION_LENGTH__:0x20000
                0x0000ffa0                __DATA_REGION_LENGTH__ = DEFINED (__DATA_REGION_LENGTH__)?__DATA_REGION_LENGTH__:0xffa0
                0x00010000                __EEPROM_REGION_LENGTH__ = DEFINED (__EEPROM_REGION_LENGTH__)?__EEPROM_REGION_LENGTH__:0x10000
                [0x00000003]                __FUSE_REGION_LENGTH__ = DEFINED (__FUSE_REGION_LENGTH__)?__FUSE_REGION_LENGTH__:0x400
                0x00000400                __LOCK_REGION_LENGTH__ = DEFINED (__LOCK_REGION_LENGTH__)?__LOCK_REGION_LENGTH__:0x400
                0x00000400                __SIGNATURE_REGION_LENGTH__ = DEFINED (__SIGNATURE_REGION_LENGTH__)?__SIGNATURE_REGION_LENGTH__:0x400
                0x00000400                __USER_SIGNATURE_REGION_LENGTH__ = DEFINED (__USER_SIGNATURE_REGION_LENGTH__)?__USER_SIGNATURE_REGION_LENGTH__:0x400

.hash
 *(.hash)

.dynsym
 *(.dynsym)

.dynstr
 *(.dynstr)

.gnu.version
 *(.gnu.version)

.gnu.version_d
 *(.gnu.version_d)

.gnu.version_r
 *(.gnu.version_r)

.rel.init
 *(.rel.init)

.rela.init
 *(.rela.init)

.rel.text
 *(.rel.text)
 *(.rel.text.*)
 *(.rel.gnu.linkonce.t*)

.rela.text
 *(.rela.text)
 *(.rela.text.*)
 *(.rela.gnu.linkonce.t*)

.rel.fini
 *(.rel.fini)

.rela.fini
 *(.rela.fini)

.rel.rodata
 *(.rel.rodata)
 *(.rel.rodata.*)
 *(.rel.gnu.linkonce.r*)

.rela.rodata
 *(.rela.rodata)
 *(.rela.rodata.*)
 *(.rela.gnu.linkonce.r*)

.rel.data
 *(.rel.data)
 *(.rel.data.*)
 *(.rel.gnu.linkonce.d*)

.rela.data
 *(.rela.data)
 *(.rela.data.*)
 *(.rela.gnu.linkonce.d*)

.rel.ctors
 *(.rel.ctors)

.rela.ctors
 *(.rela.ctors)

.rel.dtors
 *(.rel.dtors)

.rela.dtors
 *(.rela.dtors)

.rel.got
 *(.rel.got)

.rela.got
 *(.rela.got)

.rel.bss
 *(.rel.bss)

.rela.bss
 *(.rela.bss)

.rel.plt
 *(.rel.plt)

.rela.plt
 *(.rela.plt)

.text           0x00000000     0x1be4
 *(.vectors)
 .vectors       0x00000000       0x68 C:/Program Files (x86)/Atmel/Studio/7.0/Packs/atmel/ATmega_DFP/1.2.150/gcc/dev/atmega328p/avr5/crtatmega328p.o
                0x00000000                __vector_default
                0x00000000                __vectors
 *(.vectors)
 *(.progmem.gcc*)
                0x00000068                . = ALIGN (0x2)
                0x00000068                __trampolines_start = .
 *(.trampolines)
 .trampolines   0x00000068        0x0 linker stubs
 *(.trampolines*)
                0x00000068                __trampolines_end = .
 *libprintf_flt.a:*(.progmem.data)
 *libc.a:*(.progmem.data)
 *(.progmem*)
 .progmem.data._ZL34digital_pin_to_port_bit_number_PGM
                0x00000068       0x14 Sketch.o
 .progmem.data.digital_pin_to_timer_PGM
                0x0000007c       0x14 E:\mes documents\GitHub\Projet-Kart\Kart - Atmel\kart\kart\ArduinoCore\Debug\libArduinoCore.a(wiring_digital.o)
                0x0000007c                digital_pin_to_timer_PGM
 .progmem.data.digital_pin_to_bit_mask_PGM
                0x00000090       0x14 E:\mes documents\GitHub\Projet-Kart\Kart - Atmel\kart\kart\ArduinoCore\Debug\libArduinoCore.a(wiring_digital.o)
                0x00000090                digital_pin_to_bit_mask_PGM
 .progmem.data.digital_pin_to_port_PGM
                0x000000a4       0x14 E:\mes documents\GitHub\Projet-Kart\Kart - Atmel\kart\kart\ArduinoCore\Debug\libArduinoCore.a(wiring_digital.o)
                0x000000a4                digital_pin_to_port_PGM
 .progmem.data.port_to_input_PGM
                0x000000b8        0xa E:\mes documents\GitHub\Projet-Kart\Kart - Atmel\kart\kart\ArduinoCore\Debug\libArduinoCore.a(wiring_digital.o)
                0x000000b8                port_to_input_PGM
 .progmem.data.port_to_output_PGM
                0x000000c2        0xa E:\mes documents\GitHub\Projet-Kart\Kart - Atmel\kart\kart\ArduinoCore\Debug\libArduinoCore.a(wiring_digital.o)
                0x000000c2                port_to_output_PGM
 .progmem.data.port_to_mode_PGM
                0x000000cc        0xa E:\mes documents\GitHub\Projet-Kart\Kart - Atmel\kart\kart\ArduinoCore\Debug\libArduinoCore.a(wiring_digital.o)
                0x000000cc                port_to_mode_PGM
                0x000000d6                . = ALIGN (0x2)
 *(.jumptables)
 *(.jumptables*)
 *(.lowtext)
 *(.lowtext*)
                0x000000d6                __ctors_start = .
 *(.ctors)
 .ctors         0x000000d6        0x2 E:\mes documents\GitHub\Projet-Kart\Kart - Atmel\kart\kart\ArduinoCore\Debug\libArduinoCore.a(HardwareSerial0.o)
                0x000000d8                __ctors_end = .
                0x000000d8                __dtors_start = .
 *(.dtors)
                0x000000d8                __dtors_end = .
 SORT(*)(.ctors)
 SORT(*)(.dtors)
 *(.init0)
 .init0         0x000000d8        0x0 C:/Program Files (x86)/Atmel/Studio/7.0/Packs/atmel/ATmega_DFP/1.2.150/gcc/dev/atmega328p/avr5/crtatmega328p.o
                0x000000d8                __init
 *(.init0)
 *(.init1)
 *(.init1)
 *(.init2)
 .init2         0x000000d8        0xc C:/Program Files (x86)/Atmel/Studio/7.0/Packs/atmel/ATmega_DFP/1.2.150/gcc/dev/atmega328p/avr5/crtatmega328p.o
 *(.init2)
 *(.init3)
 *(.init3)
 *(.init4)
 .init4         0x000000e4       0x16 c:/program files (x86)/atmel/studio/7.0/toolchain/avr8/avr8-gnu-toolchain/bin/../lib/gcc/avr/5.4.0/avr5\libgcc.a(_copy_data.o)
                0x000000e4                __do_copy_data
 .init4         0x000000fa       0x10 c:/program files (x86)/atmel/studio/7.0/toolchain/avr8/avr8-gnu-toolchain/bin/../lib/gcc/avr/5.4.0/avr5\libgcc.a(_clear_bss.o)
                0x000000fa                __do_clear_bss
 *(.init4)
 *(.init5)
 *(.init5)
 *(.init6)
 .init6         0x0000010a       0x16 c:/program files (x86)/atmel/studio/7.0/toolchain/avr8/avr8-gnu-toolchain/bin/../lib/gcc/avr/5.4.0/avr5\libgcc.a(_ctors.o)
                0x0000010a                __do_global_ctors
 *(.init6)
 *(.init7)
 *(.init7)
 *(.init8)
 *(.init8)
 *(.init9)
 .init9         0x00000120        0x8 C:/Program Files (x86)/Atmel/Studio/7.0/Packs/atmel/ATmega_DFP/1.2.150/gcc/dev/atmega328p/avr5/crtatmega328p.o
 *(.init9)
 *(.text)
 .text          0x00000128        0x4 C:/Program Files (x86)/Atmel/Studio/7.0/Packs/atmel/ATmega_DFP/1.2.150/gcc/dev/atmega328p/avr5/crtatmega328p.o
                0x00000128                __vector_22
                0x00000128                __vector_24
                0x00000128                __vector_12
                0x00000128                __bad_interrupt
                0x00000128                __vector_6
                0x00000128                __vector_23
                0x00000128                __vector_25
                0x00000128                __vector_11
                0x00000128                __vector_13
                0x00000128                __vector_17
                0x00000128                __vector_7
                0x00000128                __vector_9
                0x00000128                __vector_21
                0x00000128                __vector_15
                0x00000128                __vector_8
                0x00000128                __vector_14
                0x00000128                __vector_10
                0x00000128                __vector_20
                0x0000012c                . = ALIGN (0x2)
 *(.text.*)
 .text._Z11CAPTEUR_INTv
                0x0000012c        0xc Sketch.o
                0x0000012c                _Z11CAPTEUR_INTv
 .text._Z15enableInterrupthPFvvEh
                0x00000138      0x1a0 Sketch.o
                0x00000138                _Z15enableInterrupthPFvvEh
 .text.__vector_1
                0x000002d8       0x4e Sketch.o
                0x000002d8                __vector_1
 .text.__vector_2
                0x00000326       0x4e Sketch.o
                0x00000326                __vector_2
 .text.__vector_3
                0x00000374       0xc6 Sketch.o
                0x00000374                __vector_3
 .text.__vector_4
                0x0000043a       0xc6 Sketch.o
                0x0000043a                __vector_4
 .text.__vector_5
                0x00000500       0xe2 Sketch.o
                0x00000500                __vector_5
 .text.setup    0x000005e2       0x82 Sketch.o
                0x000005e2                setup
 .text._Z15Lecture_Vitessev
                0x00000664       0x46 Sketch.o
                0x00000664                _Z15Lecture_Vitessev
 .text._Z15TensionBatteriev
                0x000006aa      0x1fa Sketch.o
                0x000006aa                _Z15TensionBatteriev
 .text._Z4Demov
                0x000008a4       0x66 Sketch.o
                0x000008a4                _Z4Demov
 .text._Z12ConvertInfosv
                0x0000090a       0x74 Sketch.o
                0x0000090a                _Z12ConvertInfosv
 .text._Z12writeMAX6971v
                0x0000097e       0x4c Sketch.o
                0x0000097e                _Z12writeMAX6971v
 .text._Z17AfficheInfosSeriev
                0x000009ca      0x12e Sketch.o
                0x000009ca                _Z17AfficheInfosSeriev
 .text.loop     0x00000af8       0xc8 Sketch.o
                0x00000af8                loop
 .text.avr-libc.fplib
                0x00000bc0        0xe c:/program files (x86)/atmel/studio/7.0/toolchain/avr8/avr8-gnu-toolchain/bin/../lib/gcc/avr/5.4.0/../../../../avr/lib/avr5\libm.a(addsf3.o)
                0x00000bc0                __subsf3
                0x00000bc2                __addsf3
 .text.avr-libc.fplib
                0x00000bce       0xcc c:/program files (x86)/atmel/studio/7.0/toolchain/avr8/avr8-gnu-toolchain/bin/../lib/gcc/avr/5.4.0/../../../../avr/lib/avr5\libm.a(addsf3x.o)
                0x00000bf0                __addsf3x
 .text.avr-libc.fplib
                0x00000c9a        0xa c:/program files (x86)/atmel/studio/7.0/toolchain/avr8/avr8-gnu-toolchain/bin/../lib/gcc/avr/5.4.0/../../../../avr/lib/avr5\libm.a(cmpsf2.o)
                0x00000c9a                __nesf2
                0x00000c9a                __eqsf2
                0x00000c9a                __cmpsf2
                0x00000c9a                __ltsf2
                0x00000c9a                __lesf2
 .text.avr-libc.fplib
                0x00000ca4        0x8 c:/program files (x86)/atmel/studio/7.0/toolchain/avr8/avr8-gnu-toolchain/bin/../lib/gcc/avr/5.4.0/../../../../avr/lib/avr5\libm.a(divsf3.o)
                0x00000ca4                __divsf3
 .text.avr-libc.fplib
                0x00000cac       0xdc c:/program files (x86)/atmel/studio/7.0/toolchain/avr8/avr8-gnu-toolchain/bin/../lib/gcc/avr/5.4.0/../../../../avr/lib/avr5\libm.a(divsf3x.o)
                0x00000ccc                __divsf3x
                0x00000cd2                __divsf3_pse
 .text.avr-libc.fplib
                0x00000d88       0x5e c:/program files (x86)/atmel/studio/7.0/toolchain/avr8/avr8-gnu-toolchain/bin/../lib/gcc/avr/5.4.0/../../../../avr/lib/avr5\libm.a(fixunssfsi.o)
                0x00000d88                __fixunssfsi
 .text.avr-libc.fplib
                0x00000de6       0x7a c:/program files (x86)/atmel/studio/7.0/toolchain/avr8/avr8-gnu-toolchain/bin/../lib/gcc/avr/5.4.0/../../../../avr/lib/avr5\libm.a(floatsisf.o)
                0x00000de6                __floatunsisf
                0x00000dea                __floatsisf
 .text.avr-libc.fplib
                0x00000e60       0x48 c:/program files (x86)/atmel/studio/7.0/toolchain/avr8/avr8-gnu-toolchain/bin/../lib/gcc/avr/5.4.0/../../../../avr/lib/avr5\libm.a(fp_cmp.o)
                0x00000e60                __fp_cmp
 .text.avr-libc.fplib
                0x00000ea8        0xc c:/program files (x86)/atmel/studio/7.0/toolchain/avr8/avr8-gnu-toolchain/bin/../lib/gcc/avr/5.4.0/../../../../avr/lib/avr5\libm.a(fp_inf.o)
                0x00000ea8                __fp_inf
 .text.avr-libc.fplib
                0x00000eb4        0x6 c:/program files (x86)/atmel/studio/7.0/toolchain/avr8/avr8-gnu-toolchain/bin/../lib/gcc/avr/5.4.0/../../../../avr/lib/avr5\libm.a(fp_nan.o)
                0x00000eb4                __fp_nan
 .text.avr-libc.fplib
                0x00000eba        0xe c:/program files (x86)/atmel/studio/7.0/toolchain/avr8/avr8-gnu-toolchain/bin/../lib/gcc/avr/5.4.0/../../../../avr/lib/avr5\libm.a(fp_pscA.o)
                0x00000eba                __fp_pscA
 .text.avr-libc.fplib
                0x00000ec8        0xe c:/program files (x86)/atmel/studio/7.0/toolchain/avr8/avr8-gnu-toolchain/bin/../lib/gcc/avr/5.4.0/../../../../avr/lib/avr5\libm.a(fp_pscB.o)
                0x00000ec8                __fp_pscB
 .text.avr-libc.fplib
                0x00000ed6       0x22 c:/program files (x86)/atmel/studio/7.0/toolchain/avr8/avr8-gnu-toolchain/bin/../lib/gcc/avr/5.4.0/../../../../avr/lib/avr5\libm.a(fp_round.o)
                0x00000ed6                __fp_round
 .text.avr-libc.fplib
                0x00000ef8       0x44 c:/program files (x86)/atmel/studio/7.0/toolchain/avr8/avr8-gnu-toolchain/bin/../lib/gcc/avr/5.4.0/../../../../avr/lib/avr5\libm.a(fp_split3.o)
                0x00000ef8                __fp_split3
                0x00000f08                __fp_splitA
 .text.avr-libc.fplib
                0x00000f3c        0xe c:/program files (x86)/atmel/studio/7.0/toolchain/avr8/avr8-gnu-toolchain/bin/../lib/gcc/avr/5.4.0/../../../../avr/lib/avr5\libm.a(fp_zero.o)
                0x00000f3c                __fp_zero
                0x00000f3e                __fp_szero
 .text.avr-libc.fplib
                0x00000f4a        0xa c:/program files (x86)/atmel/studio/7.0/toolchain/avr8/avr8-gnu-toolchain/bin/../lib/gcc/avr/5.4.0/../../../../avr/lib/avr5\libm.a(gesf2.o)
                0x00000f4a                __gesf2
                0x00000f4a                __gtsf2
 .text.avr-libc.fplib
                0x00000f54        0x8 c:/program files (x86)/atmel/studio/7.0/toolchain/avr8/avr8-gnu-toolchain/bin/../lib/gcc/avr/5.4.0/../../../../avr/lib/avr5\libm.a(mulsf3.o)
                0x00000f54                __mulsf3
 .text.avr-libc.fplib
                0x00000f5c       0xd2 c:/program files (x86)/atmel/studio/7.0/toolchain/avr8/avr8-gnu-toolchain/bin/../lib/gcc/avr/5.4.0/../../../../avr/lib/avr5\libm.a(mulsf3x.o)
                0x00000f7a                __mulsf3x
                0x00000f80                __mulsf3_pse
 .text._ZN14HardwareSerial9availableEv
                0x0000102e       0x18 E:\mes documents\GitHub\Projet-Kart\Kart - Atmel\kart\kart\ArduinoCore\Debug\libArduinoCore.a(HardwareSerial.o)
                0x0000102e                _ZN14HardwareSerial9availableEv
 .text._ZN14HardwareSerial4peekEv
                0x00001046       0x1c E:\mes documents\GitHub\Projet-Kart\Kart - Atmel\kart\kart\ArduinoCore\Debug\libArduinoCore.a(HardwareSerial.o)
                0x00001046                _ZN14HardwareSerial4peekEv
 .text._ZN14HardwareSerial4readEv
                0x00001062       0x28 E:\mes documents\GitHub\Projet-Kart\Kart - Atmel\kart\kart\ArduinoCore\Debug\libArduinoCore.a(HardwareSerial.o)
                0x00001062                _ZN14HardwareSerial4readEv
 .text._ZN14HardwareSerial17availableForWriteEv
                0x0000108a       0x1e E:\mes documents\GitHub\Projet-Kart\Kart - Atmel\kart\kart\ArduinoCore\Debug\libArduinoCore.a(HardwareSerial.o)
                0x0000108a                _ZN14HardwareSerial17availableForWriteEv
 .text._Z14serialEventRunv
                0x000010a8       0x1c E:\mes documents\GitHub\Projet-Kart\Kart - Atmel\kart\kart\ArduinoCore\Debug\libArduinoCore.a(HardwareSerial.o)
                0x000010a8                _Z14serialEventRunv
 .text._ZN14HardwareSerial17_tx_udr_empty_irqEv
                0x000010c4       0x42 E:\mes documents\GitHub\Projet-Kart\Kart - Atmel\kart\kart\ArduinoCore\Debug\libArduinoCore.a(HardwareSerial.o)
                0x000010c4                _ZN14HardwareSerial17_tx_udr_empty_irqEv
 .text._ZN14HardwareSerial5writeEh
                0x00001106       0x8e E:\mes documents\GitHub\Projet-Kart\Kart - Atmel\kart\kart\ArduinoCore\Debug\libArduinoCore.a(HardwareSerial.o)
                0x00001106                _ZN14HardwareSerial5writeEh
 .text._ZN14HardwareSerial5flushEv
                0x00001194       0x44 E:\mes documents\GitHub\Projet-Kart\Kart - Atmel\kart\kart\ArduinoCore\Debug\libArduinoCore.a(HardwareSerial.o)
                0x00001194                _ZN14HardwareSerial5flushEv
 .text._ZN14HardwareSerial5beginEmh
                0x000011d8       0xca E:\mes documents\GitHub\Projet-Kart\Kart - Atmel\kart\kart\ArduinoCore\Debug\libArduinoCore.a(HardwareSerial.o)
                0x000011d8                _ZN14HardwareSerial5beginEmh
 .text.__vector_18
                0x000012a2       0x64 E:\mes documents\GitHub\Projet-Kart\Kart - Atmel\kart\kart\ArduinoCore\Debug\libArduinoCore.a(HardwareSerial0.o)
                0x000012a2                __vector_18
 .text.__vector_19
                0x00001306       0x4c E:\mes documents\GitHub\Projet-Kart\Kart - Atmel\kart\kart\ArduinoCore\Debug\libArduinoCore.a(HardwareSerial0.o)
                0x00001306                __vector_19
 .text._Z17Serial0_availablev
                0x00001352       0x14 E:\mes documents\GitHub\Projet-Kart\Kart - Atmel\kart\kart\ArduinoCore\Debug\libArduinoCore.a(HardwareSerial0.o)
                0x00001352                _Z17Serial0_availablev
 .text.startup._GLOBAL__sub_I___vector_18
                0x00001366       0x5a E:\mes documents\GitHub\Projet-Kart\Kart - Atmel\kart\kart\ArduinoCore\Debug\libArduinoCore.a(HardwareSerial0.o)
 .text.initVariant
                0x000013c0        0x2 E:\mes documents\GitHub\Projet-Kart\Kart - Atmel\kart\kart\ArduinoCore\Debug\libArduinoCore.a(main.o)
                0x000013c0                initVariant
 .text.startup.main
                0x000013c2       0x1e E:\mes documents\GitHub\Projet-Kart\Kart - Atmel\kart\kart\ArduinoCore\Debug\libArduinoCore.a(main.o)
                0x000013c2                main
 .text._ZN5Print5writeEPKhj
                0x000013e0       0x54 E:\mes documents\GitHub\Projet-Kart\Kart - Atmel\kart\kart\ArduinoCore\Debug\libArduinoCore.a(Print.o)
                0x000013e0                _ZN5Print5writeEPKhj
 .text._ZN5Print5writeEPKc
                0x00001434       0x2a E:\mes documents\GitHub\Projet-Kart\Kart - Atmel\kart\kart\ArduinoCore\Debug\libArduinoCore.a(Print.o)
                0x00001434                _ZN5Print5writeEPKc
 .text._ZN5Print5printEPKc
                0x0000145e        0x4 E:\mes documents\GitHub\Projet-Kart\Kart - Atmel\kart\kart\ArduinoCore\Debug\libArduinoCore.a(Print.o)
                0x0000145e                _ZN5Print5printEPKc
 .text._ZN5Print5printEc
                0x00001462        0xe E:\mes documents\GitHub\Projet-Kart\Kart - Atmel\kart\kart\ArduinoCore\Debug\libArduinoCore.a(Print.o)
                0x00001462                _ZN5Print5printEc
 .text._ZN5Print7printlnEv
                0x00001470        0x8 E:\mes documents\GitHub\Projet-Kart\Kart - Atmel\kart\kart\ArduinoCore\Debug\libArduinoCore.a(Print.o)
                0x00001470                _ZN5Print7printlnEv
 .text._ZN5Print7printlnEPKc
                0x00001478       0x24 E:\mes documents\GitHub\Projet-Kart\Kart - Atmel\kart\kart\ArduinoCore\Debug\libArduinoCore.a(Print.o)
                0x00001478                _ZN5Print7printlnEPKc
 .text._ZN5Print11printNumberEmh
                0x0000149c       0x92 E:\mes documents\GitHub\Projet-Kart\Kart - Atmel\kart\kart\ArduinoCore\Debug\libArduinoCore.a(Print.o)
                0x0000149c                _ZN5Print11printNumberEmh
 .text._ZN5Print5printEmi
                0x0000152e       0x1a E:\mes documents\GitHub\Projet-Kart\Kart - Atmel\kart\kart\ArduinoCore\Debug\libArduinoCore.a(Print.o)
                0x0000152e                _ZN5Print5printEmi
 .text._ZN5Print5printEhi
                0x00001548        0xe E:\mes documents\GitHub\Projet-Kart\Kart - Atmel\kart\kart\ArduinoCore\Debug\libArduinoCore.a(Print.o)
                0x00001548                _ZN5Print5printEhi
 .text._ZN5Print5printEji
                0x00001556        0xc E:\mes documents\GitHub\Projet-Kart\Kart - Atmel\kart\kart\ArduinoCore\Debug\libArduinoCore.a(Print.o)
                0x00001556                _ZN5Print5printEji
 .text._ZN5Print5printEli
                0x00001562       0x90 E:\mes documents\GitHub\Projet-Kart\Kart - Atmel\kart\kart\ArduinoCore\Debug\libArduinoCore.a(Print.o)
                0x00001562                _ZN5Print5printEli
 .text._ZN5Print5printEii
                0x000015f2        0xe E:\mes documents\GitHub\Projet-Kart\Kart - Atmel\kart\kart\ArduinoCore\Debug\libArduinoCore.a(Print.o)
                0x000015f2                _ZN5Print5printEii
 .text._ZN5Print10printFloatEdh
                0x00001600      0x1b6 E:\mes documents\GitHub\Projet-Kart\Kart - Atmel\kart\kart\ArduinoCore\Debug\libArduinoCore.a(Print.o)
                0x00001600                _ZN5Print10printFloatEdh
 .text._ZN5Print5printEdi
                0x000017b6        0x4 E:\mes documents\GitHub\Projet-Kart\Kart - Atmel\kart\kart\ArduinoCore\Debug\libArduinoCore.a(Print.o)
                0x000017b6                _ZN5Print5printEdi
 .text.__vector_16
                0x000017ba       0x94 E:\mes documents\GitHub\Projet-Kart\Kart - Atmel\kart\kart\ArduinoCore\Debug\libArduinoCore.a(wiring.o)
                0x000017ba                __vector_16
 .text.millis   0x0000184e       0x18 E:\mes documents\GitHub\Projet-Kart\Kart - Atmel\kart\kart\ArduinoCore\Debug\libArduinoCore.a(wiring.o)
                0x0000184e                millis
 .text.init     0x00001866       0x76 E:\mes documents\GitHub\Projet-Kart\Kart - Atmel\kart\kart\ArduinoCore\Debug\libArduinoCore.a(wiring.o)
                0x00001866                init
 .text.analogRead
                0x000018dc       0x3a E:\mes documents\GitHub\Projet-Kart\Kart - Atmel\kart\kart\ArduinoCore\Debug\libArduinoCore.a(wiring_analog.o)
                0x000018dc                analogRead
 .text.analogWrite
                0x00001916       0xbe E:\mes documents\GitHub\Projet-Kart\Kart - Atmel\kart\kart\ArduinoCore\Debug\libArduinoCore.a(wiring_analog.o)
                0x00001916                analogWrite
 .text.turnOffPWM
                0x000019d4       0x52 E:\mes documents\GitHub\Projet-Kart\Kart - Atmel\kart\kart\ArduinoCore\Debug\libArduinoCore.a(wiring_digital.o)
 .text.pinMode  0x00001a26       0x78 E:\mes documents\GitHub\Projet-Kart\Kart - Atmel\kart\kart\ArduinoCore\Debug\libArduinoCore.a(wiring_digital.o)
                0x00001a26                pinMode
 .text.digitalWrite
                0x00001a9e       0x5e E:\mes documents\GitHub\Projet-Kart\Kart - Atmel\kart\kart\ArduinoCore\Debug\libArduinoCore.a(wiring_digital.o)
                0x00001a9e                digitalWrite
 .text.shiftOut
                0x00001afc       0x72 E:\mes documents\GitHub\Projet-Kart\Kart - Atmel\kart\kart\ArduinoCore\Debug\libArduinoCore.a(wiring_shift.o)
                0x00001afc                shiftOut
 .text.avr-libc.fplib
                0x00001b6e        0xa c:/program files (x86)/atmel/studio/7.0/toolchain/avr8/avr8-gnu-toolchain/bin/../lib/gcc/avr/5.4.0/../../../../avr/lib/avr5\libm.a(unordsf2.o)
                0x00001b6e                __unordsf2
 .text.libgcc.div
                0x00001b78       0x18 c:/program files (x86)/atmel/studio/7.0/toolchain/avr8/avr8-gnu-toolchain/bin/../lib/gcc/avr/5.4.0/avr5\libgcc.a(_udivmodqi4.o)
                0x00001b78                __udivmodqi4
 .text.libgcc.div
                0x00001b90       0x44 c:/program files (x86)/atmel/studio/7.0/toolchain/avr8/avr8-gnu-toolchain/bin/../lib/gcc/avr/5.4.0/avr5\libgcc.a(_udivmodsi4.o)
                0x00001b90                __udivmodsi4
 .text.libgcc   0x00001bd4        0xc c:/program files (x86)/atmel/studio/7.0/toolchain/avr8/avr8-gnu-toolchain/bin/../lib/gcc/avr/5.4.0/avr5\libgcc.a(_tablejump2.o)
                0x00001bd4                __tablejump2__
                0x00001be0                . = ALIGN (0x2)
 *(.fini9)
 .fini9         0x00001be0        0x0 c:/program files (x86)/atmel/studio/7.0/toolchain/avr8/avr8-gnu-toolchain/bin/../lib/gcc/avr/5.4.0/avr5\libgcc.a(_exit.o)
                0x00001be0                _exit
                0x00001be0                exit
 *(.fini9)
 *(.fini8)
 *(.fini8)
 *(.fini7)
 *(.fini7)
 *(.fini6)
 *(.fini6)
 *(.fini5)
 *(.fini5)
 *(.fini4)
 *(.fini4)
 *(.fini3)
 *(.fini3)
 *(.fini2)
 *(.fini2)
 *(.fini1)
 *(.fini1)
 *(.fini0)
 .fini0         0x00001be0        0x4 c:/program files (x86)/atmel/studio/7.0/toolchain/avr8/avr8-gnu-toolchain/bin/../lib/gcc/avr/5.4.0/avr5\libgcc.a(_exit.o)
 *(.fini0)
                0x00001be4                _etext = .

.data           0x00800100      0x156 load address 0x00001be4
                0x00800100                PROVIDE (__data_start, .)
 *(.data)
 *(.data*)
 .data.analog_reference
                0x00800100        0x1 E:\mes documents\GitHub\Projet-Kart\Kart - Atmel\kart\kart\ArduinoCore\Debug\libArduinoCore.a(wiring_analog.o)
                0x00800100                analog_reference
 *(.gnu.linkonce.d*)
 *(.rodata)
 *(.rodata*)
 .rodata.str1.1
                0x00800101      0x10e Sketch.o
                                0x110 (size before relaxing)
 .rodata._ZL8BARGRAPH
                0x0080020f       0x16 Sketch.o
 .rodata._ZL20AFFICHEUR_7_SEGMENTS
                0x00800225       0x10 Sketch.o
 .rodata._ZTV14HardwareSerial
                0x00800235       0x12 E:\mes documents\GitHub\Projet-Kart\Kart - Atmel\kart\kart\ArduinoCore\Debug\libArduinoCore.a(HardwareSerial.o)
                0x00800235                _ZTV14HardwareSerial
 .rodata.str1.1
                0x00800247        0xf E:\mes documents\GitHub\Projet-Kart\Kart - Atmel\kart\kart\ArduinoCore\Debug\libArduinoCore.a(Print.o)
 *(.gnu.linkonce.r*)
                0x00800256                . = ALIGN (0x2)
                0x00800256                _edata = .
                0x00800256                PROVIDE (__data_end, .)

.bss            0x00800256      0x122
                0x00800256                PROVIDE (__bss_start, .)
 *(.bss)
 *(.bss*)
 .bss.Affichage
                0x00800256        0x4 Sketch.o
                0x00800256                Affichage
 .bss.PourcentageMini
                0x0080025a        0x1 Sketch.o
                0x0080025a                PourcentageMini
 .bss.Batterie  0x0080025b       0x30 Sketch.o
                0x0080025b                Batterie
 .bss.Vitesse   0x0080028b        0x4 Sketch.o
                0x0080028b                Vitesse
 .bss.Count1    0x0080028f        0x4 Sketch.o
                0x0080028f                Count1
 .bss.Count0    0x00800293        0x4 Sketch.o
                0x00800293                Count0
 .bss.TempsEcoule
                0x00800297        0x4 Sketch.o
                0x00800297                TempsEcoule
 .bss._ZL13portSnapshotD
                0x0080029b        0x1 Sketch.o
 .bss.fallingPinsPORTD
                0x0080029c        0x1 Sketch.o
                0x0080029c                fallingPinsPORTD
 .bss.risingPinsPORTD
                0x0080029d        0x1 Sketch.o
                0x0080029d                risingPinsPORTD
 .bss._ZL13portSnapshotC
                0x0080029e        0x1 Sketch.o
 .bss.fallingPinsPORTC
                0x0080029f        0x1 Sketch.o
                0x0080029f                fallingPinsPORTC
 .bss.risingPinsPORTC
                0x008002a0        0x1 Sketch.o
                0x008002a0                risingPinsPORTC
 .bss._ZL13portSnapshotB
                0x008002a1        0x1 Sketch.o
 .bss.fallingPinsPORTB
                0x008002a2        0x1 Sketch.o
                0x008002a2                fallingPinsPORTB
 .bss.risingPinsPORTB
                0x008002a3        0x1 Sketch.o
                0x008002a3                risingPinsPORTB
 .bss.portDFunctions
                0x008002a4       0x10 Sketch.o
                0x008002a4                portDFunctions
 .bss.portCFunctions
                0x008002b4        0xc Sketch.o
                0x008002b4                portCFunctions
 .bss.portBFunctions
                0x008002c0        0xc Sketch.o
                0x008002c0                portBFunctions
 .bss.functionPointerArrayEXTERNAL
                0x008002cc        0x4 Sketch.o
                0x008002cc                functionPointerArrayEXTERNAL
 .bss.pcmsk     0x008002d0        0x2 Sketch.o
                0x008002d0                pcmsk
 .bss.Serial    0x008002d2       0x9d E:\mes documents\GitHub\Projet-Kart\Kart - Atmel\kart\kart\ArduinoCore\Debug\libArduinoCore.a(HardwareSerial0.o)
                0x008002d2                Serial
 .bss.timer0_fract
                0x0080036f        0x1 E:\mes documents\GitHub\Projet-Kart\Kart - Atmel\kart\kart\ArduinoCore\Debug\libArduinoCore.a(wiring.o)
 .bss.timer0_millis
                0x00800370        0x4 E:\mes documents\GitHub\Projet-Kart\Kart - Atmel\kart\kart\ArduinoCore\Debug\libArduinoCore.a(wiring.o)
                0x00800370                timer0_millis
 .bss.timer0_overflow_count
                0x00800374        0x4 E:\mes documents\GitHub\Projet-Kart\Kart - Atmel\kart\kart\ArduinoCore\Debug\libArduinoCore.a(wiring.o)
                0x00800374                timer0_overflow_count
 *(COMMON)
                0x00800378                PROVIDE (__bss_end, .)
                0x00001be4                __data_load_start = LOADADDR (.data)
                0x00001d3a                __data_load_end = (__data_load_start + SIZEOF (.data))

.noinit         0x00800378        0x0
                [!provide]                PROVIDE (__noinit_start, .)
 *(.noinit*)
                [!provide]                PROVIDE (__noinit_end, .)
                0x00800378                _end = .
                [!provide]                PROVIDE (__heap_start, .)

.eeprom         0x00810000        0x0
 *(.eeprom*)
                0x00810000                __eeprom_end = .

.fuse
 *(.fuse)
 *(.lfuse)
 *(.hfuse)
 *(.efuse)

.lock
 *(.lock*)

.signature
 *(.signature*)

.user_signatures
 *(.user_signatures*)

.stab
 *(.stab)

.stabstr
 *(.stabstr)

.stab.excl
 *(.stab.excl)

.stab.exclstr
 *(.stab.exclstr)

.stab.index
 *(.stab.index)

.stab.indexstr
 *(.stab.indexstr)

.comment        0x00000000       0x30
 *(.comment)
 .comment       0x00000000       0x30 Sketch.o
                                 0x31 (size before relaxing)
 .comment       0x00000030       0x31 E:\mes documents\GitHub\Projet-Kart\Kart - Atmel\kart\kart\ArduinoCore\Debug\libArduinoCore.a(HardwareSerial.o)
 .comment       0x00000030       0x31 E:\mes documents\GitHub\Projet-Kart\Kart - Atmel\kart\kart\ArduinoCore\Debug\libArduinoCore.a(HardwareSerial0.o)
 .comment       0x00000030       0x31 E:\mes documents\GitHub\Projet-Kart\Kart - Atmel\kart\kart\ArduinoCore\Debug\libArduinoCore.a(main.o)
 .comment       0x00000030       0x31 E:\mes documents\GitHub\Projet-Kart\Kart - Atmel\kart\kart\ArduinoCore\Debug\libArduinoCore.a(Print.o)
 .comment       0x00000030       0x31 E:\mes documents\GitHub\Projet-Kart\Kart - Atmel\kart\kart\ArduinoCore\Debug\libArduinoCore.a(wiring.o)
 .comment       0x00000030       0x31 E:\mes documents\GitHub\Projet-Kart\Kart - Atmel\kart\kart\ArduinoCore\Debug\libArduinoCore.a(wiring_analog.o)
 .comment       0x00000030       0x31 E:\mes documents\GitHub\Projet-Kart\Kart - Atmel\kart\kart\ArduinoCore\Debug\libArduinoCore.a(wiring_digital.o)
 .comment       0x00000030       0x31 E:\mes documents\GitHub\Projet-Kart\Kart - Atmel\kart\kart\ArduinoCore\Debug\libArduinoCore.a(wiring_shift.o)

.note.gnu.avr.deviceinfo
                0x00000000       0x40
 .note.gnu.avr.deviceinfo
                0x00000000       0x40 C:/Program Files (x86)/Atmel/Studio/7.0/Packs/atmel/ATmega_DFP/1.2.150/gcc/dev/atmega328p/avr5/crtatmega328p.o

.note.gnu.build-id
 *(.note.gnu.build-id)

.debug
 *(.debug)

.line
 *(.line)

.debug_srcinfo
 *(.debug_srcinfo)

.debug_sfnames
 *(.debug_sfnames)

.debug_aranges  0x00000000      0x358
 *(.debug_aranges)
 .debug_aranges
                0x00000000       0xa0 Sketch.o
 .debug_aranges
                0x000000a0       0x68 E:\mes documents\GitHub\Projet-Kart\Kart - Atmel\kart\kart\ArduinoCore\Debug\libArduinoCore.a(HardwareSerial.o)
 .debug_aranges
                0x00000108       0x48 E:\mes documents\GitHub\Projet-Kart\Kart - Atmel\kart\kart\ArduinoCore\Debug\libArduinoCore.a(HardwareSerial0.o)
 .debug_aranges
                0x00000150       0x30 E:\mes documents\GitHub\Projet-Kart\Kart - Atmel\kart\kart\ArduinoCore\Debug\libArduinoCore.a(main.o)
 .debug_aranges
                0x00000180      0x100 E:\mes documents\GitHub\Projet-Kart\Kart - Atmel\kart\kart\ArduinoCore\Debug\libArduinoCore.a(Print.o)
 .debug_aranges
                0x00000280       0x48 E:\mes documents\GitHub\Projet-Kart\Kart - Atmel\kart\kart\ArduinoCore\Debug\libArduinoCore.a(wiring.o)
 .debug_aranges
                0x000002c8       0x30 E:\mes documents\GitHub\Projet-Kart\Kart - Atmel\kart\kart\ArduinoCore\Debug\libArduinoCore.a(wiring_analog.o)
 .debug_aranges
                0x000002f8       0x38 E:\mes documents\GitHub\Projet-Kart\Kart - Atmel\kart\kart\ArduinoCore\Debug\libArduinoCore.a(wiring_digital.o)
 .debug_aranges
                0x00000330       0x28 E:\mes documents\GitHub\Projet-Kart\Kart - Atmel\kart\kart\ArduinoCore\Debug\libArduinoCore.a(wiring_shift.o)

.debug_pubnames
 *(.debug_pubnames)

.debug_info     0x00000000     0x8b12
 *(.debug_info .gnu.linkonce.wi.*)
 .debug_info    0x00000000      0x5f4 C:/Program Files (x86)/Atmel/Studio/7.0/Packs/atmel/ATmega_DFP/1.2.150/gcc/dev/atmega328p/avr5/crtatmega328p.o
 .debug_info    0x000005f4     0x1280 Sketch.o
 .debug_info    0x00001874     0x1e89 E:\mes documents\GitHub\Projet-Kart\Kart - Atmel\kart\kart\ArduinoCore\Debug\libArduinoCore.a(HardwareSerial.o)
 .debug_info    0x000036fd     0x1b16 E:\mes documents\GitHub\Projet-Kart\Kart - Atmel\kart\kart\ArduinoCore\Debug\libArduinoCore.a(HardwareSerial0.o)
 .debug_info    0x00005213      0x237 E:\mes documents\GitHub\Projet-Kart\Kart - Atmel\kart\kart\ArduinoCore\Debug\libArduinoCore.a(main.o)
 .debug_info    0x0000544a     0x28ff E:\mes documents\GitHub\Projet-Kart\Kart - Atmel\kart\kart\ArduinoCore\Debug\libArduinoCore.a(Print.o)
 .debug_info    0x00007d49      0x2cb E:\mes documents\GitHub\Projet-Kart\Kart - Atmel\kart\kart\ArduinoCore\Debug\libArduinoCore.a(wiring.o)
 .debug_info    0x00008014      0x26d E:\mes documents\GitHub\Projet-Kart\Kart - Atmel\kart\kart\ArduinoCore\Debug\libArduinoCore.a(wiring_analog.o)
 .debug_info    0x00008281      0x5fe E:\mes documents\GitHub\Projet-Kart\Kart - Atmel\kart\kart\ArduinoCore\Debug\libArduinoCore.a(wiring_digital.o)
 .debug_info    0x0000887f      0x293 E:\mes documents\GitHub\Projet-Kart\Kart - Atmel\kart\kart\ArduinoCore\Debug\libArduinoCore.a(wiring_shift.o)

.debug_abbrev   0x00000000     0x1c6e
 *(.debug_abbrev)
 .debug_abbrev  0x00000000      0x5a2 C:/Program Files (x86)/Atmel/Studio/7.0/Packs/atmel/ATmega_DFP/1.2.150/gcc/dev/atmega328p/avr5/crtatmega328p.o
 .debug_abbrev  0x000005a2      0x408 Sketch.o
 .debug_abbrev  0x000009aa      0x432 E:\mes documents\GitHub\Projet-Kart\Kart - Atmel\kart\kart\ArduinoCore\Debug\libArduinoCore.a(HardwareSerial.o)
 .debug_abbrev  0x00000ddc      0x3ce E:\mes documents\GitHub\Projet-Kart\Kart - Atmel\kart\kart\ArduinoCore\Debug\libArduinoCore.a(HardwareSerial0.o)
 .debug_abbrev  0x000011aa      0x12d E:\mes documents\GitHub\Projet-Kart\Kart - Atmel\kart\kart\ArduinoCore\Debug\libArduinoCore.a(main.o)
 .debug_abbrev  0x000012d7      0x47a E:\mes documents\GitHub\Projet-Kart\Kart - Atmel\kart\kart\ArduinoCore\Debug\libArduinoCore.a(Print.o)
 .debug_abbrev  0x00001751      0x146 E:\mes documents\GitHub\Projet-Kart\Kart - Atmel\kart\kart\ArduinoCore\Debug\libArduinoCore.a(wiring.o)
 .debug_abbrev  0x00001897      0x16b E:\mes documents\GitHub\Projet-Kart\Kart - Atmel\kart\kart\ArduinoCore\Debug\libArduinoCore.a(wiring_analog.o)
 .debug_abbrev  0x00001a02      0x15b E:\mes documents\GitHub\Projet-Kart\Kart - Atmel\kart\kart\ArduinoCore\Debug\libArduinoCore.a(wiring_digital.o)
 .debug_abbrev  0x00001b5d      0x111 E:\mes documents\GitHub\Projet-Kart\Kart - Atmel\kart\kart\ArduinoCore\Debug\libArduinoCore.a(wiring_shift.o)

.debug_line     0x00000000     0x229d
 *(.debug_line .debug_line.* .debug_line_end)
 .debug_line    0x00000000      0x133 C:/Program Files (x86)/Atmel/Studio/7.0/Packs/atmel/ATmega_DFP/1.2.150/gcc/dev/atmega328p/avr5/crtatmega328p.o
 .debug_line    0x00000133      0xa61 Sketch.o
 .debug_line    0x00000b94      0x426 E:\mes documents\GitHub\Projet-Kart\Kart - Atmel\kart\kart\ArduinoCore\Debug\libArduinoCore.a(HardwareSerial.o)
 .debug_line    0x00000fba      0x28c E:\mes documents\GitHub\Projet-Kart\Kart - Atmel\kart\kart\ArduinoCore\Debug\libArduinoCore.a(HardwareSerial0.o)
 .debug_line    0x00001246      0x165 E:\mes documents\GitHub\Projet-Kart\Kart - Atmel\kart\kart\ArduinoCore\Debug\libArduinoCore.a(main.o)
 .debug_line    0x000013ab      0x686 E:\mes documents\GitHub\Projet-Kart\Kart - Atmel\kart\kart\ArduinoCore\Debug\libArduinoCore.a(Print.o)
 .debug_line    0x00001a31      0x299 E:\mes documents\GitHub\Projet-Kart\Kart - Atmel\kart\kart\ArduinoCore\Debug\libArduinoCore.a(wiring.o)
 .debug_line    0x00001cca      0x20f E:\mes documents\GitHub\Projet-Kart\Kart - Atmel\kart\kart\ArduinoCore\Debug\libArduinoCore.a(wiring_analog.o)
 .debug_line    0x00001ed9      0x252 E:\mes documents\GitHub\Projet-Kart\Kart - Atmel\kart\kart\ArduinoCore\Debug\libArduinoCore.a(wiring_digital.o)
 .debug_line    0x0000212b      0x172 E:\mes documents\GitHub\Projet-Kart\Kart - Atmel\kart\kart\ArduinoCore\Debug\libArduinoCore.a(wiring_shift.o)

.debug_frame    0x00000000      0xb34
 *(.debug_frame)
 .debug_frame   0x00000000      0x324 Sketch.o
 .debug_frame   0x00000324      0x110 E:\mes documents\GitHub\Projet-Kart\Kart - Atmel\kart\kart\ArduinoCore\Debug\libArduinoCore.a(HardwareSerial.o)
 .debug_frame   0x00000434       0xe0 E:\mes documents\GitHub\Projet-Kart\Kart - Atmel\kart\kart\ArduinoCore\Debug\libArduinoCore.a(HardwareSerial0.o)
 .debug_frame   0x00000514       0x54 E:\mes documents\GitHub\Projet-Kart\Kart - Atmel\kart\kart\ArduinoCore\Debug\libArduinoCore.a(main.o)
 .debug_frame   0x00000568      0x3ac E:\mes documents\GitHub\Projet-Kart\Kart - Atmel\kart\kart\ArduinoCore\Debug\libArduinoCore.a(Print.o)
 .debug_frame   0x00000914       0xc4 E:\mes documents\GitHub\Projet-Kart\Kart - Atmel\kart\kart\ArduinoCore\Debug\libArduinoCore.a(wiring.o)
 .debug_frame   0x000009d8       0x54 E:\mes documents\GitHub\Projet-Kart\Kart - Atmel\kart\kart\ArduinoCore\Debug\libArduinoCore.a(wiring_analog.o)
 .debug_frame   0x00000a2c       0x7c E:\mes documents\GitHub\Projet-Kart\Kart - Atmel\kart\kart\ArduinoCore\Debug\libArduinoCore.a(wiring_digital.o)
 .debug_frame   0x00000aa8       0x8c E:\mes documents\GitHub\Projet-Kart\Kart - Atmel\kart\kart\ArduinoCore\Debug\libArduinoCore.a(wiring_shift.o)

.debug_str      0x00000000     0x247f
 *(.debug_str)
 .debug_str     0x00000000      0x208 C:/Program Files (x86)/Atmel/Studio/7.0/Packs/atmel/ATmega_DFP/1.2.150/gcc/dev/atmega328p/avr5/crtatmega328p.o
 .debug_str     0x00000208      0x8f4 Sketch.o
                                0x976 (size before relaxing)
 .debug_str     0x00000afc     0x12d7 E:\mes documents\GitHub\Projet-Kart\Kart - Atmel\kart\kart\ArduinoCore\Debug\libArduinoCore.a(HardwareSerial.o)
                               0x15e4 (size before relaxing)
 .debug_str     0x00001dd3       0xca E:\mes documents\GitHub\Projet-Kart\Kart - Atmel\kart\kart\ArduinoCore\Debug\libArduinoCore.a(HardwareSerial0.o)
                               0x1400 (size before relaxing)
 .debug_str     0x00001e9d       0x37 E:\mes documents\GitHub\Projet-Kart\Kart - Atmel\kart\kart\ArduinoCore\Debug\libArduinoCore.a(main.o)
                                0x2ac (size before relaxing)
 .debug_str     0x00001ed4      0x348 E:\mes documents\GitHub\Projet-Kart\Kart - Atmel\kart\kart\ArduinoCore\Debug\libArduinoCore.a(Print.o)
                               0x123a (size before relaxing)
 .debug_str     0x0000221c      0x162 E:\mes documents\GitHub\Projet-Kart\Kart - Atmel\kart\kart\ArduinoCore\Debug\libArduinoCore.a(wiring.o)
                                0x242 (size before relaxing)
 .debug_str     0x0000237e       0x5b E:\mes documents\GitHub\Projet-Kart\Kart - Atmel\kart\kart\ArduinoCore\Debug\libArduinoCore.a(wiring_analog.o)
                                0x246 (size before relaxing)
 .debug_str     0x000023d9       0x63 E:\mes documents\GitHub\Projet-Kart\Kart - Atmel\kart\kart\ArduinoCore\Debug\libArduinoCore.a(wiring_digital.o)
                                0x2a7 (size before relaxing)
 .debug_str     0x0000243c       0x43 E:\mes documents\GitHub\Projet-Kart\Kart - Atmel\kart\kart\ArduinoCore\Debug\libArduinoCore.a(wiring_shift.o)
                                0x204 (size before relaxing)

.debug_loc      0x00000000     0x3ce2
 *(.debug_loc)
 .debug_loc     0x00000000      0xdbb Sketch.o
 .debug_loc     0x00000dbb      0x482 E:\mes documents\GitHub\Projet-Kart\Kart - Atmel\kart\kart\ArduinoCore\Debug\libArduinoCore.a(HardwareSerial.o)
 .debug_loc     0x0000123d      0x1b0 E:\mes documents\GitHub\Projet-Kart\Kart - Atmel\kart\kart\ArduinoCore\Debug\libArduinoCore.a(HardwareSerial0.o)
 .debug_loc     0x000013ed     0x1c87 E:\mes documents\GitHub\Projet-Kart\Kart - Atmel\kart\kart\ArduinoCore\Debug\libArduinoCore.a(Print.o)
 .debug_loc     0x00003074      0x28d E:\mes documents\GitHub\Projet-Kart\Kart - Atmel\kart\kart\ArduinoCore\Debug\libArduinoCore.a(wiring.o)
 .debug_loc     0x00003301       0xfe E:\mes documents\GitHub\Projet-Kart\Kart - Atmel\kart\kart\ArduinoCore\Debug\libArduinoCore.a(wiring_analog.o)
 .debug_loc     0x000033ff      0x5fc E:\mes documents\GitHub\Projet-Kart\Kart - Atmel\kart\kart\ArduinoCore\Debug\libArduinoCore.a(wiring_digital.o)
 .debug_loc     0x000039fb      0x2e7 E:\mes documents\GitHub\Projet-Kart\Kart - Atmel\kart\kart\ArduinoCore\Debug\libArduinoCore.a(wiring_shift.o)

.debug_macinfo
 *(.debug_macinfo)

.debug_weaknames
 *(.debug_weaknames)

.debug_funcnames
 *(.debug_funcnames)

.debug_typenames
 *(.debug_typenames)

.debug_varnames
 *(.debug_varnames)

.debug_pubtypes
 *(.debug_pubtypes)

.debug_ranges   0x00000000      0x310
 *(.debug_ranges)
 .debug_ranges  0x00000000       0xa8 Sketch.o
 .debug_ranges  0x000000a8       0x58 E:\mes documents\GitHub\Projet-Kart\Kart - Atmel\kart\kart\ArduinoCore\Debug\libArduinoCore.a(HardwareSerial.o)
 .debug_ranges  0x00000100       0x38 E:\mes documents\GitHub\Projet-Kart\Kart - Atmel\kart\kart\ArduinoCore\Debug\libArduinoCore.a(HardwareSerial0.o)
 .debug_ranges  0x00000138       0x20 E:\mes documents\GitHub\Projet-Kart\Kart - Atmel\kart\kart\ArduinoCore\Debug\libArduinoCore.a(main.o)
 .debug_ranges  0x00000158      0x120 E:\mes documents\GitHub\Projet-Kart\Kart - Atmel\kart\kart\ArduinoCore\Debug\libArduinoCore.a(Print.o)
 .debug_ranges  0x00000278       0x38 E:\mes documents\GitHub\Projet-Kart\Kart - Atmel\kart\kart\ArduinoCore\Debug\libArduinoCore.a(wiring.o)
 .debug_ranges  0x000002b0       0x20 E:\mes documents\GitHub\Projet-Kart\Kart - Atmel\kart\kart\ArduinoCore\Debug\libArduinoCore.a(wiring_analog.o)
 .debug_ranges  0x000002d0       0x28 E:\mes documents\GitHub\Projet-Kart\Kart - Atmel\kart\kart\ArduinoCore\Debug\libArduinoCore.a(wiring_digital.o)
 .debug_ranges  0x000002f8       0x18 E:\mes documents\GitHub\Projet-Kart\Kart - Atmel\kart\kart\ArduinoCore\Debug\libArduinoCore.a(wiring_shift.o)

.debug_macro
 *(.debug_macro)
OUTPUT(Kart.elf elf32-avr)
LOAD linker stubs
